stm32f1xx_it.c:75:6:NMI_Handler	0	static
stm32f1xx_it.c:90:6:HardFault_Handler	0	static
stm32f1xx_it.c:105:6:MemManage_Handler	0	static
stm32f1xx_it.c:120:6:BusFault_Handler	0	static
stm32f1xx_it.c:135:6:UsageFault_Handler	0	static
stm32f1xx_it.c:150:6:SVC_Handler	0	static
stm32f1xx_it.c:163:6:DebugMon_Handler	0	static
stm32f1xx_it.c:176:6:PendSV_Handler	0	static
stm32f1xx_it.c:189:6:SysTick_Handler	0	static
stm32f1xx_it.c:210:6:DMA1_Channel2_IRQHandler	0	static
stm32f1xx_it.c:224:6:DMA1_Channel3_IRQHandler	0	static
stm32f1xx_it.c:238:6:DMA1_Channel6_IRQHandler	0	static
stm32f1xx_it.c:252:6:DMA1_Channel7_IRQHandler	0	static
stm32f1xx_it.c:266:6:USART2_IRQHandler	8	static
stm32f1xx_it.c:280:6:USART3_IRQHandler	0	static
