Archive member included to satisfy reference by file (symbol)

c:/st/stm32cubeide_1.6.0/stm32cubeide/plugins/com.st.stm32cube.ide.mcu.externaltools.gnu-tools-for-stm32.9-2020-q2-update.win32_1.5.0.202011040924/tools/bin/../lib/gcc/arm-none-eabi/9.3.1/../../../../arm-none-eabi/lib/thumb/v7-m/nofp\libc_nano.a(lib_a-exit.o)
                              c:/st/stm32cubeide_1.6.0/stm32cubeide/plugins/com.st.stm32cube.ide.mcu.externaltools.gnu-tools-for-stm32.9-2020-q2-update.win32_1.5.0.202011040924/tools/bin/../lib/gcc/arm-none-eabi/9.3.1/../../../../arm-none-eabi/lib/thumb/v7-m/nofp/crt0.o (exit)
c:/st/stm32cubeide_1.6.0/stm32cubeide/plugins/com.st.stm32cube.ide.mcu.externaltools.gnu-tools-for-stm32.9-2020-q2-update.win32_1.5.0.202011040924/tools/bin/../lib/gcc/arm-none-eabi/9.3.1/../../../../arm-none-eabi/lib/thumb/v7-m/nofp\libc_nano.a(lib_a-impure.o)
                              c:/st/stm32cubeide_1.6.0/stm32cubeide/plugins/com.st.stm32cube.ide.mcu.externaltools.gnu-tools-for-stm32.9-2020-q2-update.win32_1.5.0.202011040924/tools/bin/../lib/gcc/arm-none-eabi/9.3.1/../../../../arm-none-eabi/lib/thumb/v7-m/nofp\libc_nano.a(lib_a-exit.o) (_global_impure_ptr)
c:/st/stm32cubeide_1.6.0/stm32cubeide/plugins/com.st.stm32cube.ide.mcu.externaltools.gnu-tools-for-stm32.9-2020-q2-update.win32_1.5.0.202011040924/tools/bin/../lib/gcc/arm-none-eabi/9.3.1/../../../../arm-none-eabi/lib/thumb/v7-m/nofp\libc_nano.a(lib_a-init.o)
                              c:/st/stm32cubeide_1.6.0/stm32cubeide/plugins/com.st.stm32cube.ide.mcu.externaltools.gnu-tools-for-stm32.9-2020-q2-update.win32_1.5.0.202011040924/tools/bin/../lib/gcc/arm-none-eabi/9.3.1/../../../../arm-none-eabi/lib/thumb/v7-m/nofp/crt0.o (__libc_init_array)
c:/st/stm32cubeide_1.6.0/stm32cubeide/plugins/com.st.stm32cube.ide.mcu.externaltools.gnu-tools-for-stm32.9-2020-q2-update.win32_1.5.0.202011040924/tools/bin/../lib/gcc/arm-none-eabi/9.3.1/../../../../arm-none-eabi/lib/thumb/v7-m/nofp\libc_nano.a(lib_a-malloc.o)
                              Core/Src/Bluetooth.o (malloc)
c:/st/stm32cubeide_1.6.0/stm32cubeide/plugins/com.st.stm32cube.ide.mcu.externaltools.gnu-tools-for-stm32.9-2020-q2-update.win32_1.5.0.202011040924/tools/bin/../lib/gcc/arm-none-eabi/9.3.1/../../../../arm-none-eabi/lib/thumb/v7-m/nofp\libc_nano.a(lib_a-memset.o)
                              c:/st/stm32cubeide_1.6.0/stm32cubeide/plugins/com.st.stm32cube.ide.mcu.externaltools.gnu-tools-for-stm32.9-2020-q2-update.win32_1.5.0.202011040924/tools/bin/../lib/gcc/arm-none-eabi/9.3.1/../../../../arm-none-eabi/lib/thumb/v7-m/nofp/crt0.o (memset)
c:/st/stm32cubeide_1.6.0/stm32cubeide/plugins/com.st.stm32cube.ide.mcu.externaltools.gnu-tools-for-stm32.9-2020-q2-update.win32_1.5.0.202011040924/tools/bin/../lib/gcc/arm-none-eabi/9.3.1/../../../../arm-none-eabi/lib/thumb/v7-m/nofp\libc_nano.a(lib_a-nano-freer.o)
                              c:/st/stm32cubeide_1.6.0/stm32cubeide/plugins/com.st.stm32cube.ide.mcu.externaltools.gnu-tools-for-stm32.9-2020-q2-update.win32_1.5.0.202011040924/tools/bin/../lib/gcc/arm-none-eabi/9.3.1/../../../../arm-none-eabi/lib/thumb/v7-m/nofp\libc_nano.a(lib_a-malloc.o) (_free_r)
c:/st/stm32cubeide_1.6.0/stm32cubeide/plugins/com.st.stm32cube.ide.mcu.externaltools.gnu-tools-for-stm32.9-2020-q2-update.win32_1.5.0.202011040924/tools/bin/../lib/gcc/arm-none-eabi/9.3.1/../../../../arm-none-eabi/lib/thumb/v7-m/nofp\libc_nano.a(lib_a-nano-mallocr.o)
                              c:/st/stm32cubeide_1.6.0/stm32cubeide/plugins/com.st.stm32cube.ide.mcu.externaltools.gnu-tools-for-stm32.9-2020-q2-update.win32_1.5.0.202011040924/tools/bin/../lib/gcc/arm-none-eabi/9.3.1/../../../../arm-none-eabi/lib/thumb/v7-m/nofp\libc_nano.a(lib_a-malloc.o) (_malloc_r)
c:/st/stm32cubeide_1.6.0/stm32cubeide/plugins/com.st.stm32cube.ide.mcu.externaltools.gnu-tools-for-stm32.9-2020-q2-update.win32_1.5.0.202011040924/tools/bin/../lib/gcc/arm-none-eabi/9.3.1/../../../../arm-none-eabi/lib/thumb/v7-m/nofp\libc_nano.a(lib_a-sbrkr.o)
                              c:/st/stm32cubeide_1.6.0/stm32cubeide/plugins/com.st.stm32cube.ide.mcu.externaltools.gnu-tools-for-stm32.9-2020-q2-update.win32_1.5.0.202011040924/tools/bin/../lib/gcc/arm-none-eabi/9.3.1/../../../../arm-none-eabi/lib/thumb/v7-m/nofp\libc_nano.a(lib_a-nano-mallocr.o) (_sbrk_r)
c:/st/stm32cubeide_1.6.0/stm32cubeide/plugins/com.st.stm32cube.ide.mcu.externaltools.gnu-tools-for-stm32.9-2020-q2-update.win32_1.5.0.202011040924/tools/bin/../lib/gcc/arm-none-eabi/9.3.1/../../../../arm-none-eabi/lib/thumb/v7-m/nofp\libc_nano.a(lib_a-strcat.o)
                              Core/Src/Bluetooth.o (strcat)
c:/st/stm32cubeide_1.6.0/stm32cubeide/plugins/com.st.stm32cube.ide.mcu.externaltools.gnu-tools-for-stm32.9-2020-q2-update.win32_1.5.0.202011040924/tools/bin/../lib/gcc/arm-none-eabi/9.3.1/../../../../arm-none-eabi/lib/thumb/v7-m/nofp\libc_nano.a(lib_a-strlen.o)
                              Core/Src/Bluetooth.o (strlen)
[...]
Memory Configuration

Name             Origin             Length             Attributes
RAM              0x0000000020000000 0x0000000000005000 xrw
FLASH            0x0000000008000000 0x0000000000010000 xr
*default*        0x0000000000000000 0xffffffffffffffff

Linker script and memory map

LOAD c:/st/stm32cubeide_1.6.0/stm32cubeide/plugins/com.st.stm32cube.ide.mcu.externaltools.gnu-tools-for-stm32.9-2020-q2-update.win32_1.5.0.202011040924/tools/bin/../lib/gcc/arm-none-eabi/9.3.1/thumb/v7-m/nofp/crti.o
LOAD c:/st/stm32cubeide_1.6.0/stm32cubeide/plugins/com.st.stm32cube.ide.mcu.externaltools.gnu-tools-for-stm32.9-2020-q2-update.win32_1.5.0.202011040924/tools/bin/../lib/gcc/arm-none-eabi/9.3.1/thumb/v7-m/nofp/crtbegin.o
LOAD c:/st/stm32cubeide_1.6.0/stm32cubeide/plugins/com.st.stm32cube.ide.mcu.externaltools.gnu-tools-for-stm32.9-2020-q2-update.win32_1.5.0.202011040924/tools/bin/../lib/gcc/arm-none-eabi/9.3.1/../../../../arm-none-eabi/lib/thumb/v7-m/nofp/crt0.o
LOAD Core/Src/Bluetooth.o
LOAD Core/Src/Ingniter.o
LOAD Core/Src/L298.o
LOAD Core/Src/gpio.o
LOAD Core/Src/hx711.o
LOAD Core/Src/main.o
LOAD Core/Src/stm32f1xx_hal_msp.o
LOAD Core/Src/stm32f1xx_it.o
LOAD Core/Src/system_stm32f1xx.o
LOAD Core/Src/tim.o
LOAD Core/Src/usart.o
LOAD Core/Src/usb.o
LOAD Core/Startup/startup_stm32f103c8tx.o
LOAD Drivers/STM32F1xx_HAL_Driver/Src/stm32f1xx_hal.o
LOAD Drivers/STM32F1xx_HAL_Driver/Src/stm32f1xx_hal_cortex.o
LOAD Drivers/STM32F1xx_HAL_Driver/Src/stm32f1xx_hal_dma.o
LOAD Drivers/STM32F1xx_HAL_Driver/Src/stm32f1xx_hal_exti.o
LOAD Drivers/STM32F1xx_HAL_Driver/Src/stm32f1xx_hal_flash.o
LOAD Drivers/STM32F1xx_HAL_Driver/Src/stm32f1xx_hal_flash_ex.o
LOAD Drivers/STM32F1xx_HAL_Driver/Src/stm32f1xx_hal_gpio.o
LOAD Drivers/STM32F1xx_HAL_Driver/Src/stm32f1xx_hal_gpio_ex.o
LOAD Drivers/STM32F1xx_HAL_Driver/Src/stm32f1xx_hal_pcd.o
LOAD Drivers/STM32F1xx_HAL_Driver/Src/stm32f1xx_hal_pcd_ex.o
LOAD Drivers/STM32F1xx_HAL_Driver/Src/stm32f1xx_hal_pwr.o
LOAD Drivers/STM32F1xx_HAL_Driver/Src/stm32f1xx_hal_rcc.o
LOAD Drivers/STM32F1xx_HAL_Driver/Src/stm32f1xx_hal_rcc_ex.o
LOAD Drivers/STM32F1xx_HAL_Driver/Src/stm32f1xx_hal_tim.o
LOAD Drivers/STM32F1xx_HAL_Driver/Src/stm32f1xx_hal_tim_ex.o
LOAD Drivers/STM32F1xx_HAL_Driver/Src/stm32f1xx_hal_uart.o
LOAD Drivers/STM32F1xx_HAL_Driver/Src/stm32f1xx_ll_usb.o
START GROUP
LOAD c:/st/stm32cubeide_1.6.0/stm32cubeide/plugins/com.st.stm32cube.ide.mcu.externaltools.gnu-tools-for-stm32.9-2020-q2-update.win32_1.5.0.202011040924/tools/bin/../lib/gcc/arm-none-eabi/9.3.1/../../../../arm-none-eabi/lib/thumb/v7-m/nofp\libc_nano.a
LOAD c:/st/stm32cubeide_1.6.0/stm32cubeide/plugins/com.st.stm32cube.ide.mcu.externaltools.gnu-tools-for-stm32.9-2020-q2-update.win32_1.5.0.202011040924/tools/bin/../lib/gcc/arm-none-eabi/9.3.1/../../../../arm-none-eabi/lib/thumb/v7-m/nofp\libm.a
END GROUP
START GROUP
LOAD c:/st/stm32cubeide_1.6.0/stm32cubeide/plugins/com.st.stm32cube.ide.mcu.externaltools.gnu-tools-for-stm32.9-2020-q2-update.win32_1.5.0.202011040924/tools/bin/../lib/gcc/arm-none-eabi/9.3.1/thumb/v7-m/nofp\libgcc.a
LOAD c:/st/stm32cubeide_1.6.0/stm32cubeide/plugins/com.st.stm32cube.ide.mcu.externaltools.gnu-tools-for-stm32.9-2020-q2-update.win32_1.5.0.202011040924/tools/bin/../lib/gcc/arm-none-eabi/9.3.1/../../../../arm-none-eabi/lib/thumb/v7-m/nofp\libc_nano.a
END GROUP
START GROUP
LOAD c:/st/stm32cubeide_1.6.0/stm32cubeide/plugins/com.st.stm32cube.ide.mcu.externaltools.gnu-tools-for-stm32.9-2020-q2-update.win32_1.5.0.202011040924/tools/bin/../lib/gcc/arm-none-eabi/9.3.1/thumb/v7-m/nofp\libgcc.a
LOAD c:/st/stm32cubeide_1.6.0/stm32cubeide/plugins/com.st.stm32cube.ide.mcu.externaltools.gnu-tools-for-stm32.9-2020-q2-update.win32_1.5.0.202011040924/tools/bin/../lib/gcc/arm-none-eabi/9.3.1/../../../../arm-none-eabi/lib/thumb/v7-m/nofp\libc_nano.a
LOAD c:/st/stm32cubeide_1.6.0/stm32cubeide/plugins/com.st.stm32cube.ide.mcu.externaltools.gnu-tools-for-stm32.9-2020-q2-update.win32_1.5.0.202011040924/tools/bin/../lib/gcc/arm-none-eabi/9.3.1/../../../../arm-none-eabi/lib/thumb/v7-m/nofp\libnosys.a
END GROUP
START GROUP
LOAD c:/st/stm32cubeide_1.6.0/stm32cubeide/plugins/com.st.stm32cube.ide.mcu.externaltools.gnu-tools-for-stm32.9-2020-q2-update.win32_1.5.0.202011040924/tools/bin/../lib/gcc/arm-none-eabi/9.3.1/thumb/v7-m/nofp\libgcc.a
LOAD c:/st/stm32cubeide_1.6.0/stm32cubeide/plugins/com.st.stm32cube.ide.mcu.externaltools.gnu-tools-for-stm32.9-2020-q2-update.win32_1.5.0.202011040924/tools/bin/../lib/gcc/arm-none-eabi/9.3.1/../../../../arm-none-eabi/lib/thumb/v7-m/nofp\libc_nano.a
LOAD c:/st/stm32cubeide_1.6.0/stm32cubeide/plugins/com.st.stm32cube.ide.mcu.externaltools.gnu-tools-for-stm32.9-2020-q2-update.win32_1.5.0.202011040924/tools/bin/../lib/gcc/arm-none-eabi/9.3.1/../../../../arm-none-eabi/lib/thumb/v7-m/nofp\libnosys.a
END GROUP
LOAD c:/st/stm32cubeide_1.6.0/stm32cubeide/plugins/com.st.stm32cube.ide.mcu.externaltools.gnu-tools-for-stm32.9-2020-q2-update.win32_1.5.0.202011040924/tools/bin/../lib/gcc/arm-none-eabi/9.3.1/thumb/v7-m/nofp/crtend.o
LOAD c:/st/stm32cubeide_1.6.0/stm32cubeide/plugins/com.st.stm32cube.ide.mcu.externaltools.gnu-tools-for-stm32.9-2020-q2-update.win32_1.5.0.202011040924/tools/bin/../lib/gcc/arm-none-eabi/9.3.1/thumb/v7-m/nofp/crtn.o
                0x0000000020005000                _estack = (ORIGIN (RAM) + LENGTH (RAM))
                0x0000000000000200                _Min_Heap_Size = 0x200
                0x0000000000000400                _Min_Stack_Size = 0x400

.isr_vector     0x0000000008000000      0x10c
                0x0000000008000000                . = ALIGN (0x4)
 *(.isr_vector)
 .isr_vector    0x0000000008000000      0x10c Core/Startup/startup_stm32f103c8tx.o
                0x0000000008000000                g_pfnVectors
                0x000000000800010c                . = ALIGN (0x4)

.text           0x000000000800010c     0x2684
                0x000000000800010c                . = ALIGN (0x4)
 *(.text)
 .text          0x000000000800010c       0x40 c:/st/stm32cubeide_1.6.0/stm32cubeide/plugins/com.st.stm32cube.ide.mcu.externaltools.gnu-tools-for-stm32.9-2020-q2-update.win32_1.5.0.202011040924/tools/bin/../lib/gcc/arm-none-eabi/9.3.1/thumb/v7-m/nofp/crtbegin.o
 .text          0x000000000800014c       0x10 c:/st/stm32cubeide_1.6.0/stm32cubeide/plugins/com.st.stm32cube.ide.mcu.externaltools.gnu-tools-for-stm32.9-2020-q2-update.win32_1.5.0.202011040924/tools/bin/../lib/gcc/arm-none-eabi/9.3.1/../../../../arm-none-eabi/lib/thumb/v7-m/nofp\libc_nano.a(lib_a-strlen.o)
                0x000000000800014c                strlen
 *(.text*)
 .text.bluetooth_init
                0x000000000800015c        0xe Core/Src/Bluetooth.o
                0x000000000800015c                bluetooth_init
 .text.stringCompare
                0x000000000800016a       0x38 Core/Src/Bluetooth.o
                0x000000000800016a                stringCompare
 *fill*         0x00000000080001a2        0x2 
 .text.whateva  0x00000000080001a4       0x5c Core/Src/Bluetooth.o
                0x00000000080001a4                whateva
 .text.resolveCommand
                0x0000000008000200      0x100 Core/Src/Bluetooth.o
                0x0000000008000200                resolveCommand
 .text.interrupt
                0x0000000008000300       0x3c Core/Src/Bluetooth.o
                0x0000000008000300                interrupt
 .text.igniter_init
                0x000000000800033c       0x20 Core/Src/Ingniter.o
                0x000000000800033c                igniter_init
 .text.motor_init
                0x000000000800035c       0x48 Core/Src/L298.o
                0x000000000800035c                motor_init
 .text.MX_GPIO_Init
                0x00000000080003a4      0x114 Core/Src/gpio.o
                0x00000000080003a4                MX_GPIO_Init
 .text.SystemClock_Config
                0x00000000080004b8       0x82 Core/Src/main.o
                0x00000000080004b8                SystemClock_Config
 *fill*         0x000000000800053a        0x2 
 .text.main     0x000000000800053c       0xbc Core/Src/main.o
                0x000000000800053c                main
 .text.Error_Handler
                0x00000000080005f8        0x4 Core/Src/main.o
                0x00000000080005f8                Error_Handler
 .text.HAL_MspInit
                0x00000000080005fc       0x44 Core/Src/stm32f1xx_hal_msp.o
                0x00000000080005fc                HAL_MspInit
 .text.NMI_Handler
                0x0000000008000640        0x2 Core/Src/stm32f1xx_it.o
                0x0000000008000640                NMI_Handler
 .text.HardFault_Handler
                0x0000000008000642        0x2 Core/Src/stm32f1xx_it.o
                0x0000000008000642                HardFault_Handler
 .text.MemManage_Handler
                0x0000000008000644        0x2 Core/Src/stm32f1xx_it.o
                0x0000000008000644                MemManage_Handler
 .text.BusFault_Handler
                0x0000000008000646        0x2 Core/Src/stm32f1xx_it.o
                0x0000000008000646                BusFault_Handler
 .text.UsageFault_Handler
                0x0000000008000648        0x2 Core/Src/stm32f1xx_it.o
                0x0000000008000648                UsageFault_Handler
 .text.SVC_Handler
                0x000000000800064a        0x2 Core/Src/stm32f1xx_it.o
                0x000000000800064a                SVC_Handler
 .text.DebugMon_Handler
                0x000000000800064c        0x2 Core/Src/stm32f1xx_it.o
                0x000000000800064c                DebugMon_Handler
 .text.PendSV_Handler
                0x000000000800064e        0x2 Core/Src/stm32f1xx_it.o
                0x000000000800064e                PendSV_Handler
 .text.SysTick_Handler
                0x0000000008000650        0x8 Core/Src/stm32f1xx_it.o
                0x0000000008000650                SysTick_Handler
 .text.TIM2_IRQHandler
                0x0000000008000658       0x30 Core/Src/stm32f1xx_it.o
                0x0000000008000658                TIM2_IRQHandler
 .text.USART3_IRQHandler
                0x0000000008000688       0x18 Core/Src/stm32f1xx_it.o
                0x0000000008000688                USART3_IRQHandler
 .text.SystemInit
                0x00000000080006a0        0x2 Core/Src/system_stm32f1xx.o
                0x00000000080006a0                SystemInit
 *fill*         0x00000000080006a2        0x2 
 .text.MX_TIM2_Init
                0x00000000080006a4       0x70 Core/Src/tim.o
                0x00000000080006a4                MX_TIM2_Init
 .text.HAL_TIM_Base_MspInit
                0x0000000008000714       0x3a Core/Src/tim.o
                0x0000000008000714                HAL_TIM_Base_MspInit
 *fill*         0x000000000800074e        0x2 
 .text.HAL_TIM_PWM_MspInit
                0x0000000008000750       0x4c Core/Src/tim.o
                0x0000000008000750                HAL_TIM_PWM_MspInit
 .text.HAL_TIM_MspPostInit
                0x000000000800079c       0x9c Core/Src/tim.o
                0x000000000800079c                HAL_TIM_MspPostInit
 .text.MX_TIM3_Init
                0x0000000008000838       0xb4 Core/Src/tim.o
                0x0000000008000838                MX_TIM3_Init
 .text.MX_TIM4_Init
                0x00000000080008ec       0x80 Core/Src/tim.o
                0x00000000080008ec                MX_TIM4_Init
 .text.MX_USART2_UART_Init
                0x000000000800096c       0x34 Core/Src/usart.o
                0x000000000800096c                MX_USART2_UART_Init
 .text.MX_USART3_UART_Init
                0x00000000080009a0       0x34 Core/Src/usart.o
                0x00000000080009a0                MX_USART3_UART_Init
 .text.HAL_UART_MspInit
                0x00000000080009d4       0xe8 Core/Src/usart.o
                0x00000000080009d4                HAL_UART_MspInit
 .text.MX_USB_PCD_Init
                0x0000000008000abc       0x30 Core/Src/usb.o
                0x0000000008000abc                MX_USB_PCD_Init
 .text.HAL_PCD_MspInit
                0x0000000008000aec       0x2c Core/Src/usb.o
                0x0000000008000aec                HAL_PCD_MspInit
 .text.Reset_Handler
                0x0000000008000b18       0x48 Core/Startup/startup_stm32f103c8tx.o
                0x0000000008000b18                Reset_Handler
 .text.Default_Handler
                0x0000000008000b60        0x2 Core/Startup/startup_stm32f103c8tx.o
                0x0000000008000b60                RTC_Alarm_IRQHandler
                0x0000000008000b60                EXTI2_IRQHandler
                0x0000000008000b60                TIM1_CC_IRQHandler
                0x0000000008000b60                PVD_IRQHandler
                0x0000000008000b60                EXTI3_IRQHandler
                0x0000000008000b60                EXTI0_IRQHandler
                0x0000000008000b60                I2C2_EV_IRQHandler
                0x0000000008000b60                ADC1_2_IRQHandler
                0x0000000008000b60                SPI1_IRQHandler
                0x0000000008000b60                TAMPER_IRQHandler
                0x0000000008000b60                DMA1_Channel4_IRQHandler
                0x0000000008000b60                RTC_IRQHandler
                0x0000000008000b60                DMA1_Channel7_IRQHandler
                0x0000000008000b60                CAN1_RX1_IRQHandler
                0x0000000008000b60                TIM4_IRQHandler
                0x0000000008000b60                I2C1_EV_IRQHandler
                0x0000000008000b60                DMA1_Channel6_IRQHandler
                0x0000000008000b60                TIM3_IRQHandler
                0x0000000008000b60                RCC_IRQHandler
                0x0000000008000b60                TIM1_TRG_COM_IRQHandler
                0x0000000008000b60                DMA1_Channel1_IRQHandler
                0x0000000008000b60                Default_Handler
                0x0000000008000b60                EXTI15_10_IRQHandler
                0x0000000008000b60                EXTI9_5_IRQHandler
                0x0000000008000b60                SPI2_IRQHandler
                0x0000000008000b60                DMA1_Channel5_IRQHandler
                0x0000000008000b60                EXTI4_IRQHandler
                0x0000000008000b60                USB_LP_CAN1_RX0_IRQHandler
                0x0000000008000b60                USB_HP_CAN1_TX_IRQHandler
                0x0000000008000b60                DMA1_Channel3_IRQHandler
                0x0000000008000b60                TIM1_UP_IRQHandler
                0x0000000008000b60                WWDG_IRQHandler
                0x0000000008000b60                TIM1_BRK_IRQHandler
                0x0000000008000b60                EXTI1_IRQHandler
                0x0000000008000b60                USART2_IRQHandler
                0x0000000008000b60                I2C2_ER_IRQHandler
                0x0000000008000b60                DMA1_Channel2_IRQHandler
                0x0000000008000b60                CAN1_SCE_IRQHandler
                0x0000000008000b60                FLASH_IRQHandler
                0x0000000008000b60                USART1_IRQHandler
                0x0000000008000b60                I2C1_ER_IRQHandler
                0x0000000008000b60                USBWakeUp_IRQHandler
 *fill*         0x0000000008000b62        0x2 
 .text.HAL_InitTick
                0x0000000008000b64       0x4c Drivers/STM32F1xx_HAL_Driver/Src/stm32f1xx_hal.o
                0x0000000008000b64                HAL_InitTick
 .text.HAL_Init
                0x0000000008000bb0       0x24 Drivers/STM32F1xx_HAL_Driver/Src/stm32f1xx_hal.o
                0x0000000008000bb0                HAL_Init
 .text.HAL_IncTick
                0x0000000008000bd4       0x18 Drivers/STM32F1xx_HAL_Driver/Src/stm32f1xx_hal.o
                0x0000000008000bd4                HAL_IncTick
 .text.HAL_GetTick
                0x0000000008000bec        0xc Drivers/STM32F1xx_HAL_Driver/Src/stm32f1xx_hal.o
                0x0000000008000bec                HAL_GetTick
 .text.HAL_Delay
                0x0000000008000bf8       0x28 Drivers/STM32F1xx_HAL_Driver/Src/stm32f1xx_hal.o
                0x0000000008000bf8                HAL_Delay
 .text.HAL_NVIC_SetPriorityGrouping
                0x0000000008000c20       0x24 Drivers/STM32F1xx_HAL_Driver/Src/stm32f1xx_hal_cortex.o
                0x0000000008000c20                HAL_NVIC_SetPriorityGrouping
 .text.HAL_NVIC_SetPriority
                0x0000000008000c44       0x64 Drivers/STM32F1xx_HAL_Driver/Src/stm32f1xx_hal_cortex.o
                0x0000000008000c44                HAL_NVIC_SetPriority
 .text.HAL_NVIC_EnableIRQ
                0x0000000008000ca8       0x1c Drivers/STM32F1xx_HAL_Driver/Src/stm32f1xx_hal_cortex.o
                0x0000000008000ca8                HAL_NVIC_EnableIRQ
 .text.HAL_SYSTICK_Config
                0x0000000008000cc4       0x2c Drivers/STM32F1xx_HAL_Driver/Src/stm32f1xx_hal_cortex.o
                0x0000000008000cc4                HAL_SYSTICK_Config
 .text.HAL_DMA_Abort_IT
                0x0000000008000cf0       0x94 Drivers/STM32F1xx_HAL_Driver/Src/stm32f1xx_hal_dma.o
                0x0000000008000cf0                HAL_DMA_Abort_IT
 .text.HAL_GPIO_Init
                0x0000000008000d84      0x220 Drivers/STM32F1xx_HAL_Driver/Src/stm32f1xx_hal_gpio.o
                0x0000000008000d84                HAL_GPIO_Init
 .text.HAL_GPIO_WritePin
                0x0000000008000fa4        0xc Drivers/STM32F1xx_HAL_Driver/Src/stm32f1xx_hal_gpio.o
                0x0000000008000fa4                HAL_GPIO_WritePin
 .text.HAL_PCD_Init
                0x0000000008000fb0      0x102 Drivers/STM32F1xx_HAL_Driver/Src/stm32f1xx_hal_pcd.o
                0x0000000008000fb0                HAL_PCD_Init
 *fill*         0x00000000080010b2        0x2 
 .text.HAL_RCC_OscConfig
                0x00000000080010b4      0x42c Drivers/STM32F1xx_HAL_Driver/Src/stm32f1xx_hal_rcc.o
                0x00000000080010b4                HAL_RCC_OscConfig
 .text.HAL_RCC_GetSysClockFreq
                0x00000000080014e0       0x6c Drivers/STM32F1xx_HAL_Driver/Src/stm32f1xx_hal_rcc.o
                0x00000000080014e0                HAL_RCC_GetSysClockFreq
 .text.HAL_RCC_ClockConfig
                0x000000000800154c      0x170 Drivers/STM32F1xx_HAL_Driver/Src/stm32f1xx_hal_rcc.o
                0x000000000800154c                HAL_RCC_ClockConfig
 .text.HAL_RCC_GetPCLK1Freq
                0x00000000080016bc       0x20 Drivers/STM32F1xx_HAL_Driver/Src/stm32f1xx_hal_rcc.o
                0x00000000080016bc                HAL_RCC_GetPCLK1Freq
 .text.HAL_RCC_GetPCLK2Freq
                0x00000000080016dc       0x20 Drivers/STM32F1xx_HAL_Driver/Src/stm32f1xx_hal_rcc.o
                0x00000000080016dc                HAL_RCC_GetPCLK2Freq
 .text.HAL_RCCEx_PeriphCLKConfig
                0x00000000080016fc      0x118 Drivers/STM32F1xx_HAL_Driver/Src/stm32f1xx_hal_rcc_ex.o
                0x00000000080016fc                HAL_RCCEx_PeriphCLKConfig
 .text.TIM_OC1_SetConfig
                0x0000000008001814       0x54 Drivers/STM32F1xx_HAL_Driver/Src/stm32f1xx_hal_tim.o
 .text.TIM_OC3_SetConfig
                0x0000000008001868       0x58 Drivers/STM32F1xx_HAL_Driver/Src/stm32f1xx_hal_tim.o
 .text.TIM_OC4_SetConfig
                0x00000000080018c0       0x48 Drivers/STM32F1xx_HAL_Driver/Src/stm32f1xx_hal_tim.o
 .text.HAL_TIM_Base_Start_IT
                0x0000000008001908       0x68 Drivers/STM32F1xx_HAL_Driver/Src/stm32f1xx_hal_tim.o
                0x0000000008001908                HAL_TIM_Base_Start_IT
 .text.HAL_TIM_PeriodElapsedCallback
                0x0000000008001970        0x2 Drivers/STM32F1xx_HAL_Driver/Src/stm32f1xx_hal_tim.o
                0x0000000008001970                HAL_TIM_PeriodElapsedCallback
 .text.HAL_TIM_OC_DelayElapsedCallback
                0x0000000008001972        0x2 Drivers/STM32F1xx_HAL_Driver/Src/stm32f1xx_hal_tim.o
                0x0000000008001972                HAL_TIM_OC_DelayElapsedCallback
 .text.HAL_TIM_IC_CaptureCallback
                0x0000000008001974        0x2 Drivers/STM32F1xx_HAL_Driver/Src/stm32f1xx_hal_tim.o
                0x0000000008001974                HAL_TIM_IC_CaptureCallback
 .text.HAL_TIM_PWM_PulseFinishedCallback
                0x0000000008001976        0x2 Drivers/STM32F1xx_HAL_Driver/Src/stm32f1xx_hal_tim.o
                0x0000000008001976                HAL_TIM_PWM_PulseFinishedCallback
 .text.HAL_TIM_TriggerCallback
                0x0000000008001978        0x2 Drivers/STM32F1xx_HAL_Driver/Src/stm32f1xx_hal_tim.o
                0x0000000008001978                HAL_TIM_TriggerCallback
 .text.HAL_TIM_IRQHandler
                0x000000000800197a      0x17a Drivers/STM32F1xx_HAL_Driver/Src/stm32f1xx_hal_tim.o
                0x000000000800197a                HAL_TIM_IRQHandler
 .text.TIM_Base_SetConfig
                0x0000000008001af4       0x9c Drivers/STM32F1xx_HAL_Driver/Src/stm32f1xx_hal_tim.o
                0x0000000008001af4                TIM_Base_SetConfig
 .text.HAL_TIM_Base_Init
                0x0000000008001b90       0x58 Drivers/STM32F1xx_HAL_Driver/Src/stm32f1xx_hal_tim.o
                0x0000000008001b90                HAL_TIM_Base_Init
 .text.HAL_TIM_PWM_Init
                0x0000000008001be8       0x58 Drivers/STM32F1xx_HAL_Driver/Src/stm32f1xx_hal_tim.o
                0x0000000008001be8                HAL_TIM_PWM_Init
 .text.TIM_OC2_SetConfig
                0x0000000008001c40       0x5c Drivers/STM32F1xx_HAL_Driver/Src/stm32f1xx_hal_tim.o
                0x0000000008001c40                TIM_OC2_SetConfig
 .text.HAL_TIM_PWM_ConfigChannel
                0x0000000008001c9c       0xd0 Drivers/STM32F1xx_HAL_Driver/Src/stm32f1xx_hal_tim.o
                0x0000000008001c9c                HAL_TIM_PWM_ConfigChannel
 .text.TIM_ETR_SetConfig
                0x0000000008001d6c       0x16 Drivers/STM32F1xx_HAL_Driver/Src/stm32f1xx_hal_tim.o
                0x0000000008001d6c                TIM_ETR_SetConfig
 .text.HAL_TIM_ConfigClockSource
                0x0000000008001d82      0x146 Drivers/STM32F1xx_HAL_Driver/Src/stm32f1xx_hal_tim.o
                0x0000000008001d82                HAL_TIM_ConfigClockSource
 .text.TIM_CCxChannelCmd
                0x0000000008001ec8       0x1e Drivers/STM32F1xx_HAL_Driver/Src/stm32f1xx_hal_tim.o
                0x0000000008001ec8                TIM_CCxChannelCmd
 *fill*         0x0000000008001ee6        0x2 
 .text.HAL_TIM_PWM_Start
                0x0000000008001ee8       0xc8 Drivers/STM32F1xx_HAL_Driver/Src/stm32f1xx_hal_tim.o
                0x0000000008001ee8                HAL_TIM_PWM_Start
 .text.HAL_TIMEx_MasterConfigSynchronization
                0x0000000008001fb0       0x68 Drivers/STM32F1xx_HAL_Driver/Src/stm32f1xx_hal_tim_ex.o
                0x0000000008001fb0                HAL_TIMEx_MasterConfigSynchronization
 .text.HAL_TIMEx_CommutCallback
                0x0000000008002018        0x2 Drivers/STM32F1xx_HAL_Driver/Src/stm32f1xx_hal_tim_ex.o
                0x0000000008002018                HAL_TIMEx_CommutCallback
 .text.HAL_TIMEx_BreakCallback
                0x000000000800201a        0x2 Drivers/STM32F1xx_HAL_Driver/Src/stm32f1xx_hal_tim_ex.o
                0x000000000800201a                HAL_TIMEx_BreakCallback
 .text.UART_EndRxTransfer
                0x000000000800201c       0x1c Drivers/STM32F1xx_HAL_Driver/Src/stm32f1xx_hal_uart.o
 .text.UART_SetConfig
                0x0000000008002038       0x88 Drivers/STM32F1xx_HAL_Driver/Src/stm32f1xx_hal_uart.o
 .text.UART_WaitOnFlagUntilTimeout
                0x00000000080020c0       0x68 Drivers/STM32F1xx_HAL_Driver/Src/stm32f1xx_hal_uart.o
 .text.HAL_UART_Init
                0x0000000008002128       0x5e Drivers/STM32F1xx_HAL_Driver/Src/stm32f1xx_hal_uart.o
                0x0000000008002128                HAL_UART_Init
 .text.HAL_UART_Transmit
                0x0000000008002186       0xe4 Drivers/STM32F1xx_HAL_Driver/Src/stm32f1xx_hal_uart.o
                0x0000000008002186                HAL_UART_Transmit
 .text.HAL_UART_Receive
                0x000000000800226a       0xf0 Drivers/STM32F1xx_HAL_Driver/Src/stm32f1xx_hal_uart.o
                0x000000000800226a                HAL_UART_Receive
 .text.HAL_UART_TxCpltCallback
                0x000000000800235a        0x2 Drivers/STM32F1xx_HAL_Driver/Src/stm32f1xx_hal_uart.o
                0x000000000800235a                HAL_UART_TxCpltCallback
 .text.HAL_UART_RxCpltCallback
                0x000000000800235c        0x2 Drivers/STM32F1xx_HAL_Driver/Src/stm32f1xx_hal_uart.o
                0x000000000800235c                HAL_UART_RxCpltCallback
 .text.UART_Receive_IT
                0x000000000800235e       0x92 Drivers/STM32F1xx_HAL_Driver/Src/stm32f1xx_hal_uart.o
 .text.HAL_UART_ErrorCallback
                0x00000000080023f0        0x2 Drivers/STM32F1xx_HAL_Driver/Src/stm32f1xx_hal_uart.o
                0x00000000080023f0                HAL_UART_ErrorCallback
 *fill*         0x00000000080023f2        0x2 
 .text.HAL_UART_IRQHandler
                0x00000000080023f4      0x190 Drivers/STM32F1xx_HAL_Driver/Src/stm32f1xx_hal_uart.o
                0x00000000080023f4                HAL_UART_IRQHandler
 .text.UART_DMAAbortOnError
                0x0000000008002584       0x10 Drivers/STM32F1xx_HAL_Driver/Src/stm32f1xx_hal_uart.o
 .text.USB_CoreInit
                0x0000000008002594        0xe Drivers/STM32F1xx_HAL_Driver/Src/stm32f1xx_ll_usb.o
                0x0000000008002594                USB_CoreInit
 .text.USB_DisableGlobalInt
                0x00000000080025a2       0x14 Drivers/STM32F1xx_HAL_Driver/Src/stm32f1xx_ll_usb.o
                0x00000000080025a2                USB_DisableGlobalInt
 .text.USB_SetCurrentMode
                0x00000000080025b6        0x4 Drivers/STM32F1xx_HAL_Driver/Src/stm32f1xx_ll_usb.o
                0x00000000080025b6                USB_SetCurrentMode
 .text.USB_DevInit
                0x00000000080025ba       0x26 Drivers/STM32F1xx_HAL_Driver/Src/stm32f1xx_ll_usb.o
                0x00000000080025ba                USB_DevInit
 .text.USB_DevDisconnect
                0x00000000080025e0        0x4 Drivers/STM32F1xx_HAL_Driver/Src/stm32f1xx_ll_usb.o
                0x00000000080025e0                USB_DevDisconnect
 .text.__libc_init_array
                0x00000000080025e4       0x48 c:/st/stm32cubeide_1.6.0/stm32cubeide/plugins/com.st.stm32cube.ide.mcu.externaltools.gnu-tools-for-stm32.9-2020-q2-update.win32_1.5.0.202011040924/tools/bin/../lib/gcc/arm-none-eabi/9.3.1/../../../../arm-none-eabi/lib/thumb/v7-m/nofp\libc_nano.a(lib_a-init.o)
                0x00000000080025e4                __libc_init_array
 .text.malloc   0x000000000800262c       0x10 c:/st/stm32cubeide_1.6.0/stm32cubeide/plugins/com.st.stm32cube.ide.mcu.externaltools.gnu-tools-for-stm32.9-2020-q2-update.win32_1.5.0.202011040924/tools/bin/../lib/gcc/arm-none-eabi/9.3.1/../../../../arm-none-eabi/lib/thumb/v7-m/nofp\libc_nano.a(lib_a-malloc.o)
                0x000000000800262c                malloc
 .text.memset   0x000000000800263c       0x10 c:/st/stm32cubeide_1.6.0/stm32cubeide/plugins/com.st.stm32cube.ide.mcu.externaltools.gnu-tools-for-stm32.9-2020-q2-update.win32_1.5.0.202011040924/tools/bin/../lib/gcc/arm-none-eabi/9.3.1/../../../../arm-none-eabi/lib/thumb/v7-m/nofp\libc_nano.a(lib_a-memset.o)
                0x000000000800263c                memset
 .text._malloc_r
                0x000000000800264c       0xb4 c:/st/stm32cubeide_1.6.0/stm32cubeide/plugins/com.st.stm32cube.ide.mcu.externaltools.gnu-tools-for-stm32.9-2020-q2-update.win32_1.5.0.202011040924/tools/bin/../lib/gcc/arm-none-eabi/9.3.1/../../../../arm-none-eabi/lib/thumb/v7-m/nofp\libc_nano.a(lib_a-nano-mallocr.o)
                0x000000000800264c                _malloc_r
 .text._sbrk_r  0x0000000008002700       0x20 c:/st/stm32cubeide_1.6.0/stm32cubeide/plugins/com.st.stm32cube.ide.mcu.externaltools.gnu-tools-for-stm32.9-2020-q2-update.win32_1.5.0.202011040924/tools/bin/../lib/gcc/arm-none-eabi/9.3.1/../../../../arm-none-eabi/lib/thumb/v7-m/nofp\libc_nano.a(lib_a-sbrkr.o)
                0x0000000008002700                _sbrk_r
 .text.strcat   0x0000000008002720       0x1e c:/st/stm32cubeide_1.6.0/stm32cubeide/plugins/com.st.stm32cube.ide.mcu.externaltools.gnu-tools-for-stm32.9-2020-q2-update.win32_1.5.0.202011040924/tools/bin/../lib/gcc/arm-none-eabi/9.3.1/../../../../arm-none-eabi/lib/thumb/v7-m/nofp\libc_nano.a(lib_a-strcat.o)
                0x0000000008002720                strcat
 *fill*         0x000000000800273e        0x2 
 .text.__malloc_lock
                0x0000000008002740        0xc c:/st/stm32cubeide_1.6.0/stm32cubeide/plugins/com.st.stm32cube.ide.mcu.externaltools.gnu-tools-for-stm32.9-2020-q2-update.win32_1.5.0.202011040924/tools/bin/../lib/gcc/arm-none-eabi/9.3.1/../../../../arm-none-eabi/lib/thumb/v7-m/nofp\libc_nano.a(lib_a-mlock.o)
                0x0000000008002740                __malloc_lock
 .text.__malloc_unlock
                0x000000000800274c        0xc c:/st/stm32cubeide_1.6.0/stm32cubeide/plugins/com.st.stm32cube.ide.mcu.externaltools.gnu-tools-for-stm32.9-2020-q2-update.win32_1.5.0.202011040924/tools/bin/../lib/gcc/arm-none-eabi/9.3.1/../../../../arm-none-eabi/lib/thumb/v7-m/nofp\libc_nano.a(lib_a-mlock.o)
                0x000000000800274c                __malloc_unlock
 .text.__retarget_lock_acquire_recursive
                0x0000000008002758        0x2 c:/st/stm32cubeide_1.6.0/stm32cubeide/plugins/com.st.stm32cube.ide.mcu.externaltools.gnu-tools-for-stm32.9-2020-q2-update.win32_1.5.0.202011040924/tools/bin/../lib/gcc/arm-none-eabi/9.3.1/../../../../arm-none-eabi/lib/thumb/v7-m/nofp\libc_nano.a(lib_a-lock.o)
                0x0000000008002758                __retarget_lock_acquire_recursive
 .text.__retarget_lock_release_recursive
                0x000000000800275a        0x2 c:/st/stm32cubeide_1.6.0/stm32cubeide/plugins/com.st.stm32cube.ide.mcu.externaltools.gnu-tools-for-stm32.9-2020-q2-update.win32_1.5.0.202011040924/tools/bin/../lib/gcc/arm-none-eabi/9.3.1/../../../../arm-none-eabi/lib/thumb/v7-m/nofp\libc_nano.a(lib_a-lock.o)
                0x000000000800275a                __retarget_lock_release_recursive
 .text._sbrk    0x000000000800275c       0x1c c:/st/stm32cubeide_1.6.0/stm32cubeide/plugins/com.st.stm32cube.ide.mcu.externaltools.gnu-tools-for-stm32.9-2020-q2-update.win32_1.5.0.202011040924/tools/bin/../lib/gcc/arm-none-eabi/9.3.1/../../../../arm-none-eabi/lib/thumb/v7-m/nofp\libnosys.a(sbrk.o)
                0x000000000800275c                _sbrk
 *(.glue_7)
 .glue_7        0x0000000008002778        0x0 linker stubs
 *(.glue_7t)
 .glue_7t       0x0000000008002778        0x0 linker stubs
 *(.eh_frame)
 .eh_frame      0x0000000008002778        0x0 c:/st/stm32cubeide_1.6.0/stm32cubeide/plugins/com.st.stm32cube.ide.mcu.externaltools.gnu-tools-for-stm32.9-2020-q2-update.win32_1.5.0.202011040924/tools/bin/../lib/gcc/arm-none-eabi/9.3.1/thumb/v7-m/nofp/crtbegin.o
 *(.init)
 .init          0x0000000008002778        0x4 c:/st/stm32cubeide_1.6.0/stm32cubeide/plugins/com.st.stm32cube.ide.mcu.externaltools.gnu-tools-for-stm32.9-2020-q2-update.win32_1.5.0.202011040924/tools/bin/../lib/gcc/arm-none-eabi/9.3.1/thumb/v7-m/nofp/crti.o
                0x0000000008002778                _init
 .init          0x000000000800277c        0x8 c:/st/stm32cubeide_1.6.0/stm32cubeide/plugins/com.st.stm32cube.ide.mcu.externaltools.gnu-tools-for-stm32.9-2020-q2-update.win32_1.5.0.202011040924/tools/bin/../lib/gcc/arm-none-eabi/9.3.1/thumb/v7-m/nofp/crtn.o
 *(.fini)
 .fini          0x0000000008002784        0x4 c:/st/stm32cubeide_1.6.0/stm32cubeide/plugins/com.st.stm32cube.ide.mcu.externaltools.gnu-tools-for-stm32.9-2020-q2-update.win32_1.5.0.202011040924/tools/bin/../lib/gcc/arm-none-eabi/9.3.1/thumb/v7-m/nofp/crti.o
                0x0000000008002784                _fini
 .fini          0x0000000008002788        0x8 c:/st/stm32cubeide_1.6.0/stm32cubeide/plugins/com.st.stm32cube.ide.mcu.externaltools.gnu-tools-for-stm32.9-2020-q2-update.win32_1.5.0.202011040924/tools/bin/../lib/gcc/arm-none-eabi/9.3.1/thumb/v7-m/nofp/crtn.o
                0x0000000008002790                . = ALIGN (0x4)
                0x0000000008002790                _etext = .

.vfp11_veneer   0x0000000008002790        0x0
 .vfp11_veneer  0x0000000008002790        0x0 linker stubs

.v4_bx          0x0000000008002790        0x0
 .v4_bx         0x0000000008002790        0x0 linker stubs

.iplt           0x0000000008002790        0x0
 .iplt          0x0000000008002790        0x0 c:/st/stm32cubeide_1.6.0/stm32cubeide/plugins/com.st.stm32cube.ide.mcu.externaltools.gnu-tools-for-stm32.9-2020-q2-update.win32_1.5.0.202011040924/tools/bin/../lib/gcc/arm-none-eabi/9.3.1/thumb/v7-m/nofp/crtbegin.o

.rodata         0x0000000008002790       0xc4
                0x0000000008002790                . = ALIGN (0x4)
 *(.rodata)
 *(.rodata*)
 .rodata.whateva.str1.4
                0x0000000008002790       0x21 Core/Src/Bluetooth.o
 *fill*         0x00000000080027b1        0x3 
 .rodata.resolveCommand.str1.4
                0x00000000080027b4       0x73 Core/Src/Bluetooth.o
 *fill*         0x0000000008002827        0x1 
 .rodata.AHBPrescTable
                0x0000000008002828       0x10 Core/Src/system_stm32f1xx.o
                0x0000000008002828                AHBPrescTable
 .rodata.APBPrescTable
                0x0000000008002838        0x8 Core/Src/system_stm32f1xx.o
                0x0000000008002838                APBPrescTable
 .rodata.HAL_RCC_GetSysClockFreq.str1.4
                0x0000000008002840       0x11 Drivers/STM32F1xx_HAL_Driver/Src/stm32f1xx_hal_rcc.o
                0x0000000008002854                . = ALIGN (0x4)
 *fill*         0x0000000008002851        0x3 

.rel.dyn        0x0000000008002854        0x0
 .rel.iplt      0x0000000008002854        0x0 c:/st/stm32cubeide_1.6.0/stm32cubeide/plugins/com.st.stm32cube.ide.mcu.externaltools.gnu-tools-for-stm32.9-2020-q2-update.win32_1.5.0.202011040924/tools/bin/../lib/gcc/arm-none-eabi/9.3.1/thumb/v7-m/nofp/crtbegin.o

.ARM.extab      0x0000000008002854        0x0
                0x0000000008002854                . = ALIGN (0x4)
 *(.ARM.extab* .gnu.linkonce.armextab.*)
                0x0000000008002854                . = ALIGN (0x4)

.ARM            0x0000000008002854        0x0
                0x0000000008002854                . = ALIGN (0x4)
                0x0000000008002854                __exidx_start = .
 *(.ARM.exidx*)
                0x0000000008002854                __exidx_end = .
                0x0000000008002854                . = ALIGN (0x4)

.preinit_array  0x0000000008002854        0x0
                0x0000000008002854                . = ALIGN (0x4)
                0x0000000008002854                PROVIDE (__preinit_array_start = .)
 *(.preinit_array*)
                0x0000000008002854                PROVIDE (__preinit_array_end = .)
                0x0000000008002854                . = ALIGN (0x4)

.init_array     0x0000000008002854        0x4
                0x0000000008002854                . = ALIGN (0x4)
                0x0000000008002854                PROVIDE (__init_array_start = .)
 *(SORT_BY_NAME(.init_array.*))
 *(.init_array*)
 .init_array    0x0000000008002854        0x4 c:/st/stm32cubeide_1.6.0/stm32cubeide/plugins/com.st.stm32cube.ide.mcu.externaltools.gnu-tools-for-stm32.9-2020-q2-update.win32_1.5.0.202011040924/tools/bin/../lib/gcc/arm-none-eabi/9.3.1/thumb/v7-m/nofp/crtbegin.o
                0x0000000008002858                PROVIDE (__init_array_end = .)
                0x0000000008002858                . = ALIGN (0x4)

.fini_array     0x0000000008002858        0x4
                0x0000000008002858                . = ALIGN (0x4)
                [!provide]                        PROVIDE (__fini_array_start = .)
 *(SORT_BY_NAME(.fini_array.*))
 *(.fini_array*)
 .fini_array    0x0000000008002858        0x4 c:/st/stm32cubeide_1.6.0/stm32cubeide/plugins/com.st.stm32cube.ide.mcu.externaltools.gnu-tools-for-stm32.9-2020-q2-update.win32_1.5.0.202011040924/tools/bin/../lib/gcc/arm-none-eabi/9.3.1/thumb/v7-m/nofp/crtbegin.o
                [!provide]                        PROVIDE (__fini_array_end = .)
                0x000000000800285c                . = ALIGN (0x4)
                0x000000000800285c                _sidata = LOADADDR (.data)

.data           0x0000000020000000       0x70 load address 0x000000000800285c
                0x0000000020000000                . = ALIGN (0x4)
                0x0000000020000000                _sdata = .
 *(.data)
 *(.data*)
 .data.SystemCoreClock
                0x0000000020000000        0x4 Core/Src/system_stm32f1xx.o
                0x0000000020000000                SystemCoreClock
 .data.uwTickFreq
                0x0000000020000004        0x1 Drivers/STM32F1xx_HAL_Driver/Src/stm32f1xx_hal.o
                0x0000000020000004                uwTickFreq
 *fill*         0x0000000020000005        0x3 
 .data.uwTickPrio
                0x0000000020000008        0x4 Drivers/STM32F1xx_HAL_Driver/Src/stm32f1xx_hal.o
                0x0000000020000008                uwTickPrio
 .data._impure_ptr
                0x000000002000000c        0x4 c:/st/stm32cubeide_1.6.0/stm32cubeide/plugins/com.st.stm32cube.ide.mcu.externaltools.gnu-tools-for-stm32.9-2020-q2-update.win32_1.5.0.202011040924/tools/bin/../lib/gcc/arm-none-eabi/9.3.1/../../../../arm-none-eabi/lib/thumb/v7-m/nofp\libc_nano.a(lib_a-impure.o)
                0x000000002000000c                _impure_ptr
 .data.impure_data
                0x0000000020000010       0x60 c:/st/stm32cubeide_1.6.0/stm32cubeide/plugins/com.st.stm32cube.ide.mcu.externaltools.gnu-tools-for-stm32.9-2020-q2-update.win32_1.5.0.202011040924/tools/bin/../lib/gcc/arm-none-eabi/9.3.1/../../../../arm-none-eabi/lib/thumb/v7-m/nofp\libc_nano.a(lib_a-impure.o)
 *(.RamFunc)
 *(.RamFunc*)
                0x0000000020000070                . = ALIGN (0x4)
                0x0000000020000070                _edata = .

.igot.plt       0x0000000020000070        0x0 load address 0x00000000080028cc
 .igot.plt      0x0000000020000070        0x0 c:/st/stm32cubeide_1.6.0/stm32cubeide/plugins/com.st.stm32cube.ide.mcu.externaltools.gnu-tools-for-stm32.9-2020-q2-update.win32_1.5.0.202011040924/tools/bin/../lib/gcc/arm-none-eabi/9.3.1/thumb/v7-m/nofp/crtbegin.o
                0x0000000020000070                . = ALIGN (0x4)

.bss            0x0000000020000070      0x4b8 load address 0x00000000080028cc
                0x0000000020000070                _sbss = .
                0x0000000020000070                __bss_start__ = _sbss
 *(.bss)
 .bss           0x0000000020000070       0x1c c:/st/stm32cubeide_1.6.0/stm32cubeide/plugins/com.st.stm32cube.ide.mcu.externaltools.gnu-tools-for-stm32.9-2020-q2-update.win32_1.5.0.202011040924/tools/bin/../lib/gcc/arm-none-eabi/9.3.1/thumb/v7-m/nofp/crtbegin.o
 *(.bss*)
 .bss.buffindex
                0x000000002000008c        0x1 Core/Src/Bluetooth.o
                0x000000002000008c                buffindex
 .bss.timcnt    0x000000002000008d        0x1 Core/Src/Bluetooth.o
                0x000000002000008d                timcnt
 *fill*         0x000000002000008e        0x2 
 .bss.__malloc_free_list
                0x0000000020000090        0x4 c:/st/stm32cubeide_1.6.0/stm32cubeide/plugins/com.st.stm32cube.ide.mcu.externaltools.gnu-tools-for-stm32.9-2020-q2-update.win32_1.5.0.202011040924/tools/bin/../lib/gcc/arm-none-eabi/9.3.1/../../../../arm-none-eabi/lib/thumb/v7-m/nofp\libc_nano.a(lib_a-nano-mallocr.o)
                0x0000000020000090                __malloc_free_list
 .bss.__malloc_sbrk_start
                0x0000000020000094        0x4 c:/st/stm32cubeide_1.6.0/stm32cubeide/plugins/com.st.stm32cube.ide.mcu.externaltools.gnu-tools-for-stm32.9-2020-q2-update.win32_1.5.0.202011040924/tools/bin/../lib/gcc/arm-none-eabi/9.3.1/../../../../arm-none-eabi/lib/thumb/v7-m/nofp\libc_nano.a(lib_a-nano-mallocr.o)
                0x0000000020000094                __malloc_sbrk_start
 .bss.heap_end.4144
                0x0000000020000098        0x4 c:/st/stm32cubeide_1.6.0/stm32cubeide/plugins/com.st.stm32cube.ide.mcu.externaltools.gnu-tools-for-stm32.9-2020-q2-update.win32_1.5.0.202011040924/tools/bin/../lib/gcc/arm-none-eabi/9.3.1/../../../../arm-none-eabi/lib/thumb/v7-m/nofp\libnosys.a(sbrk.o)
 *(COMMON)
 COMMON         0x000000002000009c       0x32 Core/Src/Bluetooth.o
                0x000000002000009c                buff
 *fill*         0x00000000200000ce        0x2 
 COMMON         0x00000000200000d0       0xd8 Core/Src/tim.o
                0x00000000200000d0                htim4
                0x0000000020000118                htim3
                0x0000000020000160                htim2
 COMMON         0x00000000200001a8       0x80 Core/Src/usart.o
                0x00000000200001a8                huart3
                0x00000000200001e8                huart2
 COMMON         0x0000000020000228      0x2ec Core/Src/usb.o
                0x0000000020000228                hpcd_USB_FS
 COMMON         0x0000000020000514        0x4 Drivers/STM32F1xx_HAL_Driver/Src/stm32f1xx_hal.o
                0x0000000020000514                uwTick
 COMMON         0x0000000020000518        0x4 c:/st/stm32cubeide_1.6.0/stm32cubeide/plugins/com.st.stm32cube.ide.mcu.externaltools.gnu-tools-for-stm32.9-2020-q2-update.win32_1.5.0.202011040924/tools/bin/../lib/gcc/arm-none-eabi/9.3.1/../../../../arm-none-eabi/lib/thumb/v7-m/nofp\libc_nano.a(lib_a-reent.o)
                0x0000000020000518                errno
 COMMON         0x000000002000051c        0x9 c:/st/stm32cubeide_1.6.0/stm32cubeide/plugins/com.st.stm32cube.ide.mcu.externaltools.gnu-tools-for-stm32.9-2020-q2-update.win32_1.5.0.202011040924/tools/bin/../lib/gcc/arm-none-eabi/9.3.1/../../../../arm-none-eabi/lib/thumb/v7-m/nofp\libc_nano.a(lib_a-lock.o)
                0x000000002000051c                __lock___atexit_recursive_mutex
                0x000000002000051d                __lock___arc4random_mutex
                0x000000002000051e                __lock___env_recursive_mutex
                0x000000002000051f                __lock___sinit_recursive_mutex
                0x0000000020000520                __lock___malloc_recursive_mutex
                0x0000000020000521                __lock___at_quick_exit_mutex
                0x0000000020000522                __lock___dd_hash_mutex
                0x0000000020000523                __lock___tz_mutex
                0x0000000020000524                __lock___sfp_recursive_mutex
                0x0000000020000528                . = ALIGN (0x4)
 *fill*         0x0000000020000525        0x3 
                0x0000000020000528                _ebss = .
                0x0000000020000528                __bss_end__ = _ebss

._user_heap_stack
                0x0000000020000528      0x600 load address 0x00000000080028cc
                0x0000000020000528                . = ALIGN (0x8)
                0x0000000020000528                PROVIDE (end = .)
                [!provide]                        PROVIDE (_end = .)
                0x0000000020000728                . = (. + _Min_Heap_Size)
 *fill*         0x0000000020000528      0x200 
                0x0000000020000b28                . = (. + _Min_Stack_Size)
 *fill*         0x0000000020000728      0x400 
                0x0000000020000b28                . = ALIGN (0x8)

/DISCARD/
 libc.a(*)
 libm.a(*)
 libgcc.a(*)

.ARM.attributes
                0x0000000000000000       0x29
 *(.ARM.attributes)
 .ARM.attributes
                0x0000000000000000       0x1d c:/st/stm32cubeide_1.6.0/stm32cubeide/plugins/com.st.stm32cube.ide.mcu.externaltools.gnu-tools-for-stm32.9-2020-q2-update.win32_1.5.0.202011040924/tools/bin/../lib/gcc/arm-none-eabi/9.3.1/thumb/v7-m/nofp/crti.o
 .ARM.attributes
                0x000000000000001d       0x2d c:/st/stm32cubeide_1.6.0/stm32cubeide/plugins/com.st.stm32cube.ide.mcu.externaltools.gnu-tools-for-stm32.9-2020-q2-update.win32_1.5.0.202011040924/tools/bin/../lib/gcc/arm-none-eabi/9.3.1/thumb/v7-m/nofp/crtbegin.o
 .ARM.attributes
                0x000000000000004a       0x2d Core/Src/Bluetooth.o
 .ARM.attributes
                0x0000000000000077       0x2d Core/Src/Ingniter.o
 .ARM.attributes
                0x00000000000000a4       0x2d Core/Src/L298.o
 .ARM.attributes
                0x00000000000000d1       0x2d Core/Src/gpio.o
 .ARM.attributes
                0x00000000000000fe       0x2d Core/Src/main.o
 .ARM.attributes
                0x000000000000012b       0x2d Core/Src/stm32f1xx_hal_msp.o
 .ARM.attributes
                0x0000000000000158       0x2d Core/Src/stm32f1xx_it.o
 .ARM.attributes
                0x0000000000000185       0x2d Core/Src/system_stm32f1xx.o
 .ARM.attributes
                0x00000000000001b2       0x2d Core/Src/tim.o
 .ARM.attributes
                0x00000000000001df       0x2d Core/Src/usart.o
 .ARM.attributes
                0x000000000000020c       0x2d Core/Src/usb.o
 .ARM.attributes
                0x0000000000000239       0x21 Core/Startup/startup_stm32f103c8tx.o
 .ARM.attributes
                0x000000000000025a       0x2d Drivers/STM32F1xx_HAL_Driver/Src/stm32f1xx_hal.o
 .ARM.attributes
                0x0000000000000287       0x2d Drivers/STM32F1xx_HAL_Driver/Src/stm32f1xx_hal_cortex.o
 .ARM.attributes
                0x00000000000002b4       0x2d Drivers/STM32F1xx_HAL_Driver/Src/stm32f1xx_hal_dma.o
 .ARM.attributes
                0x00000000000002e1       0x2d Drivers/STM32F1xx_HAL_Driver/Src/stm32f1xx_hal_gpio.o
 .ARM.attributes
                0x000000000000030e       0x2d Drivers/STM32F1xx_HAL_Driver/Src/stm32f1xx_hal_pcd.o
 .ARM.attributes
                0x000000000000033b       0x2d Drivers/STM32F1xx_HAL_Driver/Src/stm32f1xx_hal_rcc.o
 .ARM.attributes
                0x0000000000000368       0x2d Drivers/STM32F1xx_HAL_Driver/Src/stm32f1xx_hal_rcc_ex.o
 .ARM.attributes
                0x0000000000000395       0x2d Drivers/STM32F1xx_HAL_Driver/Src/stm32f1xx_hal_tim.o
 .ARM.attributes
                0x00000000000003c2       0x2d Drivers/STM32F1xx_HAL_Driver/Src/stm32f1xx_hal_tim_ex.o
 .ARM.attributes
                0x00000000000003ef       0x2d Drivers/STM32F1xx_HAL_Driver/Src/stm32f1xx_hal_uart.o
 .ARM.attributes
                0x000000000000041c       0x2d Drivers/STM32F1xx_HAL_Driver/Src/stm32f1xx_ll_usb.o
 .ARM.attributes
                0x0000000000000449       0x2d c:/st/stm32cubeide_1.6.0/stm32cubeide/plugins/com.st.stm32cube.ide.mcu.externaltools.gnu-tools-for-stm32.9-2020-q2-update.win32_1.5.0.202011040924/tools/bin/../lib/gcc/arm-none-eabi/9.3.1/../../../../arm-none-eabi/lib/thumb/v7-m/nofp\libc_nano.a(lib_a-impure.o)
 .ARM.attributes
                0x0000000000000476       0x2d c:/st/stm32cubeide_1.6.0/stm32cubeide/plugins/com.st.stm32cube.ide.mcu.externaltools.gnu-tools-for-stm32.9-2020-q2-update.win32_1.5.0.202011040924/tools/bin/../lib/gcc/arm-none-eabi/9.3.1/../../../../arm-none-eabi/lib/thumb/v7-m/nofp\libc_nano.a(lib_a-init.o)
 .ARM.attributes
                0x00000000000004a3       0x2d c:/st/stm32cubeide_1.6.0/stm32cubeide/plugins/com.st.stm32cube.ide.mcu.externaltools.gnu-tools-for-stm32.9-2020-q2-update.win32_1.5.0.202011040924/tools/bin/../lib/gcc/arm-none-eabi/9.3.1/../../../../arm-none-eabi/lib/thumb/v7-m/nofp\libc_nano.a(lib_a-malloc.o)
 .ARM.attributes
                0x00000000000004d0       0x2d c:/st/stm32cubeide_1.6.0/stm32cubeide/plugins/com.st.stm32cube.ide.mcu.externaltools.gnu-tools-for-stm32.9-2020-q2-update.win32_1.5.0.202011040924/tools/bin/../lib/gcc/arm-none-eabi/9.3.1/../../../../arm-none-eabi/lib/thumb/v7-m/nofp\libc_nano.a(lib_a-memset.o)
 .ARM.attributes
                0x00000000000004fd       0x2d c:/st/stm32cubeide_1.6.0/stm32cubeide/plugins/com.st.stm32cube.ide.mcu.externaltools.gnu-tools-for-stm32.9-2020-q2-update.win32_1.5.0.202011040924/tools/bin/../lib/gcc/arm-none-eabi/9.3.1/../../../../arm-none-eabi/lib/thumb/v7-m/nofp\libc_nano.a(lib_a-nano-mallocr.o)
 .ARM.attributes
                0x000000000000052a       0x2d c:/st/stm32cubeide_1.6.0/stm32cubeide/plugins/com.st.stm32cube.ide.mcu.externaltools.gnu-tools-for-stm32.9-2020-q2-update.win32_1.5.0.202011040924/tools/bin/../lib/gcc/arm-none-eabi/9.3.1/../../../../arm-none-eabi/lib/thumb/v7-m/nofp\libc_nano.a(lib_a-sbrkr.o)
 .ARM.attributes
                0x0000000000000557       0x2d c:/st/stm32cubeide_1.6.0/stm32cubeide/plugins/com.st.stm32cube.ide.mcu.externaltools.gnu-tools-for-stm32.9-2020-q2-update.win32_1.5.0.202011040924/tools/bin/../lib/gcc/arm-none-eabi/9.3.1/../../../../arm-none-eabi/lib/thumb/v7-m/nofp\libc_nano.a(lib_a-strcat.o)
 .ARM.attributes
                0x0000000000000584       0x17 c:/st/stm32cubeide_1.6.0/stm32cubeide/plugins/com.st.stm32cube.ide.mcu.externaltools.gnu-tools-for-stm32.9-2020-q2-update.win32_1.5.0.202011040924/tools/bin/../lib/gcc/arm-none-eabi/9.3.1/../../../../arm-none-eabi/lib/thumb/v7-m/nofp\libc_nano.a(lib_a-strlen.o)
 .ARM.attributes
                0x000000000000059b       0x2d c:/st/stm32cubeide_1.6.0/stm32cubeide/plugins/com.st.stm32cube.ide.mcu.externaltools.gnu-tools-for-stm32.9-2020-q2-update.win32_1.5.0.202011040924/tools/bin/../lib/gcc/arm-none-eabi/9.3.1/../../../../arm-none-eabi/lib/thumb/v7-m/nofp\libc_nano.a(lib_a-mlock.o)
 .ARM.attributes
                0x00000000000005c8       0x2d c:/st/stm32cubeide_1.6.0/stm32cubeide/plugins/com.st.stm32cube.ide.mcu.externaltools.gnu-tools-for-stm32.9-2020-q2-update.win32_1.5.0.202011040924/tools/bin/../lib/gcc/arm-none-eabi/9.3.1/../../../../arm-none-eabi/lib/thumb/v7-m/nofp\libc_nano.a(lib_a-reent.o)
 .ARM.attributes
                0x00000000000005f5       0x2d c:/st/stm32cubeide_1.6.0/stm32cubeide/plugins/com.st.stm32cube.ide.mcu.externaltools.gnu-tools-for-stm32.9-2020-q2-update.win32_1.5.0.202011040924/tools/bin/../lib/gcc/arm-none-eabi/9.3.1/../../../../arm-none-eabi/lib/thumb/v7-m/nofp\libc_nano.a(lib_a-lock.o)
 .ARM.attributes
                0x0000000000000622       0x2d c:/st/stm32cubeide_1.6.0/stm32cubeide/plugins/com.st.stm32cube.ide.mcu.externaltools.gnu-tools-for-stm32.9-2020-q2-update.win32_1.5.0.202011040924/tools/bin/../lib/gcc/arm-none-eabi/9.3.1/../../../../arm-none-eabi/lib/thumb/v7-m/nofp\libnosys.a(sbrk.o)
 .ARM.attributes
                0x000000000000064f       0x1d c:/st/stm32cubeide_1.6.0/stm32cubeide/plugins/com.st.stm32cube.ide.mcu.externaltools.gnu-tools-for-stm32.9-2020-q2-update.win32_1.5.0.202011040924/tools/bin/../lib/gcc/arm-none-eabi/9.3.1/thumb/v7-m/nofp/crtn.o
OUTPUT(tanwa.elf elf32-littlearm)
LOAD linker stubs
LOAD c:/st/stm32cubeide_1.6.0/stm32cubeide/plugins/com.st.stm32cube.ide.mcu.externaltools.gnu-tools-for-stm32.9-2020-q2-update.win32_1.5.0.202011040924/tools/bin/../lib/gcc/arm-none-eabi/9.3.1/../../../../arm-none-eabi/lib/thumb/v7-m/nofp\libc.a
LOAD c:/st/stm32cubeide_1.6.0/stm32cubeide/plugins/com.st.stm32cube.ide.mcu.externaltools.gnu-tools-for-stm32.9-2020-q2-update.win32_1.5.0.202011040924/tools/bin/../lib/gcc/arm-none-eabi/9.3.1/../../../../arm-none-eabi/lib/thumb/v7-m/nofp\libm.a
LOAD c:/st/stm32cubeide_1.6.0/stm32cubeide/plugins/com.st.stm32cube.ide.mcu.externaltools.gnu-tools-for-stm32.9-2020-q2-update.win32_1.5.0.202011040924/tools/bin/../lib/gcc/arm-none-eabi/9.3.1/thumb/v7-m/nofp\libgcc.a

.debug_info     0x0000000000000000    0x1789a
 .debug_info    0x0000000000000000     0x167e Core/Src/Bluetooth.o
 .debug_info    0x000000000000167e      0xc5b Core/Src/Ingniter.o
 .debug_info    0x00000000000022d9     0x13e0 Core/Src/L298.o
 .debug_info    0x00000000000036b9      0x4c7 Core/Src/gpio.o
 .debug_info    0x0000000000003b80     0x1e12 Core/Src/main.o
 .debug_info    0x0000000000005992      0x301 Core/Src/stm32f1xx_hal_msp.o
 .debug_info    0x0000000000005c93     0x139b Core/Src/stm32f1xx_it.o
 .debug_info    0x000000000000702e      0x2cd Core/Src/system_stm32f1xx.o
 .debug_info    0x00000000000072fb     0x1081 Core/Src/tim.o
 .debug_info    0x000000000000837c      0xb72 Core/Src/usart.o
 .debug_info    0x0000000000008eee      0x809 Core/Src/usb.o
 .debug_info    0x00000000000096f7       0x22 Core/Startup/startup_stm32f103c8tx.o
 .debug_info    0x0000000000009719      0x835 Drivers/STM32F1xx_HAL_Driver/Src/stm32f1xx_hal.o
 .debug_info    0x0000000000009f4e      0xe46 Drivers/STM32F1xx_HAL_Driver/Src/stm32f1xx_hal_cortex.o
 .debug_info    0x000000000000ad94      0x981 Drivers/STM32F1xx_HAL_Driver/Src/stm32f1xx_hal_dma.o
 .debug_info    0x000000000000b715      0x761 Drivers/STM32F1xx_HAL_Driver/Src/stm32f1xx_hal_gpio.o
 .debug_info    0x000000000000be76     0x1b5f Drivers/STM32F1xx_HAL_Driver/Src/stm32f1xx_hal_pcd.o
 .debug_info    0x000000000000d9d5      0xae1 Drivers/STM32F1xx_HAL_Driver/Src/stm32f1xx_hal_rcc.o
 .debug_info    0x000000000000e4b6      0x501 Drivers/STM32F1xx_HAL_Driver/Src/stm32f1xx_hal_rcc_ex.o
 .debug_info    0x000000000000e9b7     0x3f06 Drivers/STM32F1xx_HAL_Driver/Src/stm32f1xx_hal_tim.o
 .debug_info    0x00000000000128bd     0x1a9b Drivers/STM32F1xx_HAL_Driver/Src/stm32f1xx_hal_tim_ex.o
 .debug_info    0x0000000000014358     0x1946 Drivers/STM32F1xx_HAL_Driver/Src/stm32f1xx_hal_uart.o
 .debug_info    0x0000000000015c9e     0x1bfc Drivers/STM32F1xx_HAL_Driver/Src/stm32f1xx_ll_usb.o

.debug_abbrev   0x0000000000000000     0x3458
 .debug_abbrev  0x0000000000000000      0x2f6 Core/Src/Bluetooth.o
 .debug_abbrev  0x00000000000002f6      0x234 Core/Src/Ingniter.o
 .debug_abbrev  0x000000000000052a      0x288 Core/Src/L298.o
 .debug_abbrev  0x00000000000007b2      0x17e Core/Src/gpio.o
 .debug_abbrev  0x0000000000000930      0x2f2 Core/Src/main.o
 .debug_abbrev  0x0000000000000c22      0x131 Core/Src/stm32f1xx_hal_msp.o
 .debug_abbrev  0x0000000000000d53      0x25d Core/Src/stm32f1xx_it.o
 .debug_abbrev  0x0000000000000fb0      0x154 Core/Src/system_stm32f1xx.o
 .debug_abbrev  0x0000000000001104      0x27b Core/Src/tim.o
 .debug_abbrev  0x000000000000137f      0x1f9 Core/Src/usart.o
 .debug_abbrev  0x0000000000001578      0x1df Core/Src/usb.o
 .debug_abbrev  0x0000000000001757       0x12 Core/Startup/startup_stm32f103c8tx.o
 .debug_abbrev  0x0000000000001769      0x21c Drivers/STM32F1xx_HAL_Driver/Src/stm32f1xx_hal.o
 .debug_abbrev  0x0000000000001985      0x351 Drivers/STM32F1xx_HAL_Driver/Src/stm32f1xx_hal_cortex.o
 .debug_abbrev  0x0000000000001cd6      0x282 Drivers/STM32F1xx_HAL_Driver/Src/stm32f1xx_hal_dma.o
 .debug_abbrev  0x0000000000001f58      0x214 Drivers/STM32F1xx_HAL_Driver/Src/stm32f1xx_hal_gpio.o
 .debug_abbrev  0x000000000000216c      0x34e Drivers/STM32F1xx_HAL_Driver/Src/stm32f1xx_hal_pcd.o
 .debug_abbrev  0x00000000000024ba      0x2e6 Drivers/STM32F1xx_HAL_Driver/Src/stm32f1xx_hal_rcc.o
 .debug_abbrev  0x00000000000027a0      0x1fb Drivers/STM32F1xx_HAL_Driver/Src/stm32f1xx_hal_rcc_ex.o
 .debug_abbrev  0x000000000000299b      0x2ec Drivers/STM32F1xx_HAL_Driver/Src/stm32f1xx_hal_tim.o
 .debug_abbrev  0x0000000000002c87      0x271 Drivers/STM32F1xx_HAL_Driver/Src/stm32f1xx_hal_tim_ex.o
 .debug_abbrev  0x0000000000002ef8      0x30c Drivers/STM32F1xx_HAL_Driver/Src/stm32f1xx_hal_uart.o
 .debug_abbrev  0x0000000000003204      0x254 Drivers/STM32F1xx_HAL_Driver/Src/stm32f1xx_ll_usb.o

.debug_loc      0x0000000000000000     0xddce
 .debug_loc     0x0000000000000000      0x1da Core/Src/Bluetooth.o
 .debug_loc     0x00000000000001da       0xea Core/Src/Ingniter.o
 .debug_loc     0x00000000000002c4      0x152 Core/Src/L298.o
 .debug_loc     0x0000000000000416       0x15 Core/Src/stm32f1xx_hal_msp.o
 .debug_loc     0x000000000000042b      0x103 Core/Src/system_stm32f1xx.o
 .debug_loc     0x000000000000052e       0xfb Core/Src/tim.o
 .debug_loc     0x0000000000000629       0xbe Core/Src/usart.o
 .debug_loc     0x00000000000006e7      0x141 Drivers/STM32F1xx_HAL_Driver/Src/stm32f1xx_hal.o
 .debug_loc     0x0000000000000828      0x60b Drivers/STM32F1xx_HAL_Driver/Src/stm32f1xx_hal_cortex.o
 .debug_loc     0x0000000000000e33      0x9c2 Drivers/STM32F1xx_HAL_Driver/Src/stm32f1xx_hal_dma.o
 .debug_loc     0x00000000000017f5      0x3e2 Drivers/STM32F1xx_HAL_Driver/Src/stm32f1xx_hal_gpio.o
 .debug_loc     0x0000000000001bd7     0x13fb Drivers/STM32F1xx_HAL_Driver/Src/stm32f1xx_hal_pcd.o
 .debug_loc     0x0000000000002fd2      0x636 Drivers/STM32F1xx_HAL_Driver/Src/stm32f1xx_hal_rcc.o
 .debug_loc     0x0000000000003608      0x393 Drivers/STM32F1xx_HAL_Driver/Src/stm32f1xx_hal_rcc_ex.o
 .debug_loc     0x000000000000399b     0x503d Drivers/STM32F1xx_HAL_Driver/Src/stm32f1xx_hal_tim.o
 .debug_loc     0x00000000000089d8     0x1b3b Drivers/STM32F1xx_HAL_Driver/Src/stm32f1xx_hal_tim_ex.o
 .debug_loc     0x000000000000a513     0x1976 Drivers/STM32F1xx_HAL_Driver/Src/stm32f1xx_hal_uart.o
 .debug_loc     0x000000000000be89     0x1f45 Drivers/STM32F1xx_HAL_Driver/Src/stm32f1xx_ll_usb.o

.debug_aranges  0x0000000000000000      0xe68
 .debug_aranges
                0x0000000000000000       0x40 Core/Src/Bluetooth.o
 .debug_aranges
                0x0000000000000040       0x30 Core/Src/Ingniter.o
 .debug_aranges
                0x0000000000000070       0x40 Core/Src/L298.o
 .debug_aranges
                0x00000000000000b0       0x20 Core/Src/gpio.o
 .debug_aranges
                0x00000000000000d0       0x30 Core/Src/main.o
 .debug_aranges
                0x0000000000000100       0x20 Core/Src/stm32f1xx_hal_msp.o
 .debug_aranges
                0x0000000000000120       0x70 Core/Src/stm32f1xx_it.o
 .debug_aranges
                0x0000000000000190       0x28 Core/Src/system_stm32f1xx.o
 .debug_aranges
                0x00000000000001b8       0x58 Core/Src/tim.o
 .debug_aranges
                0x0000000000000210       0x38 Core/Src/usart.o
 .debug_aranges
                0x0000000000000248       0x30 Core/Src/usb.o
 .debug_aranges
                0x0000000000000278       0x28 Core/Startup/startup_stm32f103c8tx.o
 .debug_aranges
                0x00000000000002a0       0xe0 Drivers/STM32F1xx_HAL_Driver/Src/stm32f1xx_hal.o
 .debug_aranges
                0x0000000000000380       0x90 Drivers/STM32F1xx_HAL_Driver/Src/stm32f1xx_hal_cortex.o
 .debug_aranges
                0x0000000000000410       0x78 Drivers/STM32F1xx_HAL_Driver/Src/stm32f1xx_hal_dma.o
 .debug_aranges
                0x0000000000000488       0x58 Drivers/STM32F1xx_HAL_Driver/Src/stm32f1xx_hal_gpio.o
 .debug_aranges
                0x00000000000004e0      0x120 Drivers/STM32F1xx_HAL_Driver/Src/stm32f1xx_hal_pcd.o
 .debug_aranges
                0x0000000000000600       0x88 Drivers/STM32F1xx_HAL_Driver/Src/stm32f1xx_hal_rcc.o
 .debug_aranges
                0x0000000000000688       0x30 Drivers/STM32F1xx_HAL_Driver/Src/stm32f1xx_hal_rcc_ex.o
 .debug_aranges
                0x00000000000006b8      0x3a0 Drivers/STM32F1xx_HAL_Driver/Src/stm32f1xx_hal_tim.o
 .debug_aranges
                0x0000000000000a58      0x168 Drivers/STM32F1xx_HAL_Driver/Src/stm32f1xx_hal_tim_ex.o
 .debug_aranges
                0x0000000000000bc0      0x1b8 Drivers/STM32F1xx_HAL_Driver/Src/stm32f1xx_hal_uart.o
 .debug_aranges
                0x0000000000000d78       0xf0 Drivers/STM32F1xx_HAL_Driver/Src/stm32f1xx_ll_usb.o

.debug_ranges   0x0000000000000000     0x11d8
 .debug_ranges  0x0000000000000000       0x48 Core/Src/Bluetooth.o
 .debug_ranges  0x0000000000000048       0x20 Core/Src/Ingniter.o
 .debug_ranges  0x0000000000000068       0x30 Core/Src/L298.o
 .debug_ranges  0x0000000000000098       0x10 Core/Src/gpio.o
 .debug_ranges  0x00000000000000a8       0x68 Core/Src/main.o
 .debug_ranges  0x0000000000000110       0x10 Core/Src/stm32f1xx_hal_msp.o
 .debug_ranges  0x0000000000000120       0x60 Core/Src/stm32f1xx_it.o
 .debug_ranges  0x0000000000000180       0x18 Core/Src/system_stm32f1xx.o
 .debug_ranges  0x0000000000000198       0x48 Core/Src/tim.o
 .debug_ranges  0x00000000000001e0       0x28 Core/Src/usart.o
 .debug_ranges  0x0000000000000208       0x20 Core/Src/usb.o
 .debug_ranges  0x0000000000000228       0x20 Core/Startup/startup_stm32f103c8tx.o
 .debug_ranges  0x0000000000000248       0xd0 Drivers/STM32F1xx_HAL_Driver/Src/stm32f1xx_hal.o
 .debug_ranges  0x0000000000000318       0xb0 Drivers/STM32F1xx_HAL_Driver/Src/stm32f1xx_hal_cortex.o
 .debug_ranges  0x00000000000003c8       0x98 Drivers/STM32F1xx_HAL_Driver/Src/stm32f1xx_hal_dma.o
 .debug_ranges  0x0000000000000460       0x60 Drivers/STM32F1xx_HAL_Driver/Src/stm32f1xx_hal_gpio.o
 .debug_ranges  0x00000000000004c0      0x298 Drivers/STM32F1xx_HAL_Driver/Src/stm32f1xx_hal_pcd.o
 .debug_ranges  0x0000000000000758       0x98 Drivers/STM32F1xx_HAL_Driver/Src/stm32f1xx_hal_rcc.o
 .debug_ranges  0x00000000000007f0       0x38 Drivers/STM32F1xx_HAL_Driver/Src/stm32f1xx_hal_rcc_ex.o
 .debug_ranges  0x0000000000000828      0x3c0 Drivers/STM32F1xx_HAL_Driver/Src/stm32f1xx_hal_tim.o
 .debug_ranges  0x0000000000000be8      0x158 Drivers/STM32F1xx_HAL_Driver/Src/stm32f1xx_hal_tim_ex.o
 .debug_ranges  0x0000000000000d40      0x1a8 Drivers/STM32F1xx_HAL_Driver/Src/stm32f1xx_hal_uart.o
 .debug_ranges  0x0000000000000ee8      0x2f0 Drivers/STM32F1xx_HAL_Driver/Src/stm32f1xx_ll_usb.o

.debug_macro    0x0000000000000000    0x1909c
 .debug_macro   0x0000000000000000      0x2ff Core/Src/Bluetooth.o
 .debug_macro   0x00000000000002ff      0xa9c Core/Src/Bluetooth.o
 .debug_macro   0x0000000000000d9b       0x22 Core/Src/Bluetooth.o
 .debug_macro   0x0000000000000dbd      0x221 Core/Src/Bluetooth.o
 .debug_macro   0x0000000000000fde       0x2e Core/Src/Bluetooth.o
 .debug_macro   0x000000000000100c       0x22 Core/Src/Bluetooth.o
 .debug_macro   0x000000000000102e       0x22 Core/Src/Bluetooth.o
 .debug_macro   0x0000000000001050       0x8e Core/Src/Bluetooth.o
 .debug_macro   0x00000000000010de       0x51 Core/Src/Bluetooth.o
 .debug_macro   0x000000000000112f      0x103 Core/Src/Bluetooth.o
 .debug_macro   0x0000000000001232       0x6a Core/Src/Bluetooth.o
 .debug_macro   0x000000000000129c      0x1df Core/Src/Bluetooth.o
 .debug_macro   0x000000000000147b       0x1c Core/Src/Bluetooth.o
 .debug_macro   0x0000000000001497       0x22 Core/Src/Bluetooth.o
 .debug_macro   0x00000000000014b9       0xc3 Core/Src/Bluetooth.o
 .debug_macro   0x000000000000157c      0xd23 Core/Src/Bluetooth.o
 .debug_macro   0x000000000000229f     0xe097 Core/Src/Bluetooth.o
 .debug_macro   0x0000000000010336       0x43 Core/Src/Bluetooth.o
 .debug_macro   0x0000000000010379     0x3468 Core/Src/Bluetooth.o
 .debug_macro   0x00000000000137e1      0x174 Core/Src/Bluetooth.o
 .debug_macro   0x0000000000013955       0x5c Core/Src/Bluetooth.o
 .debug_macro   0x00000000000139b1      0x5be Core/Src/Bluetooth.o
 .debug_macro   0x0000000000013f6f      0x289 Core/Src/Bluetooth.o
 .debug_macro   0x00000000000141f8      0x1cb Core/Src/Bluetooth.o
 .debug_macro   0x00000000000143c3      0x114 Core/Src/Bluetooth.o
 .debug_macro   0x00000000000144d7      0x1b2 Core/Src/Bluetooth.o
 .debug_macro   0x0000000000014689       0x27 Core/Src/Bluetooth.o
 .debug_macro   0x00000000000146b0      0x136 Core/Src/Bluetooth.o
 .debug_macro   0x00000000000147e6      0x1bc Core/Src/Bluetooth.o
 .debug_macro   0x00000000000149a2       0x34 Core/Src/Bluetooth.o
 .debug_macro   0x00000000000149d6       0x3c Core/Src/Bluetooth.o
 .debug_macro   0x0000000000014a12       0x57 Core/Src/Bluetooth.o
 .debug_macro   0x0000000000014a69       0x88 Core/Src/Bluetooth.o
 .debug_macro   0x0000000000014af1      0x241 Core/Src/Bluetooth.o
 .debug_macro   0x0000000000014d32      0x141 Core/Src/Bluetooth.o
 .debug_macro   0x0000000000014e73      0x8d1 Core/Src/Bluetooth.o
 .debug_macro   0x0000000000015744      0x26b Core/Src/Bluetooth.o
 .debug_macro   0x00000000000159af       0x65 Core/Src/Bluetooth.o
 .debug_macro   0x0000000000015a14      0x249 Core/Src/Bluetooth.o
 .debug_macro   0x0000000000015c5d       0x83 Core/Src/Bluetooth.o
 .debug_macro   0x0000000000015ce0      0x118 Core/Src/Bluetooth.o
 .debug_macro   0x0000000000015df8       0x52 Core/Src/Bluetooth.o
 .debug_macro   0x0000000000015e4a       0x18 Core/Src/Bluetooth.o
 .debug_macro   0x0000000000015e62       0x3c Core/Src/Bluetooth.o
 .debug_macro   0x0000000000015e9e       0x34 Core/Src/Bluetooth.o
 .debug_macro   0x0000000000015ed2       0x16 Core/Src/Bluetooth.o
 .debug_macro   0x0000000000015ee8       0x43 Core/Src/Bluetooth.o
 .debug_macro   0x0000000000015f2b       0x34 Core/Src/Bluetooth.o
 .debug_macro   0x0000000000015f5f       0x10 Core/Src/Bluetooth.o
 .debug_macro   0x0000000000015f6f       0x58 Core/Src/Bluetooth.o
 .debug_macro   0x0000000000015fc7       0x71 Core/Src/Bluetooth.o
 .debug_macro   0x0000000000016038       0x1c Core/Src/Bluetooth.o
 .debug_macro   0x0000000000016054      0x12a Core/Src/Bluetooth.o
 .debug_macro   0x000000000001617e      0x333 Core/Src/Bluetooth.o
 .debug_macro   0x00000000000164b1       0x10 Core/Src/Bluetooth.o
 .debug_macro   0x00000000000164c1       0x35 Core/Src/Bluetooth.o
 .debug_macro   0x00000000000164f6       0x20 Core/Src/Bluetooth.o
 .debug_macro   0x0000000000016516       0x16 Core/Src/Bluetooth.o
 .debug_macro   0x000000000001652c       0x16 Core/Src/Bluetooth.o
 .debug_macro   0x0000000000016542       0x29 Core/Src/Bluetooth.o
 .debug_macro   0x000000000001656b      0x2bf Core/Src/Ingniter.o
 .debug_macro   0x000000000001682a      0x2c9 Core/Src/L298.o
 .debug_macro   0x0000000000016af3      0x1e0 Core/Src/gpio.o
 .debug_macro   0x0000000000016cd3      0x32d Core/Src/main.o
 .debug_macro   0x0000000000017000       0x16 Core/Src/main.o
 .debug_macro   0x0000000000017016      0x1d6 Core/Src/stm32f1xx_hal_msp.o
 .debug_macro   0x00000000000171ec      0x30d Core/Src/stm32f1xx_it.o
 .debug_macro   0x00000000000174f9      0x1c7 Core/Src/system_stm32f1xx.o
 .debug_macro   0x00000000000176c0      0x1e0 Core/Src/tim.o
 .debug_macro   0x00000000000178a0      0x1e0 Core/Src/usart.o
 .debug_macro   0x0000000000017a80      0x1e0 Core/Src/usb.o
 .debug_macro   0x0000000000017c60      0x1eb Drivers/STM32F1xx_HAL_Driver/Src/stm32f1xx_hal.o
 .debug_macro   0x0000000000017e4b      0x1c7 Drivers/STM32F1xx_HAL_Driver/Src/stm32f1xx_hal_cortex.o
 .debug_macro   0x0000000000018012      0x1c7 Drivers/STM32F1xx_HAL_Driver/Src/stm32f1xx_hal_dma.o
 .debug_macro   0x00000000000181d9      0x232 Drivers/STM32F1xx_HAL_Driver/Src/stm32f1xx_hal_gpio.o
 .debug_macro   0x000000000001840b      0x1d3 Drivers/STM32F1xx_HAL_Driver/Src/stm32f1xx_hal_pcd.o
 .debug_macro   0x00000000000185de      0x1d9 Drivers/STM32F1xx_HAL_Driver/Src/stm32f1xx_hal_rcc.o
 .debug_macro   0x00000000000187b7      0x1c7 Drivers/STM32F1xx_HAL_Driver/Src/stm32f1xx_hal_rcc_ex.o
 .debug_macro   0x000000000001897e      0x1c8 Drivers/STM32F1xx_HAL_Driver/Src/stm32f1xx_hal_tim.o
 .debug_macro   0x0000000000018b46      0x1c7 Drivers/STM32F1xx_HAL_Driver/Src/stm32f1xx_hal_tim_ex.o
 .debug_macro   0x0000000000018d0d      0x1c8 Drivers/STM32F1xx_HAL_Driver/Src/stm32f1xx_hal_uart.o
 .debug_macro   0x0000000000018ed5      0x1c7 Drivers/STM32F1xx_HAL_Driver/Src/stm32f1xx_ll_usb.o

.debug_line     0x0000000000000000    0x16d0d
 .debug_line    0x0000000000000000      0x9c1 Core/Src/Bluetooth.o
 .debug_line    0x00000000000009c1      0x899 Core/Src/Ingniter.o
 .debug_line    0x000000000000125a      0x9db Core/Src/L298.o
 .debug_line    0x0000000000001c35      0x790 Core/Src/gpio.o
 .debug_line    0x00000000000023c5      0xa31 Core/Src/main.o
 .debug_line    0x0000000000002df6      0x6d5 Core/Src/stm32f1xx_hal_msp.o
 .debug_line    0x00000000000034cb      0x9d0 Core/Src/stm32f1xx_it.o
 .debug_line    0x0000000000003e9b      0x76f Core/Src/system_stm32f1xx.o
 .debug_line    0x000000000000460a      0xa27 Core/Src/tim.o
 .debug_line    0x0000000000005031      0x887 Core/Src/usart.o
 .debug_line    0x00000000000058b8      0x74e Core/Src/usb.o
 .debug_line    0x0000000000006006       0x84 Core/Startup/startup_stm32f103c8tx.o
 .debug_line    0x000000000000608a      0x9dd Drivers/STM32F1xx_HAL_Driver/Src/stm32f1xx_hal.o
 .debug_line    0x0000000000006a67      0xb45 Drivers/STM32F1xx_HAL_Driver/Src/stm32f1xx_hal_cortex.o
 .debug_line    0x00000000000075ac      0xf6d Drivers/STM32F1xx_HAL_Driver/Src/stm32f1xx_hal_dma.o
 .debug_line    0x0000000000008519      0xae7 Drivers/STM32F1xx_HAL_Driver/Src/stm32f1xx_hal_gpio.o
 .debug_line    0x0000000000009000     0x17ca Drivers/STM32F1xx_HAL_Driver/Src/stm32f1xx_hal_pcd.o
 .debug_line    0x000000000000a7ca     0x10a9 Drivers/STM32F1xx_HAL_Driver/Src/stm32f1xx_hal_rcc.o
 .debug_line    0x000000000000b873      0x96b Drivers/STM32F1xx_HAL_Driver/Src/stm32f1xx_hal_rcc_ex.o
 .debug_line    0x000000000000c1de     0x4c5b Drivers/STM32F1xx_HAL_Driver/Src/stm32f1xx_hal_tim.o
 .debug_line    0x0000000000010e39     0x21b8 Drivers/STM32F1xx_HAL_Driver/Src/stm32f1xx_hal_tim_ex.o
 .debug_line    0x0000000000012ff1     0x1fee Drivers/STM32F1xx_HAL_Driver/Src/stm32f1xx_hal_uart.o
 .debug_line    0x0000000000014fdf     0x1d2e Drivers/STM32F1xx_HAL_Driver/Src/stm32f1xx_ll_usb.o

.debug_str      0x0000000000000000    0x8cd58
 .debug_str     0x0000000000000000    0x892c3 Core/Src/Bluetooth.o
                                      0x8977f (size before relaxing)
 .debug_str     0x00000000000892c3       0xda Core/Src/Ingniter.o
                                      0x8909a (size before relaxing)
 .debug_str     0x000000000008939d      0x127 Core/Src/L298.o
                                      0x89637 (size before relaxing)
 .debug_str     0x00000000000894c4       0xbc Core/Src/gpio.o
                                      0x85d9d (size before relaxing)
 .debug_str     0x0000000000089580      0x60b Core/Src/main.o
                                      0x89e32 (size before relaxing)
 .debug_str     0x0000000000089b8b       0x50 Core/Src/stm32f1xx_hal_msp.o
                                      0x85d33 (size before relaxing)
 .debug_str     0x0000000000089bdb      0x112 Core/Src/stm32f1xx_it.o
                                      0x897c6 (size before relaxing)
 .debug_str     0x0000000000089ced       0x52 Core/Src/system_stm32f1xx.o
                                      0x85887 (size before relaxing)
 .debug_str     0x0000000000089d3f      0x4c2 Core/Src/tim.o
                                      0x867d7 (size before relaxing)
 .debug_str     0x000000000008a201       0x61 Core/Src/usart.o
                                      0x864ae (size before relaxing)
 .debug_str     0x000000000008a262       0x4b Core/Src/usb.o
                                      0x860ed (size before relaxing)
 .debug_str     0x000000000008a2ad       0x36 Core/Startup/startup_stm32f103c8tx.o
                                         0x6f (size before relaxing)
 .debug_str     0x000000000008a2e3      0x315 Drivers/STM32F1xx_HAL_Driver/Src/stm32f1xx_hal.o
                                      0x85f5d (size before relaxing)
 .debug_str     0x000000000008a5f8      0x26c Drivers/STM32F1xx_HAL_Driver/Src/stm32f1xx_hal_cortex.o
                                      0x85f20 (size before relaxing)
 .debug_str     0x000000000008a864      0x235 Drivers/STM32F1xx_HAL_Driver/Src/stm32f1xx_hal_dma.o
                                      0x85c6e (size before relaxing)
 .debug_str     0x000000000008aa99      0x2de Drivers/STM32F1xx_HAL_Driver/Src/stm32f1xx_hal_gpio.o
                                      0x85c4b (size before relaxing)
 .debug_str     0x000000000008ad77      0x54f Drivers/STM32F1xx_HAL_Driver/Src/stm32f1xx_hal_pcd.o
                                      0x8617b (size before relaxing)
 .debug_str     0x000000000008b2c6      0x229 Drivers/STM32F1xx_HAL_Driver/Src/stm32f1xx_hal_rcc.o
                                      0x85cab (size before relaxing)
 .debug_str     0x000000000008b4ef       0x9f Drivers/STM32F1xx_HAL_Driver/Src/stm32f1xx_hal_rcc_ex.o
                                      0x85a32 (size before relaxing)
 .debug_str     0x000000000008b58e      0xce1 Drivers/STM32F1xx_HAL_Driver/Src/stm32f1xx_hal_tim.o
                                      0x86ca9 (size before relaxing)
 .debug_str     0x000000000008c26f      0x4d9 Drivers/STM32F1xx_HAL_Driver/Src/stm32f1xx_hal_tim_ex.o
                                      0x864d3 (size before relaxing)
 .debug_str     0x000000000008c748      0x4e8 Drivers/STM32F1xx_HAL_Driver/Src/stm32f1xx_hal_uart.o
                                      0x86201 (size before relaxing)
 .debug_str     0x000000000008cc30      0x128 Drivers/STM32F1xx_HAL_Driver/Src/stm32f1xx_ll_usb.o
                                      0x85d5a (size before relaxing)

.comment        0x0000000000000000       0x53
 .comment       0x0000000000000000       0x53 Core/Src/Bluetooth.o
                                         0x54 (size before relaxing)
 .comment       0x0000000000000053       0x54 Core/Src/Ingniter.o
 .comment       0x0000000000000053       0x54 Core/Src/L298.o
 .comment       0x0000000000000053       0x54 Core/Src/gpio.o
 .comment       0x0000000000000053       0x54 Core/Src/main.o
 .comment       0x0000000000000053       0x54 Core/Src/stm32f1xx_hal_msp.o
 .comment       0x0000000000000053       0x54 Core/Src/stm32f1xx_it.o
 .comment       0x0000000000000053       0x54 Core/Src/system_stm32f1xx.o
 .comment       0x0000000000000053       0x54 Core/Src/tim.o
 .comment       0x0000000000000053       0x54 Core/Src/usart.o
 .comment       0x0000000000000053       0x54 Core/Src/usb.o
 .comment       0x0000000000000053       0x54 Drivers/STM32F1xx_HAL_Driver/Src/stm32f1xx_hal.o
 .comment       0x0000000000000053       0x54 Drivers/STM32F1xx_HAL_Driver/Src/stm32f1xx_hal_cortex.o
 .comment       0x0000000000000053       0x54 Drivers/STM32F1xx_HAL_Driver/Src/stm32f1xx_hal_dma.o
 .comment       0x0000000000000053       0x54 Drivers/STM32F1xx_HAL_Driver/Src/stm32f1xx_hal_gpio.o
 .comment       0x0000000000000053       0x54 Drivers/STM32F1xx_HAL_Driver/Src/stm32f1xx_hal_pcd.o
 .comment       0x0000000000000053       0x54 Drivers/STM32F1xx_HAL_Driver/Src/stm32f1xx_hal_rcc.o
 .comment       0x0000000000000053       0x54 Drivers/STM32F1xx_HAL_Driver/Src/stm32f1xx_hal_rcc_ex.o
 .comment       0x0000000000000053       0x54 Drivers/STM32F1xx_HAL_Driver/Src/stm32f1xx_hal_tim.o
 .comment       0x0000000000000053       0x54 Drivers/STM32F1xx_HAL_Driver/Src/stm32f1xx_hal_tim_ex.o
 .comment       0x0000000000000053       0x54 Drivers/STM32F1xx_HAL_Driver/Src/stm32f1xx_hal_uart.o
 .comment       0x0000000000000053       0x54 Drivers/STM32F1xx_HAL_Driver/Src/stm32f1xx_ll_usb.o

.debug_frame    0x0000000000000000     0x273c
 .debug_frame   0x0000000000000000       0xac Core/Src/Bluetooth.o
 .debug_frame   0x00000000000000ac       0x60 Core/Src/Ingniter.o
 .debug_frame   0x000000000000010c       0x98 Core/Src/L298.o
 .debug_frame   0x00000000000001a4       0x38 Core/Src/gpio.o
 .debug_frame   0x00000000000001dc       0x60 Core/Src/main.o
 .debug_frame   0x000000000000023c       0x28 Core/Src/stm32f1xx_hal_msp.o
 .debug_frame   0x0000000000000264       0xd8 Core/Src/stm32f1xx_it.o
 .debug_frame   0x000000000000033c       0x30 Core/Src/system_stm32f1xx.o
 .debug_frame   0x000000000000036c       0xf0 Core/Src/tim.o
 .debug_frame   0x000000000000045c       0x7c Core/Src/usart.o
 .debug_frame   0x00000000000004d8       0x50 Core/Src/usb.o
 .debug_frame   0x0000000000000528      0x1cc Drivers/STM32F1xx_HAL_Driver/Src/stm32f1xx_hal.o
 .debug_frame   0x00000000000006f4      0x12c Drivers/STM32F1xx_HAL_Driver/Src/stm32f1xx_hal_cortex.o
 .debug_frame   0x0000000000000820      0x144 Drivers/STM32F1xx_HAL_Driver/Src/stm32f1xx_hal_dma.o
 .debug_frame   0x0000000000000964       0xe4 Drivers/STM32F1xx_HAL_Driver/Src/stm32f1xx_hal_gpio.o
 .debug_frame   0x0000000000000a48      0x308 Drivers/STM32F1xx_HAL_Driver/Src/stm32f1xx_hal_pcd.o
 .debug_frame   0x0000000000000d50      0x17c Drivers/STM32F1xx_HAL_Driver/Src/stm32f1xx_hal_rcc.o
 .debug_frame   0x0000000000000ecc       0x68 Drivers/STM32F1xx_HAL_Driver/Src/stm32f1xx_hal_rcc_ex.o
 .debug_frame   0x0000000000000f34      0xaac Drivers/STM32F1xx_HAL_Driver/Src/stm32f1xx_hal_tim.o
 .debug_frame   0x00000000000019e0      0x418 Drivers/STM32F1xx_HAL_Driver/Src/stm32f1xx_hal_tim_ex.o
 .debug_frame   0x0000000000001df8      0x4bc Drivers/STM32F1xx_HAL_Driver/Src/stm32f1xx_hal_uart.o
 .debug_frame   0x00000000000022b4      0x22c Drivers/STM32F1xx_HAL_Driver/Src/stm32f1xx_ll_usb.o
 .debug_frame   0x00000000000024e0       0x2c c:/st/stm32cubeide_1.6.0/stm32cubeide/plugins/com.st.stm32cube.ide.mcu.externaltools.gnu-tools-for-stm32.9-2020-q2-update.win32_1.5.0.202011040924/tools/bin/../lib/gcc/arm-none-eabi/9.3.1/../../../../arm-none-eabi/lib/thumb/v7-m/nofp\libc_nano.a(lib_a-init.o)
 .debug_frame   0x000000000000250c       0x30 c:/st/stm32cubeide_1.6.0/stm32cubeide/plugins/com.st.stm32cube.ide.mcu.externaltools.gnu-tools-for-stm32.9-2020-q2-update.win32_1.5.0.202011040924/tools/bin/../lib/gcc/arm-none-eabi/9.3.1/../../../../arm-none-eabi/lib/thumb/v7-m/nofp\libc_nano.a(lib_a-malloc.o)
 .debug_frame   0x000000000000253c       0x20 c:/st/stm32cubeide_1.6.0/stm32cubeide/plugins/com.st.stm32cube.ide.mcu.externaltools.gnu-tools-for-stm32.9-2020-q2-update.win32_1.5.0.202011040924/tools/bin/../lib/gcc/arm-none-eabi/9.3.1/../../../../arm-none-eabi/lib/thumb/v7-m/nofp\libc_nano.a(lib_a-memset.o)
 .debug_frame   0x000000000000255c       0x30 c:/st/stm32cubeide_1.6.0/stm32cubeide/plugins/com.st.stm32cube.ide.mcu.externaltools.gnu-tools-for-stm32.9-2020-q2-update.win32_1.5.0.202011040924/tools/bin/../lib/gcc/arm-none-eabi/9.3.1/../../../../arm-none-eabi/lib/thumb/v7-m/nofp\libc_nano.a(lib_a-nano-mallocr.o)
 .debug_frame   0x000000000000258c       0x2c c:/st/stm32cubeide_1.6.0/stm32cubeide/plugins/com.st.stm32cube.ide.mcu.externaltools.gnu-tools-for-stm32.9-2020-q2-update.win32_1.5.0.202011040924/tools/bin/../lib/gcc/arm-none-eabi/9.3.1/../../../../arm-none-eabi/lib/thumb/v7-m/nofp\libc_nano.a(lib_a-sbrkr.o)
 .debug_frame   0x00000000000025b8       0x28 c:/st/stm32cubeide_1.6.0/stm32cubeide/plugins/com.st.stm32cube.ide.mcu.externaltools.gnu-tools-for-stm32.9-2020-q2-update.win32_1.5.0.202011040924/tools/bin/../lib/gcc/arm-none-eabi/9.3.1/../../../../arm-none-eabi/lib/thumb/v7-m/nofp\libc_nano.a(lib_a-strcat.o)
 .debug_frame   0x00000000000025e0       0x30 c:/st/stm32cubeide_1.6.0/stm32cubeide/plugins/com.st.stm32cube.ide.mcu.externaltools.gnu-tools-for-stm32.9-2020-q2-update.win32_1.5.0.202011040924/tools/bin/../lib/gcc/arm-none-eabi/9.3.1/../../../../arm-none-eabi/lib/thumb/v7-m/nofp\libc_nano.a(lib_a-mlock.o)
 .debug_frame   0x0000000000002610       0x5c c:/st/stm32cubeide_1.6.0/stm32cubeide/plugins/com.st.stm32cube.ide.mcu.externaltools.gnu-tools-for-stm32.9-2020-q2-update.win32_1.5.0.202011040924/tools/bin/../lib/gcc/arm-none-eabi/9.3.1/../../../../arm-none-eabi/lib/thumb/v7-m/nofp\libc_nano.a(lib_a-reent.o)
 .debug_frame   0x000000000000266c       0xb0 c:/st/stm32cubeide_1.6.0/stm32cubeide/plugins/com.st.stm32cube.ide.mcu.externaltools.gnu-tools-for-stm32.9-2020-q2-update.win32_1.5.0.202011040924/tools/bin/../lib/gcc/arm-none-eabi/9.3.1/../../../../arm-none-eabi/lib/thumb/v7-m/nofp\libc_nano.a(lib_a-lock.o)
 .debug_frame   0x000000000000271c       0x20 c:/st/stm32cubeide_1.6.0/stm32cubeide/plugins/com.st.stm32cube.ide.mcu.externaltools.gnu-tools-for-stm32.9-2020-q2-update.win32_1.5.0.202011040924/tools/bin/../lib/gcc/arm-none-eabi/9.3.1/../../../../arm-none-eabi/lib/thumb/v7-m/nofp\libnosys.a(sbrk.o)
