Archive member included to satisfy reference by file (symbol)

c:/st/stm32cubeide_1.6.0/stm32cubeide/plugins/com.st.stm32cube.ide.mcu.externaltools.gnu-tools-for-stm32.9-2020-q2-update.win32_1.5.0.202011040924/tools/bin/../lib/gcc/arm-none-eabi/9.3.1/../../../../arm-none-eabi/lib/thumb/v7-m/nofp\libc_nano.a(lib_a-exit.o)
                              c:/st/stm32cubeide_1.6.0/stm32cubeide/plugins/com.st.stm32cube.ide.mcu.externaltools.gnu-tools-for-stm32.9-2020-q2-update.win32_1.5.0.202011040924/tools/bin/../lib/gcc/arm-none-eabi/9.3.1/../../../../arm-none-eabi/lib/thumb/v7-m/nofp/crt0.o (exit)
c:/st/stm32cubeide_1.6.0/stm32cubeide/plugins/com.st.stm32cube.ide.mcu.externaltools.gnu-tools-for-stm32.9-2020-q2-update.win32_1.5.0.202011040924/tools/bin/../lib/gcc/arm-none-eabi/9.3.1/../../../../arm-none-eabi/lib/thumb/v7-m/nofp\libc_nano.a(lib_a-impure.o)
                              c:/st/stm32cubeide_1.6.0/stm32cubeide/plugins/com.st.stm32cube.ide.mcu.externaltools.gnu-tools-for-stm32.9-2020-q2-update.win32_1.5.0.202011040924/tools/bin/../lib/gcc/arm-none-eabi/9.3.1/../../../../arm-none-eabi/lib/thumb/v7-m/nofp\libc_nano.a(lib_a-exit.o) (_global_impure_ptr)
c:/st/stm32cubeide_1.6.0/stm32cubeide/plugins/com.st.stm32cube.ide.mcu.externaltools.gnu-tools-for-stm32.9-2020-q2-update.win32_1.5.0.202011040924/tools/bin/../lib/gcc/arm-none-eabi/9.3.1/../../../../arm-none-eabi/lib/thumb/v7-m/nofp\libc_nano.a(lib_a-init.o)
                              c:/st/stm32cubeide_1.6.0/stm32cubeide/plugins/com.st.stm32cube.ide.mcu.externaltools.gnu-tools-for-stm32.9-2020-q2-update.win32_1.5.0.202011040924/tools/bin/../lib/gcc/arm-none-eabi/9.3.1/../../../../arm-none-eabi/lib/thumb/v7-m/nofp/crt0.o (__libc_init_array)
c:/st/stm32cubeide_1.6.0/stm32cubeide/plugins/com.st.stm32cube.ide.mcu.externaltools.gnu-tools-for-stm32.9-2020-q2-update.win32_1.5.0.202011040924/tools/bin/../lib/gcc/arm-none-eabi/9.3.1/../../../../arm-none-eabi/lib/thumb/v7-m/nofp\libc_nano.a(lib_a-malloc.o)
                              Core/Src/Bluetooth.o (malloc)
c:/st/stm32cubeide_1.6.0/stm32cubeide/plugins/com.st.stm32cube.ide.mcu.externaltools.gnu-tools-for-stm32.9-2020-q2-update.win32_1.5.0.202011040924/tools/bin/../lib/gcc/arm-none-eabi/9.3.1/../../../../arm-none-eabi/lib/thumb/v7-m/nofp\libc_nano.a(lib_a-memset.o)
                              c:/st/stm32cubeide_1.6.0/stm32cubeide/plugins/com.st.stm32cube.ide.mcu.externaltools.gnu-tools-for-stm32.9-2020-q2-update.win32_1.5.0.202011040924/tools/bin/../lib/gcc/arm-none-eabi/9.3.1/../../../../arm-none-eabi/lib/thumb/v7-m/nofp/crt0.o (memset)
c:/st/stm32cubeide_1.6.0/stm32cubeide/plugins/com.st.stm32cube.ide.mcu.externaltools.gnu-tools-for-stm32.9-2020-q2-update.win32_1.5.0.202011040924/tools/bin/../lib/gcc/arm-none-eabi/9.3.1/../../../../arm-none-eabi/lib/thumb/v7-m/nofp\libc_nano.a(lib_a-nano-freer.o)
                              c:/st/stm32cubeide_1.6.0/stm32cubeide/plugins/com.st.stm32cube.ide.mcu.externaltools.gnu-tools-for-stm32.9-2020-q2-update.win32_1.5.0.202011040924/tools/bin/../lib/gcc/arm-none-eabi/9.3.1/../../../../arm-none-eabi/lib/thumb/v7-m/nofp\libc_nano.a(lib_a-malloc.o) (_free_r)
c:/st/stm32cubeide_1.6.0/stm32cubeide/plugins/com.st.stm32cube.ide.mcu.externaltools.gnu-tools-for-stm32.9-2020-q2-update.win32_1.5.0.202011040924/tools/bin/../lib/gcc/arm-none-eabi/9.3.1/../../../../arm-none-eabi/lib/thumb/v7-m/nofp\libc_nano.a(lib_a-nano-mallocr.o)
                              c:/st/stm32cubeide_1.6.0/stm32cubeide/plugins/com.st.stm32cube.ide.mcu.externaltools.gnu-tools-for-stm32.9-2020-q2-update.win32_1.5.0.202011040924/tools/bin/../lib/gcc/arm-none-eabi/9.3.1/../../../../arm-none-eabi/lib/thumb/v7-m/nofp\libc_nano.a(lib_a-malloc.o) (_malloc_r)
c:/st/stm32cubeide_1.6.0/stm32cubeide/plugins/com.st.stm32cube.ide.mcu.externaltools.gnu-tools-for-stm32.9-2020-q2-update.win32_1.5.0.202011040924/tools/bin/../lib/gcc/arm-none-eabi/9.3.1/../../../../arm-none-eabi/lib/thumb/v7-m/nofp\libc_nano.a(lib_a-sbrkr.o)
                              c:/st/stm32cubeide_1.6.0/stm32cubeide/plugins/com.st.stm32cube.ide.mcu.externaltools.gnu-tools-for-stm32.9-2020-q2-update.win32_1.5.0.202011040924/tools/bin/../lib/gcc/arm-none-eabi/9.3.1/../../../../arm-none-eabi/lib/thumb/v7-m/nofp\libc_nano.a(lib_a-nano-mallocr.o) (_sbrk_r)
c:/st/stm32cubeide_1.6.0/stm32cubeide/plugins/com.st.stm32cube.ide.mcu.externaltools.gnu-tools-for-stm32.9-2020-q2-update.win32_1.5.0.202011040924/tools/bin/../lib/gcc/arm-none-eabi/9.3.1/../../../../arm-none-eabi/lib/thumb/v7-m/nofp\libc_nano.a(lib_a-strlen.o)
                              Core/Src/main.o (strlen)
c:/st/stm32cubeide_1.6.0/stm32cubeide/plugins/com.st.stm32cube.ide.mcu.externaltools.gnu-tools-for-stm32.9-2020-q2-update.win32_1.5.0.202011040924/tools/bin/../lib/gcc/arm-none-eabi/9.3.1/../../../../arm-none-eabi/lib/thumb/v7-m/nofp\libc_nano.a(lib_a-mlock.o)
[...]
Memory Configuration

Name             Origin             Length             Attributes
RAM              0x0000000020000000 0x0000000000005000 xrw
FLASH            0x0000000008000000 0x0000000000010000 xr
*default*        0x0000000000000000 0xffffffffffffffff

Linker script and memory map

LOAD c:/st/stm32cubeide_1.6.0/stm32cubeide/plugins/com.st.stm32cube.ide.mcu.externaltools.gnu-tools-for-stm32.9-2020-q2-update.win32_1.5.0.202011040924/tools/bin/../lib/gcc/arm-none-eabi/9.3.1/thumb/v7-m/nofp/crti.o
LOAD c:/st/stm32cubeide_1.6.0/stm32cubeide/plugins/com.st.stm32cube.ide.mcu.externaltools.gnu-tools-for-stm32.9-2020-q2-update.win32_1.5.0.202011040924/tools/bin/../lib/gcc/arm-none-eabi/9.3.1/thumb/v7-m/nofp/crtbegin.o
LOAD c:/st/stm32cubeide_1.6.0/stm32cubeide/plugins/com.st.stm32cube.ide.mcu.externaltools.gnu-tools-for-stm32.9-2020-q2-update.win32_1.5.0.202011040924/tools/bin/../lib/gcc/arm-none-eabi/9.3.1/../../../../arm-none-eabi/lib/thumb/v7-m/nofp/crt0.o
LOAD Core/Src/Bluetooth.o
LOAD Core/Src/Ingniter.o
LOAD Core/Src/L298.o
LOAD Core/Src/commands.o
LOAD Core/Src/gpio.o
LOAD Core/Src/hx711.o
LOAD Core/Src/main.o
LOAD Core/Src/stm32f1xx_hal_msp.o
LOAD Core/Src/stm32f1xx_it.o
LOAD Core/Src/system_stm32f1xx.o
LOAD Core/Src/tim.o
LOAD Core/Src/usart.o
LOAD Core/Src/usb.o
LOAD Core/Startup/startup_stm32f103c8tx.o
LOAD Drivers/STM32F1xx_HAL_Driver/Src/stm32f1xx_hal.o
LOAD Drivers/STM32F1xx_HAL_Driver/Src/stm32f1xx_hal_cortex.o
LOAD Drivers/STM32F1xx_HAL_Driver/Src/stm32f1xx_hal_dma.o
LOAD Drivers/STM32F1xx_HAL_Driver/Src/stm32f1xx_hal_exti.o
LOAD Drivers/STM32F1xx_HAL_Driver/Src/stm32f1xx_hal_flash.o
LOAD Drivers/STM32F1xx_HAL_Driver/Src/stm32f1xx_hal_flash_ex.o
LOAD Drivers/STM32F1xx_HAL_Driver/Src/stm32f1xx_hal_gpio.o
LOAD Drivers/STM32F1xx_HAL_Driver/Src/stm32f1xx_hal_gpio_ex.o
LOAD Drivers/STM32F1xx_HAL_Driver/Src/stm32f1xx_hal_pcd.o
LOAD Drivers/STM32F1xx_HAL_Driver/Src/stm32f1xx_hal_pcd_ex.o
LOAD Drivers/STM32F1xx_HAL_Driver/Src/stm32f1xx_hal_pwr.o
LOAD Drivers/STM32F1xx_HAL_Driver/Src/stm32f1xx_hal_rcc.o
LOAD Drivers/STM32F1xx_HAL_Driver/Src/stm32f1xx_hal_rcc_ex.o
LOAD Drivers/STM32F1xx_HAL_Driver/Src/stm32f1xx_hal_tim.o
LOAD Drivers/STM32F1xx_HAL_Driver/Src/stm32f1xx_hal_tim_ex.o
LOAD Drivers/STM32F1xx_HAL_Driver/Src/stm32f1xx_hal_uart.o
LOAD Drivers/STM32F1xx_HAL_Driver/Src/stm32f1xx_ll_usb.o
START GROUP
LOAD c:/st/stm32cubeide_1.6.0/stm32cubeide/plugins/com.st.stm32cube.ide.mcu.externaltools.gnu-tools-for-stm32.9-2020-q2-update.win32_1.5.0.202011040924/tools/bin/../lib/gcc/arm-none-eabi/9.3.1/../../../../arm-none-eabi/lib/thumb/v7-m/nofp\libc_nano.a
LOAD c:/st/stm32cubeide_1.6.0/stm32cubeide/plugins/com.st.stm32cube.ide.mcu.externaltools.gnu-tools-for-stm32.9-2020-q2-update.win32_1.5.0.202011040924/tools/bin/../lib/gcc/arm-none-eabi/9.3.1/../../../../arm-none-eabi/lib/thumb/v7-m/nofp\libm.a
END GROUP
START GROUP
LOAD c:/st/stm32cubeide_1.6.0/stm32cubeide/plugins/com.st.stm32cube.ide.mcu.externaltools.gnu-tools-for-stm32.9-2020-q2-update.win32_1.5.0.202011040924/tools/bin/../lib/gcc/arm-none-eabi/9.3.1/thumb/v7-m/nofp\libgcc.a
LOAD c:/st/stm32cubeide_1.6.0/stm32cubeide/plugins/com.st.stm32cube.ide.mcu.externaltools.gnu-tools-for-stm32.9-2020-q2-update.win32_1.5.0.202011040924/tools/bin/../lib/gcc/arm-none-eabi/9.3.1/../../../../arm-none-eabi/lib/thumb/v7-m/nofp\libc_nano.a
END GROUP
START GROUP
LOAD c:/st/stm32cubeide_1.6.0/stm32cubeide/plugins/com.st.stm32cube.ide.mcu.externaltools.gnu-tools-for-stm32.9-2020-q2-update.win32_1.5.0.202011040924/tools/bin/../lib/gcc/arm-none-eabi/9.3.1/thumb/v7-m/nofp\libgcc.a
LOAD c:/st/stm32cubeide_1.6.0/stm32cubeide/plugins/com.st.stm32cube.ide.mcu.externaltools.gnu-tools-for-stm32.9-2020-q2-update.win32_1.5.0.202011040924/tools/bin/../lib/gcc/arm-none-eabi/9.3.1/../../../../arm-none-eabi/lib/thumb/v7-m/nofp\libc_nano.a
LOAD c:/st/stm32cubeide_1.6.0/stm32cubeide/plugins/com.st.stm32cube.ide.mcu.externaltools.gnu-tools-for-stm32.9-2020-q2-update.win32_1.5.0.202011040924/tools/bin/../lib/gcc/arm-none-eabi/9.3.1/../../../../arm-none-eabi/lib/thumb/v7-m/nofp\libnosys.a
END GROUP
START GROUP
LOAD c:/st/stm32cubeide_1.6.0/stm32cubeide/plugins/com.st.stm32cube.ide.mcu.externaltools.gnu-tools-for-stm32.9-2020-q2-update.win32_1.5.0.202011040924/tools/bin/../lib/gcc/arm-none-eabi/9.3.1/thumb/v7-m/nofp\libgcc.a
LOAD c:/st/stm32cubeide_1.6.0/stm32cubeide/plugins/com.st.stm32cube.ide.mcu.externaltools.gnu-tools-for-stm32.9-2020-q2-update.win32_1.5.0.202011040924/tools/bin/../lib/gcc/arm-none-eabi/9.3.1/../../../../arm-none-eabi/lib/thumb/v7-m/nofp\libc_nano.a
LOAD c:/st/stm32cubeide_1.6.0/stm32cubeide/plugins/com.st.stm32cube.ide.mcu.externaltools.gnu-tools-for-stm32.9-2020-q2-update.win32_1.5.0.202011040924/tools/bin/../lib/gcc/arm-none-eabi/9.3.1/../../../../arm-none-eabi/lib/thumb/v7-m/nofp\libnosys.a
END GROUP
LOAD c:/st/stm32cubeide_1.6.0/stm32cubeide/plugins/com.st.stm32cube.ide.mcu.externaltools.gnu-tools-for-stm32.9-2020-q2-update.win32_1.5.0.202011040924/tools/bin/../lib/gcc/arm-none-eabi/9.3.1/thumb/v7-m/nofp/crtend.o
LOAD c:/st/stm32cubeide_1.6.0/stm32cubeide/plugins/com.st.stm32cube.ide.mcu.externaltools.gnu-tools-for-stm32.9-2020-q2-update.win32_1.5.0.202011040924/tools/bin/../lib/gcc/arm-none-eabi/9.3.1/thumb/v7-m/nofp/crtn.o
                0x0000000020005000                _estack = (ORIGIN (RAM) + LENGTH (RAM))
                0x0000000000000200                _Min_Heap_Size = 0x200
                0x0000000000000400                _Min_Stack_Size = 0x400

.isr_vector     0x0000000008000000      0x10c
                0x0000000008000000                . = ALIGN (0x4)
 *(.isr_vector)
 .isr_vector    0x0000000008000000      0x10c Core/Startup/startup_stm32f103c8tx.o
                0x0000000008000000                g_pfnVectors
                0x000000000800010c                . = ALIGN (0x4)

.text           0x000000000800010c     0x29bc
                0x000000000800010c                . = ALIGN (0x4)
 *(.text)
 .text          0x000000000800010c       0x40 c:/st/stm32cubeide_1.6.0/stm32cubeide/plugins/com.st.stm32cube.ide.mcu.externaltools.gnu-tools-for-stm32.9-2020-q2-update.win32_1.5.0.202011040924/tools/bin/../lib/gcc/arm-none-eabi/9.3.1/thumb/v7-m/nofp/crtbegin.o
 .text          0x000000000800014c       0x10 c:/st/stm32cubeide_1.6.0/stm32cubeide/plugins/com.st.stm32cube.ide.mcu.externaltools.gnu-tools-for-stm32.9-2020-q2-update.win32_1.5.0.202011040924/tools/bin/../lib/gcc/arm-none-eabi/9.3.1/../../../../arm-none-eabi/lib/thumb/v7-m/nofp\libc_nano.a(lib_a-strlen.o)
                0x000000000800014c                strlen
 *(.text*)
 .text.bluetooth_init
                0x000000000800015c        0xe Core/Src/Bluetooth.o
                0x000000000800015c                bluetooth_init
 *fill*         0x000000000800016a        0x2 
 .text.interrupt_TIM
                0x000000000800016c       0x28 Core/Src/Bluetooth.o
                0x000000000800016c                interrupt_TIM
 .text.stringCompare
                0x0000000008000194       0x38 Core/Src/Bluetooth.o
                0x0000000008000194                stringCompare
 .text.igniter_init
                0x00000000080001cc       0x20 Core/Src/Ingniter.o
                0x00000000080001cc                igniter_init
 .text.motor_init
                0x00000000080001ec       0x48 Core/Src/L298.o
                0x00000000080001ec                motor_init
 .text.motor_stop
                0x0000000008000234       0x46 Core/Src/L298.o
                0x0000000008000234                motor_stop
 .text.motor_opening
                0x000000000800027a       0x6e Core/Src/L298.o
                0x000000000800027a                motor_opening
 .text.motor_closing
                0x00000000080002e8       0x6e Core/Src/L298.o
                0x00000000080002e8                motor_closing
 .text.motor_initial
                0x0000000008000356       0x22 Core/Src/L298.o
                0x0000000008000356                motor_initial
 .text.doCommand_noacc
                0x0000000008000378      0x1a8 Core/Src/commands.o
                0x0000000008000378                doCommand_noacc
 .text.MX_GPIO_Init
                0x0000000008000520      0x13c Core/Src/gpio.o
                0x0000000008000520                MX_GPIO_Init
 .text.resolveCommand
                0x000000000800065c       0x70 Core/Src/main.o
                0x000000000800065c                resolveCommand
 .text.SystemClock_Config
                0x00000000080006cc       0x82 Core/Src/main.o
                0x00000000080006cc                SystemClock_Config
 *fill*         0x000000000800074e        0x2 
 .text.main     0x0000000008000750      0x128 Core/Src/main.o
                0x0000000008000750                main
 .text.Error_Handler
                0x0000000008000878        0x4 Core/Src/main.o
                0x0000000008000878                Error_Handler
 .text.HAL_MspInit
                0x000000000800087c       0x44 Core/Src/stm32f1xx_hal_msp.o
                0x000000000800087c                HAL_MspInit
 .text.NMI_Handler
                0x00000000080008c0        0x2 Core/Src/stm32f1xx_it.o
                0x00000000080008c0                NMI_Handler
 *fill*         0x00000000080008c2        0x2 
 .text.HardFault_Handler
                0x00000000080008c4       0x1c Core/Src/stm32f1xx_it.o
                0x00000000080008c4                HardFault_Handler
 .text.MemManage_Handler
                0x00000000080008e0        0x2 Core/Src/stm32f1xx_it.o
                0x00000000080008e0                MemManage_Handler
 .text.BusFault_Handler
                0x00000000080008e2        0x2 Core/Src/stm32f1xx_it.o
                0x00000000080008e2                BusFault_Handler
 .text.UsageFault_Handler
                0x00000000080008e4        0x2 Core/Src/stm32f1xx_it.o
                0x00000000080008e4                UsageFault_Handler
 .text.SVC_Handler
                0x00000000080008e6        0x2 Core/Src/stm32f1xx_it.o
                0x00000000080008e6                SVC_Handler
 .text.DebugMon_Handler
                0x00000000080008e8        0x2 Core/Src/stm32f1xx_it.o
                0x00000000080008e8                DebugMon_Handler
 .text.PendSV_Handler
                0x00000000080008ea        0x2 Core/Src/stm32f1xx_it.o
                0x00000000080008ea                PendSV_Handler
 .text.SysTick_Handler
                0x00000000080008ec        0x8 Core/Src/stm32f1xx_it.o
                0x00000000080008ec                SysTick_Handler
 .text.TIM2_IRQHandler
                0x00000000080008f4       0x14 Core/Src/stm32f1xx_it.o
                0x00000000080008f4                TIM2_IRQHandler
 .text.USART3_IRQHandler
                0x0000000008000908       0x40 Core/Src/stm32f1xx_it.o
                0x0000000008000908                USART3_IRQHandler
 .text.SystemInit
                0x0000000008000948        0x2 Core/Src/system_stm32f1xx.o
                0x0000000008000948                SystemInit
 *fill*         0x000000000800094a        0x2 
 .text.MX_TIM2_Init
                0x000000000800094c       0x70 Core/Src/tim.o
                0x000000000800094c                MX_TIM2_Init
 .text.HAL_TIM_Base_MspInit
                0x00000000080009bc       0x3a Core/Src/tim.o
                0x00000000080009bc                HAL_TIM_Base_MspInit
 *fill*         0x00000000080009f6        0x2 
 .text.HAL_TIM_PWM_MspInit
                0x00000000080009f8       0x2c Core/Src/tim.o
                0x00000000080009f8                HAL_TIM_PWM_MspInit
 .text.HAL_TIM_MspPostInit
                0x0000000008000a24       0x64 Core/Src/tim.o
                0x0000000008000a24                HAL_TIM_MspPostInit
 .text.MX_TIM3_Init
                0x0000000008000a88       0xb4 Core/Src/tim.o
                0x0000000008000a88                MX_TIM3_Init
 .text.MX_USART2_UART_Init
                0x0000000008000b3c       0x34 Core/Src/usart.o
                0x0000000008000b3c                MX_USART2_UART_Init
 .text.MX_USART3_UART_Init
                0x0000000008000b70       0x34 Core/Src/usart.o
                0x0000000008000b70                MX_USART3_UART_Init
 .text.HAL_UART_MspInit
                0x0000000008000ba4       0xe8 Core/Src/usart.o
                0x0000000008000ba4                HAL_UART_MspInit
 .text.MX_USB_PCD_Init
                0x0000000008000c8c       0x30 Core/Src/usb.o
                0x0000000008000c8c                MX_USB_PCD_Init
 .text.HAL_PCD_MspInit
                0x0000000008000cbc       0x2c Core/Src/usb.o
                0x0000000008000cbc                HAL_PCD_MspInit
 .text.Reset_Handler
                0x0000000008000ce8       0x48 Core/Startup/startup_stm32f103c8tx.o
                0x0000000008000ce8                Reset_Handler
 .text.Default_Handler
                0x0000000008000d30        0x2 Core/Startup/startup_stm32f103c8tx.o
                0x0000000008000d30                RTC_Alarm_IRQHandler
                0x0000000008000d30                EXTI2_IRQHandler
                0x0000000008000d30                TIM1_CC_IRQHandler
                0x0000000008000d30                PVD_IRQHandler
                0x0000000008000d30                EXTI3_IRQHandler
                0x0000000008000d30                EXTI0_IRQHandler
                0x0000000008000d30                I2C2_EV_IRQHandler
                0x0000000008000d30                ADC1_2_IRQHandler
                0x0000000008000d30                SPI1_IRQHandler
                0x0000000008000d30                TAMPER_IRQHandler
                0x0000000008000d30                DMA1_Channel4_IRQHandler
                0x0000000008000d30                RTC_IRQHandler
                0x0000000008000d30                DMA1_Channel7_IRQHandler
                0x0000000008000d30                CAN1_RX1_IRQHandler
                0x0000000008000d30                TIM4_IRQHandler
                0x0000000008000d30                I2C1_EV_IRQHandler
                0x0000000008000d30                DMA1_Channel6_IRQHandler
                0x0000000008000d30                TIM3_IRQHandler
                0x0000000008000d30                RCC_IRQHandler
                0x0000000008000d30                TIM1_TRG_COM_IRQHandler
                0x0000000008000d30                DMA1_Channel1_IRQHandler
                0x0000000008000d30                Default_Handler
                0x0000000008000d30                EXTI15_10_IRQHandler
                0x0000000008000d30                EXTI9_5_IRQHandler
                0x0000000008000d30                SPI2_IRQHandler
                0x0000000008000d30                DMA1_Channel5_IRQHandler
                0x0000000008000d30                EXTI4_IRQHandler
                0x0000000008000d30                USB_LP_CAN1_RX0_IRQHandler
                0x0000000008000d30                USB_HP_CAN1_TX_IRQHandler
                0x0000000008000d30                DMA1_Channel3_IRQHandler
                0x0000000008000d30                TIM1_UP_IRQHandler
                0x0000000008000d30                WWDG_IRQHandler
                0x0000000008000d30                TIM1_BRK_IRQHandler
                0x0000000008000d30                EXTI1_IRQHandler
                0x0000000008000d30                USART2_IRQHandler
                0x0000000008000d30                I2C2_ER_IRQHandler
                0x0000000008000d30                DMA1_Channel2_IRQHandler
                0x0000000008000d30                CAN1_SCE_IRQHandler
                0x0000000008000d30                FLASH_IRQHandler
                0x0000000008000d30                USART1_IRQHandler
                0x0000000008000d30                I2C1_ER_IRQHandler
                0x0000000008000d30                USBWakeUp_IRQHandler
 *fill*         0x0000000008000d32        0x2 
 .text.HAL_InitTick
                0x0000000008000d34       0x4c Drivers/STM32F1xx_HAL_Driver/Src/stm32f1xx_hal.o
                0x0000000008000d34                HAL_InitTick
 .text.HAL_Init
                0x0000000008000d80       0x24 Drivers/STM32F1xx_HAL_Driver/Src/stm32f1xx_hal.o
                0x0000000008000d80                HAL_Init
 .text.HAL_IncTick
                0x0000000008000da4       0x18 Drivers/STM32F1xx_HAL_Driver/Src/stm32f1xx_hal.o
                0x0000000008000da4                HAL_IncTick
 .text.HAL_GetTick
                0x0000000008000dbc        0xc Drivers/STM32F1xx_HAL_Driver/Src/stm32f1xx_hal.o
                0x0000000008000dbc                HAL_GetTick
 .text.HAL_Delay
                0x0000000008000dc8       0x28 Drivers/STM32F1xx_HAL_Driver/Src/stm32f1xx_hal.o
                0x0000000008000dc8                HAL_Delay
 .text.HAL_NVIC_SetPriorityGrouping
                0x0000000008000df0       0x24 Drivers/STM32F1xx_HAL_Driver/Src/stm32f1xx_hal_cortex.o
                0x0000000008000df0                HAL_NVIC_SetPriorityGrouping
 .text.HAL_NVIC_SetPriority
                0x0000000008000e14       0x64 Drivers/STM32F1xx_HAL_Driver/Src/stm32f1xx_hal_cortex.o
                0x0000000008000e14                HAL_NVIC_SetPriority
 .text.HAL_NVIC_EnableIRQ
                0x0000000008000e78       0x1c Drivers/STM32F1xx_HAL_Driver/Src/stm32f1xx_hal_cortex.o
                0x0000000008000e78                HAL_NVIC_EnableIRQ
 .text.HAL_SYSTICK_Config
                0x0000000008000e94       0x2c Drivers/STM32F1xx_HAL_Driver/Src/stm32f1xx_hal_cortex.o
                0x0000000008000e94                HAL_SYSTICK_Config
 .text.HAL_DMA_Abort
                0x0000000008000ec0       0x44 Drivers/STM32F1xx_HAL_Driver/Src/stm32f1xx_hal_dma.o
                0x0000000008000ec0                HAL_DMA_Abort
 .text.HAL_DMA_Abort_IT
                0x0000000008000f04       0x94 Drivers/STM32F1xx_HAL_Driver/Src/stm32f1xx_hal_dma.o
                0x0000000008000f04                HAL_DMA_Abort_IT
 .text.HAL_GPIO_Init
                0x0000000008000f98      0x220 Drivers/STM32F1xx_HAL_Driver/Src/stm32f1xx_hal_gpio.o
                0x0000000008000f98                HAL_GPIO_Init
 .text.HAL_GPIO_ReadPin
                0x00000000080011b8        0xc Drivers/STM32F1xx_HAL_Driver/Src/stm32f1xx_hal_gpio.o
                0x00000000080011b8                HAL_GPIO_ReadPin
 .text.HAL_GPIO_WritePin
                0x00000000080011c4        0xc Drivers/STM32F1xx_HAL_Driver/Src/stm32f1xx_hal_gpio.o
                0x00000000080011c4                HAL_GPIO_WritePin
 .text.HAL_PCD_Init
                0x00000000080011d0      0x102 Drivers/STM32F1xx_HAL_Driver/Src/stm32f1xx_hal_pcd.o
                0x00000000080011d0                HAL_PCD_Init
 *fill*         0x00000000080012d2        0x2 
 .text.HAL_RCC_OscConfig
                0x00000000080012d4      0x42c Drivers/STM32F1xx_HAL_Driver/Src/stm32f1xx_hal_rcc.o
                0x00000000080012d4                HAL_RCC_OscConfig
 .text.HAL_RCC_GetSysClockFreq
                0x0000000008001700       0x6c Drivers/STM32F1xx_HAL_Driver/Src/stm32f1xx_hal_rcc.o
                0x0000000008001700                HAL_RCC_GetSysClockFreq
 .text.HAL_RCC_ClockConfig
                0x000000000800176c      0x170 Drivers/STM32F1xx_HAL_Driver/Src/stm32f1xx_hal_rcc.o
                0x000000000800176c                HAL_RCC_ClockConfig
 .text.HAL_RCC_GetPCLK1Freq
                0x00000000080018dc       0x20 Drivers/STM32F1xx_HAL_Driver/Src/stm32f1xx_hal_rcc.o
                0x00000000080018dc                HAL_RCC_GetPCLK1Freq
 .text.HAL_RCC_GetPCLK2Freq
                0x00000000080018fc       0x20 Drivers/STM32F1xx_HAL_Driver/Src/stm32f1xx_hal_rcc.o
                0x00000000080018fc                HAL_RCC_GetPCLK2Freq
 .text.HAL_RCCEx_PeriphCLKConfig
                0x000000000800191c      0x118 Drivers/STM32F1xx_HAL_Driver/Src/stm32f1xx_hal_rcc_ex.o
                0x000000000800191c                HAL_RCCEx_PeriphCLKConfig
 .text.TIM_OC1_SetConfig
                0x0000000008001a34       0x54 Drivers/STM32F1xx_HAL_Driver/Src/stm32f1xx_hal_tim.o
 .text.TIM_OC3_SetConfig
                0x0000000008001a88       0x58 Drivers/STM32F1xx_HAL_Driver/Src/stm32f1xx_hal_tim.o
 .text.TIM_OC4_SetConfig
                0x0000000008001ae0       0x48 Drivers/STM32F1xx_HAL_Driver/Src/stm32f1xx_hal_tim.o
 .text.HAL_TIM_Base_Start_IT
                0x0000000008001b28       0x68 Drivers/STM32F1xx_HAL_Driver/Src/stm32f1xx_hal_tim.o
                0x0000000008001b28                HAL_TIM_Base_Start_IT
 .text.HAL_TIM_PeriodElapsedCallback
                0x0000000008001b90        0x2 Drivers/STM32F1xx_HAL_Driver/Src/stm32f1xx_hal_tim.o
                0x0000000008001b90                HAL_TIM_PeriodElapsedCallback
 .text.HAL_TIM_OC_DelayElapsedCallback
                0x0000000008001b92        0x2 Drivers/STM32F1xx_HAL_Driver/Src/stm32f1xx_hal_tim.o
                0x0000000008001b92                HAL_TIM_OC_DelayElapsedCallback
 .text.HAL_TIM_IC_CaptureCallback
                0x0000000008001b94        0x2 Drivers/STM32F1xx_HAL_Driver/Src/stm32f1xx_hal_tim.o
                0x0000000008001b94                HAL_TIM_IC_CaptureCallback
 .text.HAL_TIM_PWM_PulseFinishedCallback
                0x0000000008001b96        0x2 Drivers/STM32F1xx_HAL_Driver/Src/stm32f1xx_hal_tim.o
                0x0000000008001b96                HAL_TIM_PWM_PulseFinishedCallback
 .text.HAL_TIM_TriggerCallback
                0x0000000008001b98        0x2 Drivers/STM32F1xx_HAL_Driver/Src/stm32f1xx_hal_tim.o
                0x0000000008001b98                HAL_TIM_TriggerCallback
 .text.HAL_TIM_IRQHandler
                0x0000000008001b9a      0x17a Drivers/STM32F1xx_HAL_Driver/Src/stm32f1xx_hal_tim.o
                0x0000000008001b9a                HAL_TIM_IRQHandler
 .text.TIM_Base_SetConfig
                0x0000000008001d14       0x9c Drivers/STM32F1xx_HAL_Driver/Src/stm32f1xx_hal_tim.o
                0x0000000008001d14                TIM_Base_SetConfig
 .text.HAL_TIM_Base_Init
                0x0000000008001db0       0x58 Drivers/STM32F1xx_HAL_Driver/Src/stm32f1xx_hal_tim.o
                0x0000000008001db0                HAL_TIM_Base_Init
 .text.HAL_TIM_PWM_Init
                0x0000000008001e08       0x58 Drivers/STM32F1xx_HAL_Driver/Src/stm32f1xx_hal_tim.o
                0x0000000008001e08                HAL_TIM_PWM_Init
 .text.TIM_OC2_SetConfig
                0x0000000008001e60       0x5c Drivers/STM32F1xx_HAL_Driver/Src/stm32f1xx_hal_tim.o
                0x0000000008001e60                TIM_OC2_SetConfig
 .text.HAL_TIM_PWM_ConfigChannel
                0x0000000008001ebc       0xd0 Drivers/STM32F1xx_HAL_Driver/Src/stm32f1xx_hal_tim.o
                0x0000000008001ebc                HAL_TIM_PWM_ConfigChannel
 .text.TIM_ETR_SetConfig
                0x0000000008001f8c       0x16 Drivers/STM32F1xx_HAL_Driver/Src/stm32f1xx_hal_tim.o
                0x0000000008001f8c                TIM_ETR_SetConfig
 .text.HAL_TIM_ConfigClockSource
                0x0000000008001fa2      0x146 Drivers/STM32F1xx_HAL_Driver/Src/stm32f1xx_hal_tim.o
                0x0000000008001fa2                HAL_TIM_ConfigClockSource
 .text.TIM_CCxChannelCmd
                0x00000000080020e8       0x1e Drivers/STM32F1xx_HAL_Driver/Src/stm32f1xx_hal_tim.o
                0x00000000080020e8                TIM_CCxChannelCmd
 *fill*         0x0000000008002106        0x2 
 .text.HAL_TIM_PWM_Start
                0x0000000008002108       0xc8 Drivers/STM32F1xx_HAL_Driver/Src/stm32f1xx_hal_tim.o
                0x0000000008002108                HAL_TIM_PWM_Start
 .text.HAL_TIMEx_MasterConfigSynchronization
                0x00000000080021d0       0x68 Drivers/STM32F1xx_HAL_Driver/Src/stm32f1xx_hal_tim_ex.o
                0x00000000080021d0                HAL_TIMEx_MasterConfigSynchronization
 .text.HAL_TIMEx_CommutCallback
                0x0000000008002238        0x2 Drivers/STM32F1xx_HAL_Driver/Src/stm32f1xx_hal_tim_ex.o
                0x0000000008002238                HAL_TIMEx_CommutCallback
 .text.HAL_TIMEx_BreakCallback
                0x000000000800223a        0x2 Drivers/STM32F1xx_HAL_Driver/Src/stm32f1xx_hal_tim_ex.o
                0x000000000800223a                HAL_TIMEx_BreakCallback
 .text.UART_EndRxTransfer
                0x000000000800223c       0x32 Drivers/STM32F1xx_HAL_Driver/Src/stm32f1xx_hal_uart.o
 *fill*         0x000000000800226e        0x2 
 .text.UART_SetConfig
                0x0000000008002270       0x88 Drivers/STM32F1xx_HAL_Driver/Src/stm32f1xx_hal_uart.o
 .text.UART_WaitOnFlagUntilTimeout
                0x00000000080022f8       0x68 Drivers/STM32F1xx_HAL_Driver/Src/stm32f1xx_hal_uart.o
 .text.HAL_UART_Init
                0x0000000008002360       0x5e Drivers/STM32F1xx_HAL_Driver/Src/stm32f1xx_hal_uart.o
                0x0000000008002360                HAL_UART_Init
 .text.HAL_UART_Transmit
                0x00000000080023be       0xe4 Drivers/STM32F1xx_HAL_Driver/Src/stm32f1xx_hal_uart.o
                0x00000000080023be                HAL_UART_Transmit
 .text.HAL_UART_Receive
                0x00000000080024a2       0xf2 Drivers/STM32F1xx_HAL_Driver/Src/stm32f1xx_hal_uart.o
                0x00000000080024a2                HAL_UART_Receive
 .text.HAL_UART_TxCpltCallback
                0x0000000008002594        0x2 Drivers/STM32F1xx_HAL_Driver/Src/stm32f1xx_hal_uart.o
                0x0000000008002594                HAL_UART_TxCpltCallback
 .text.HAL_UART_RxCpltCallback
                0x0000000008002596        0x2 Drivers/STM32F1xx_HAL_Driver/Src/stm32f1xx_hal_uart.o
                0x0000000008002596                HAL_UART_RxCpltCallback
 .text.HAL_UART_ErrorCallback
                0x0000000008002598        0x2 Drivers/STM32F1xx_HAL_Driver/Src/stm32f1xx_hal_uart.o
                0x0000000008002598                HAL_UART_ErrorCallback
 .text.UART_DMAAbortOnError
                0x000000000800259a       0x10 Drivers/STM32F1xx_HAL_Driver/Src/stm32f1xx_hal_uart.o
 .text.HAL_UARTEx_RxEventCallback
                0x00000000080025aa        0x2 Drivers/STM32F1xx_HAL_Driver/Src/stm32f1xx_hal_uart.o
                0x00000000080025aa                HAL_UARTEx_RxEventCallback
 .text.UART_Receive_IT
                0x00000000080025ac       0xce Drivers/STM32F1xx_HAL_Driver/Src/stm32f1xx_hal_uart.o
 *fill*         0x000000000800267a        0x2 
 .text.HAL_UART_IRQHandler
                0x000000000800267c      0x270 Drivers/STM32F1xx_HAL_Driver/Src/stm32f1xx_hal_uart.o
                0x000000000800267c                HAL_UART_IRQHandler
 .text.USB_CoreInit
                0x00000000080028ec        0xe Drivers/STM32F1xx_HAL_Driver/Src/stm32f1xx_ll_usb.o
                0x00000000080028ec                USB_CoreInit
 .text.USB_DisableGlobalInt
                0x00000000080028fa       0x14 Drivers/STM32F1xx_HAL_Driver/Src/stm32f1xx_ll_usb.o
                0x00000000080028fa                USB_DisableGlobalInt
 .text.USB_SetCurrentMode
                0x000000000800290e        0x4 Drivers/STM32F1xx_HAL_Driver/Src/stm32f1xx_ll_usb.o
                0x000000000800290e                USB_SetCurrentMode
 .text.USB_DevInit
                0x0000000008002912       0x26 Drivers/STM32F1xx_HAL_Driver/Src/stm32f1xx_ll_usb.o
                0x0000000008002912                USB_DevInit
 .text.USB_DevDisconnect
                0x0000000008002938        0x4 Drivers/STM32F1xx_HAL_Driver/Src/stm32f1xx_ll_usb.o
                0x0000000008002938                USB_DevDisconnect
 .text.__libc_init_array
                0x000000000800293c       0x48 c:/st/stm32cubeide_1.6.0/stm32cubeide/plugins/com.st.stm32cube.ide.mcu.externaltools.gnu-tools-for-stm32.9-2020-q2-update.win32_1.5.0.202011040924/tools/bin/../lib/gcc/arm-none-eabi/9.3.1/../../../../arm-none-eabi/lib/thumb/v7-m/nofp\libc_nano.a(lib_a-init.o)
                0x000000000800293c                __libc_init_array
 .text.malloc   0x0000000008002984       0x10 c:/st/stm32cubeide_1.6.0/stm32cubeide/plugins/com.st.stm32cube.ide.mcu.externaltools.gnu-tools-for-stm32.9-2020-q2-update.win32_1.5.0.202011040924/tools/bin/../lib/gcc/arm-none-eabi/9.3.1/../../../../arm-none-eabi/lib/thumb/v7-m/nofp\libc_nano.a(lib_a-malloc.o)
                0x0000000008002984                malloc
 .text.memset   0x0000000008002994       0x10 c:/st/stm32cubeide_1.6.0/stm32cubeide/plugins/com.st.stm32cube.ide.mcu.externaltools.gnu-tools-for-stm32.9-2020-q2-update.win32_1.5.0.202011040924/tools/bin/../lib/gcc/arm-none-eabi/9.3.1/../../../../arm-none-eabi/lib/thumb/v7-m/nofp\libc_nano.a(lib_a-memset.o)
                0x0000000008002994                memset
 .text._malloc_r
                0x00000000080029a4       0xb4 c:/st/stm32cubeide_1.6.0/stm32cubeide/plugins/com.st.stm32cube.ide.mcu.externaltools.gnu-tools-for-stm32.9-2020-q2-update.win32_1.5.0.202011040924/tools/bin/../lib/gcc/arm-none-eabi/9.3.1/../../../../arm-none-eabi/lib/thumb/v7-m/nofp\libc_nano.a(lib_a-nano-mallocr.o)
                0x00000000080029a4                _malloc_r
 .text._sbrk_r  0x0000000008002a58       0x20 c:/st/stm32cubeide_1.6.0/stm32cubeide/plugins/com.st.stm32cube.ide.mcu.externaltools.gnu-tools-for-stm32.9-2020-q2-update.win32_1.5.0.202011040924/tools/bin/../lib/gcc/arm-none-eabi/9.3.1/../../../../arm-none-eabi/lib/thumb/v7-m/nofp\libc_nano.a(lib_a-sbrkr.o)
                0x0000000008002a58                _sbrk_r
 .text.__malloc_lock
                0x0000000008002a78        0xc c:/st/stm32cubeide_1.6.0/stm32cubeide/plugins/com.st.stm32cube.ide.mcu.externaltools.gnu-tools-for-stm32.9-2020-q2-update.win32_1.5.0.202011040924/tools/bin/../lib/gcc/arm-none-eabi/9.3.1/../../../../arm-none-eabi/lib/thumb/v7-m/nofp\libc_nano.a(lib_a-mlock.o)
                0x0000000008002a78                __malloc_lock
 .text.__malloc_unlock
                0x0000000008002a84        0xc c:/st/stm32cubeide_1.6.0/stm32cubeide/plugins/com.st.stm32cube.ide.mcu.externaltools.gnu-tools-for-stm32.9-2020-q2-update.win32_1.5.0.202011040924/tools/bin/../lib/gcc/arm-none-eabi/9.3.1/../../../../arm-none-eabi/lib/thumb/v7-m/nofp\libc_nano.a(lib_a-mlock.o)
                0x0000000008002a84                __malloc_unlock
 .text.__retarget_lock_acquire_recursive
                0x0000000008002a90        0x2 c:/st/stm32cubeide_1.6.0/stm32cubeide/plugins/com.st.stm32cube.ide.mcu.externaltools.gnu-tools-for-stm32.9-2020-q2-update.win32_1.5.0.202011040924/tools/bin/../lib/gcc/arm-none-eabi/9.3.1/../../../../arm-none-eabi/lib/thumb/v7-m/nofp\libc_nano.a(lib_a-lock.o)
                0x0000000008002a90                __retarget_lock_acquire_recursive
 .text.__retarget_lock_release_recursive
                0x0000000008002a92        0x2 c:/st/stm32cubeide_1.6.0/stm32cubeide/plugins/com.st.stm32cube.ide.mcu.externaltools.gnu-tools-for-stm32.9-2020-q2-update.win32_1.5.0.202011040924/tools/bin/../lib/gcc/arm-none-eabi/9.3.1/../../../../arm-none-eabi/lib/thumb/v7-m/nofp\libc_nano.a(lib_a-lock.o)
                0x0000000008002a92                __retarget_lock_release_recursive
 .text._sbrk    0x0000000008002a94       0x1c c:/st/stm32cubeide_1.6.0/stm32cubeide/plugins/com.st.stm32cube.ide.mcu.externaltools.gnu-tools-for-stm32.9-2020-q2-update.win32_1.5.0.202011040924/tools/bin/../lib/gcc/arm-none-eabi/9.3.1/../../../../arm-none-eabi/lib/thumb/v7-m/nofp\libnosys.a(sbrk.o)
                0x0000000008002a94                _sbrk
 *(.glue_7)
 .glue_7        0x0000000008002ab0        0x0 linker stubs
 *(.glue_7t)
 .glue_7t       0x0000000008002ab0        0x0 linker stubs
 *(.eh_frame)
 .eh_frame      0x0000000008002ab0        0x0 c:/st/stm32cubeide_1.6.0/stm32cubeide/plugins/com.st.stm32cube.ide.mcu.externaltools.gnu-tools-for-stm32.9-2020-q2-update.win32_1.5.0.202011040924/tools/bin/../lib/gcc/arm-none-eabi/9.3.1/thumb/v7-m/nofp/crtbegin.o
 *(.init)
 .init          0x0000000008002ab0        0x4 c:/st/stm32cubeide_1.6.0/stm32cubeide/plugins/com.st.stm32cube.ide.mcu.externaltools.gnu-tools-for-stm32.9-2020-q2-update.win32_1.5.0.202011040924/tools/bin/../lib/gcc/arm-none-eabi/9.3.1/thumb/v7-m/nofp/crti.o
                0x0000000008002ab0                _init
 .init          0x0000000008002ab4        0x8 c:/st/stm32cubeide_1.6.0/stm32cubeide/plugins/com.st.stm32cube.ide.mcu.externaltools.gnu-tools-for-stm32.9-2020-q2-update.win32_1.5.0.202011040924/tools/bin/../lib/gcc/arm-none-eabi/9.3.1/thumb/v7-m/nofp/crtn.o
 *(.fini)
 .fini          0x0000000008002abc        0x4 c:/st/stm32cubeide_1.6.0/stm32cubeide/plugins/com.st.stm32cube.ide.mcu.externaltools.gnu-tools-for-stm32.9-2020-q2-update.win32_1.5.0.202011040924/tools/bin/../lib/gcc/arm-none-eabi/9.3.1/thumb/v7-m/nofp/crti.o
                0x0000000008002abc                _fini
 .fini          0x0000000008002ac0        0x8 c:/st/stm32cubeide_1.6.0/stm32cubeide/plugins/com.st.stm32cube.ide.mcu.externaltools.gnu-tools-for-stm32.9-2020-q2-update.win32_1.5.0.202011040924/tools/bin/../lib/gcc/arm-none-eabi/9.3.1/thumb/v7-m/nofp/crtn.o
                0x0000000008002ac8                . = ALIGN (0x4)
                0x0000000008002ac8                _etext = .

.vfp11_veneer   0x0000000008002ac8        0x0
 .vfp11_veneer  0x0000000008002ac8        0x0 linker stubs

.v4_bx          0x0000000008002ac8        0x0
 .v4_bx         0x0000000008002ac8        0x0 linker stubs

.iplt           0x0000000008002ac8        0x0
 .iplt          0x0000000008002ac8        0x0 c:/st/stm32cubeide_1.6.0/stm32cubeide/plugins/com.st.stm32cube.ide.mcu.externaltools.gnu-tools-for-stm32.9-2020-q2-update.win32_1.5.0.202011040924/tools/bin/../lib/gcc/arm-none-eabi/9.3.1/thumb/v7-m/nofp/crtbegin.o

.rodata         0x0000000008002ac8       0xec
                0x0000000008002ac8                . = ALIGN (0x4)
 *(.rodata)
 *(.rodata*)
 .rodata.doCommand.str1.4
                0x0000000008002ac8       0x9f Core/Src/commands.o
 *fill*         0x0000000008002b67        0x1 
 .rodata.resolveCommand.str1.4
                0x0000000008002b68        0xf Core/Src/main.o
 *fill*         0x0000000008002b77        0x1 
 .rodata.main.str1.4
                0x0000000008002b78        0x6 Core/Src/main.o
 *fill*         0x0000000008002b7e        0x2 
 .rodata.HardFault_Handler.str1.4
                0x0000000008002b80        0x5 Core/Src/stm32f1xx_it.o
 *fill*         0x0000000008002b85        0x3 
 .rodata.AHBPrescTable
                0x0000000008002b88       0x10 Core/Src/system_stm32f1xx.o
                0x0000000008002b88                AHBPrescTable
 .rodata.APBPrescTable
                0x0000000008002b98        0x8 Core/Src/system_stm32f1xx.o
                0x0000000008002b98                APBPrescTable
 .rodata.HAL_RCC_GetSysClockFreq.str1.4
                0x0000000008002ba0       0x11 Drivers/STM32F1xx_HAL_Driver/Src/stm32f1xx_hal_rcc.o
                0x0000000008002bb4                . = ALIGN (0x4)
 *fill*         0x0000000008002bb1        0x3 

.rel.dyn        0x0000000008002bb4        0x0
 .rel.iplt      0x0000000008002bb4        0x0 c:/st/stm32cubeide_1.6.0/stm32cubeide/plugins/com.st.stm32cube.ide.mcu.externaltools.gnu-tools-for-stm32.9-2020-q2-update.win32_1.5.0.202011040924/tools/bin/../lib/gcc/arm-none-eabi/9.3.1/thumb/v7-m/nofp/crtbegin.o

.ARM.extab      0x0000000008002bb4        0x0
                0x0000000008002bb4                . = ALIGN (0x4)
 *(.ARM.extab* .gnu.linkonce.armextab.*)
                0x0000000008002bb4                . = ALIGN (0x4)

.ARM            0x0000000008002bb4        0x0
                0x0000000008002bb4                . = ALIGN (0x4)
                0x0000000008002bb4                __exidx_start = .
 *(.ARM.exidx*)
                0x0000000008002bb4                __exidx_end = .
                0x0000000008002bb4                . = ALIGN (0x4)

.preinit_array  0x0000000008002bb4        0x0
                0x0000000008002bb4                . = ALIGN (0x4)
                0x0000000008002bb4                PROVIDE (__preinit_array_start = .)
 *(.preinit_array*)
                0x0000000008002bb4                PROVIDE (__preinit_array_end = .)
                0x0000000008002bb4                . = ALIGN (0x4)

.init_array     0x0000000008002bb4        0x4
                0x0000000008002bb4                . = ALIGN (0x4)
                0x0000000008002bb4                PROVIDE (__init_array_start = .)
 *(SORT_BY_NAME(.init_array.*))
 *(.init_array*)
 .init_array    0x0000000008002bb4        0x4 c:/st/stm32cubeide_1.6.0/stm32cubeide/plugins/com.st.stm32cube.ide.mcu.externaltools.gnu-tools-for-stm32.9-2020-q2-update.win32_1.5.0.202011040924/tools/bin/../lib/gcc/arm-none-eabi/9.3.1/thumb/v7-m/nofp/crtbegin.o
                0x0000000008002bb8                PROVIDE (__init_array_end = .)
                0x0000000008002bb8                . = ALIGN (0x4)

.fini_array     0x0000000008002bb8        0x4
                0x0000000008002bb8                . = ALIGN (0x4)
                [!provide]                        PROVIDE (__fini_array_start = .)
 *(SORT_BY_NAME(.fini_array.*))
 *(.fini_array*)
 .fini_array    0x0000000008002bb8        0x4 c:/st/stm32cubeide_1.6.0/stm32cubeide/plugins/com.st.stm32cube.ide.mcu.externaltools.gnu-tools-for-stm32.9-2020-q2-update.win32_1.5.0.202011040924/tools/bin/../lib/gcc/arm-none-eabi/9.3.1/thumb/v7-m/nofp/crtbegin.o
                [!provide]                        PROVIDE (__fini_array_end = .)
                0x0000000008002bbc                . = ALIGN (0x4)
                0x0000000008002bbc                _sidata = LOADADDR (.data)

.data           0x0000000020000000       0x70 load address 0x0000000008002bbc
                0x0000000020000000                . = ALIGN (0x4)
                0x0000000020000000                _sdata = .
 *(.data)
 *(.data*)
 .data.SystemCoreClock
                0x0000000020000000        0x4 Core/Src/system_stm32f1xx.o
                0x0000000020000000                SystemCoreClock
 .data.uwTickFreq
                0x0000000020000004        0x1 Drivers/STM32F1xx_HAL_Driver/Src/stm32f1xx_hal.o
                0x0000000020000004                uwTickFreq
 *fill*         0x0000000020000005        0x3 
 .data.uwTickPrio
                0x0000000020000008        0x4 Drivers/STM32F1xx_HAL_Driver/Src/stm32f1xx_hal.o
                0x0000000020000008                uwTickPrio
 .data._impure_ptr
                0x000000002000000c        0x4 c:/st/stm32cubeide_1.6.0/stm32cubeide/plugins/com.st.stm32cube.ide.mcu.externaltools.gnu-tools-for-stm32.9-2020-q2-update.win32_1.5.0.202011040924/tools/bin/../lib/gcc/arm-none-eabi/9.3.1/../../../../arm-none-eabi/lib/thumb/v7-m/nofp\libc_nano.a(lib_a-impure.o)
                0x000000002000000c                _impure_ptr
 .data.impure_data
                0x0000000020000010       0x60 c:/st/stm32cubeide_1.6.0/stm32cubeide/plugins/com.st.stm32cube.ide.mcu.externaltools.gnu-tools-for-stm32.9-2020-q2-update.win32_1.5.0.202011040924/tools/bin/../lib/gcc/arm-none-eabi/9.3.1/../../../../arm-none-eabi/lib/thumb/v7-m/nofp\libc_nano.a(lib_a-impure.o)
 *(.RamFunc)
 *(.RamFunc*)
                0x0000000020000070                . = ALIGN (0x4)
                0x0000000020000070                _edata = .

.igot.plt       0x0000000020000070        0x0 load address 0x0000000008002c2c
 .igot.plt      0x0000000020000070        0x0 c:/st/stm32cubeide_1.6.0/stm32cubeide/plugins/com.st.stm32cube.ide.mcu.externaltools.gnu-tools-for-stm32.9-2020-q2-update.win32_1.5.0.202011040924/tools/bin/../lib/gcc/arm-none-eabi/9.3.1/thumb/v7-m/nofp/crtbegin.o
                0x0000000020000070                . = ALIGN (0x4)

.bss            0x0000000020000070      0x48c load address 0x0000000008002c2c
                0x0000000020000070                _sbss = .
                0x0000000020000070                __bss_start__ = _sbss
 *(.bss)
 .bss           0x0000000020000070       0x1c c:/st/stm32cubeide_1.6.0/stm32cubeide/plugins/com.st.stm32cube.ide.mcu.externaltools.gnu-tools-for-stm32.9-2020-q2-update.win32_1.5.0.202011040924/tools/bin/../lib/gcc/arm-none-eabi/9.3.1/thumb/v7-m/nofp/crtbegin.o
 *(.bss*)
 .bss.buffindex
                0x000000002000008c        0x1 Core/Src/Bluetooth.o
                0x000000002000008c                buffindex
 .bss.timcnt    0x000000002000008d        0x1 Core/Src/Bluetooth.o
                0x000000002000008d                timcnt
 *fill*         0x000000002000008e        0x2 
 .bss.__malloc_free_list
                0x0000000020000090        0x4 c:/st/stm32cubeide_1.6.0/stm32cubeide/plugins/com.st.stm32cube.ide.mcu.externaltools.gnu-tools-for-stm32.9-2020-q2-update.win32_1.5.0.202011040924/tools/bin/../lib/gcc/arm-none-eabi/9.3.1/../../../../arm-none-eabi/lib/thumb/v7-m/nofp\libc_nano.a(lib_a-nano-mallocr.o)
                0x0000000020000090                __malloc_free_list
 .bss.__malloc_sbrk_start
                0x0000000020000094        0x4 c:/st/stm32cubeide_1.6.0/stm32cubeide/plugins/com.st.stm32cube.ide.mcu.externaltools.gnu-tools-for-stm32.9-2020-q2-update.win32_1.5.0.202011040924/tools/bin/../lib/gcc/arm-none-eabi/9.3.1/../../../../arm-none-eabi/lib/thumb/v7-m/nofp\libc_nano.a(lib_a-nano-mallocr.o)
                0x0000000020000094                __malloc_sbrk_start
 .bss.heap_end.4144
                0x0000000020000098        0x4 c:/st/stm32cubeide_1.6.0/stm32cubeide/plugins/com.st.stm32cube.ide.mcu.externaltools.gnu-tools-for-stm32.9-2020-q2-update.win32_1.5.0.202011040924/tools/bin/../lib/gcc/arm-none-eabi/9.3.1/../../../../arm-none-eabi/lib/thumb/v7-m/nofp\libnosys.a(sbrk.o)
 *(COMMON)
 COMMON         0x000000002000009c       0x32 Core/Src/Bluetooth.o
                0x000000002000009c                buff
 *fill*         0x00000000200000ce        0x2 
 COMMON         0x00000000200000d0       0x14 Core/Src/main.o
                0x00000000200000d0                bluetooth
                0x00000000200000d4                Ignit
                0x00000000200000d8                Fill
                0x00000000200000dc                Quickrel
                0x00000000200000e0                Depr
 COMMON         0x00000000200000e4       0x90 Core/Src/tim.o
                0x00000000200000e4                htim3
                0x000000002000012c                htim2
 COMMON         0x0000000020000174       0x88 Core/Src/usart.o
                0x0000000020000174                huart3
                0x00000000200001b8                huart2
 COMMON         0x00000000200001fc      0x2ec Core/Src/usb.o
                0x00000000200001fc                hpcd_USB_FS
 COMMON         0x00000000200004e8        0x4 Drivers/STM32F1xx_HAL_Driver/Src/stm32f1xx_hal.o
                0x00000000200004e8                uwTick
 COMMON         0x00000000200004ec        0x4 c:/st/stm32cubeide_1.6.0/stm32cubeide/plugins/com.st.stm32cube.ide.mcu.externaltools.gnu-tools-for-stm32.9-2020-q2-update.win32_1.5.0.202011040924/tools/bin/../lib/gcc/arm-none-eabi/9.3.1/../../../../arm-none-eabi/lib/thumb/v7-m/nofp\libc_nano.a(lib_a-reent.o)
                0x00000000200004ec                errno
 COMMON         0x00000000200004f0        0x9 c:/st/stm32cubeide_1.6.0/stm32cubeide/plugins/com.st.stm32cube.ide.mcu.externaltools.gnu-tools-for-stm32.9-2020-q2-update.win32_1.5.0.202011040924/tools/bin/../lib/gcc/arm-none-eabi/9.3.1/../../../../arm-none-eabi/lib/thumb/v7-m/nofp\libc_nano.a(lib_a-lock.o)
                0x00000000200004f0                __lock___atexit_recursive_mutex
                0x00000000200004f1                __lock___arc4random_mutex
                0x00000000200004f2                __lock___env_recursive_mutex
                0x00000000200004f3                __lock___sinit_recursive_mutex
                0x00000000200004f4                __lock___malloc_recursive_mutex
                0x00000000200004f5                __lock___at_quick_exit_mutex
                0x00000000200004f6                __lock___dd_hash_mutex
                0x00000000200004f7                __lock___tz_mutex
                0x00000000200004f8                __lock___sfp_recursive_mutex
                0x00000000200004fc                . = ALIGN (0x4)
 *fill*         0x00000000200004f9        0x3 
                0x00000000200004fc                _ebss = .
                0x00000000200004fc                __bss_end__ = _ebss

._user_heap_stack
                0x00000000200004fc      0x604 load address 0x0000000008002c2c
                0x0000000020000500                . = ALIGN (0x8)
 *fill*         0x00000000200004fc        0x4 
                0x0000000020000500                PROVIDE (end = .)
                [!provide]                        PROVIDE (_end = .)
                0x0000000020000700                . = (. + _Min_Heap_Size)
 *fill*         0x0000000020000500      0x200 
                0x0000000020000b00                . = (. + _Min_Stack_Size)
 *fill*         0x0000000020000700      0x400 
                0x0000000020000b00                . = ALIGN (0x8)

/DISCARD/
 libc.a(*)
 libm.a(*)
 libgcc.a(*)

.ARM.attributes
                0x0000000000000000       0x29
 *(.ARM.attributes)
 .ARM.attributes
                0x0000000000000000       0x1d c:/st/stm32cubeide_1.6.0/stm32cubeide/plugins/com.st.stm32cube.ide.mcu.externaltools.gnu-tools-for-stm32.9-2020-q2-update.win32_1.5.0.202011040924/tools/bin/../lib/gcc/arm-none-eabi/9.3.1/thumb/v7-m/nofp/crti.o
 .ARM.attributes
                0x000000000000001d       0x2d c:/st/stm32cubeide_1.6.0/stm32cubeide/plugins/com.st.stm32cube.ide.mcu.externaltools.gnu-tools-for-stm32.9-2020-q2-update.win32_1.5.0.202011040924/tools/bin/../lib/gcc/arm-none-eabi/9.3.1/thumb/v7-m/nofp/crtbegin.o
 .ARM.attributes
                0x000000000000004a       0x2d Core/Src/Bluetooth.o
 .ARM.attributes
                0x0000000000000077       0x2d Core/Src/Ingniter.o
 .ARM.attributes
                0x00000000000000a4       0x2d Core/Src/L298.o
 .ARM.attributes
                0x00000000000000d1       0x2d Core/Src/commands.o
 .ARM.attributes
                0x00000000000000fe       0x2d Core/Src/gpio.o
 .ARM.attributes
                0x000000000000012b       0x2d Core/Src/main.o
 .ARM.attributes
                0x0000000000000158       0x2d Core/Src/stm32f1xx_hal_msp.o
 .ARM.attributes
                0x0000000000000185       0x2d Core/Src/stm32f1xx_it.o
 .ARM.attributes
                0x00000000000001b2       0x2d Core/Src/system_stm32f1xx.o
 .ARM.attributes
                0x00000000000001df       0x2d Core/Src/tim.o
 .ARM.attributes
                0x000000000000020c       0x2d Core/Src/usart.o
 .ARM.attributes
                0x0000000000000239       0x2d Core/Src/usb.o
 .ARM.attributes
                0x0000000000000266       0x21 Core/Startup/startup_stm32f103c8tx.o
 .ARM.attributes
                0x0000000000000287       0x2d Drivers/STM32F1xx_HAL_Driver/Src/stm32f1xx_hal.o
 .ARM.attributes
                0x00000000000002b4       0x2d Drivers/STM32F1xx_HAL_Driver/Src/stm32f1xx_hal_cortex.o
 .ARM.attributes
                0x00000000000002e1       0x2d Drivers/STM32F1xx_HAL_Driver/Src/stm32f1xx_hal_dma.o
 .ARM.attributes
                0x000000000000030e       0x2d Drivers/STM32F1xx_HAL_Driver/Src/stm32f1xx_hal_gpio.o
 .ARM.attributes
                0x000000000000033b       0x2d Drivers/STM32F1xx_HAL_Driver/Src/stm32f1xx_hal_pcd.o
 .ARM.attributes
                0x0000000000000368       0x2d Drivers/STM32F1xx_HAL_Driver/Src/stm32f1xx_hal_rcc.o
 .ARM.attributes
                0x0000000000000395       0x2d Drivers/STM32F1xx_HAL_Driver/Src/stm32f1xx_hal_rcc_ex.o
 .ARM.attributes
                0x00000000000003c2       0x2d Drivers/STM32F1xx_HAL_Driver/Src/stm32f1xx_hal_tim.o
 .ARM.attributes
                0x00000000000003ef       0x2d Drivers/STM32F1xx_HAL_Driver/Src/stm32f1xx_hal_tim_ex.o
 .ARM.attributes
                0x000000000000041c       0x2d Drivers/STM32F1xx_HAL_Driver/Src/stm32f1xx_hal_uart.o
 .ARM.attributes
                0x0000000000000449       0x2d Drivers/STM32F1xx_HAL_Driver/Src/stm32f1xx_ll_usb.o
 .ARM.attributes
                0x0000000000000476       0x2d c:/st/stm32cubeide_1.6.0/stm32cubeide/plugins/com.st.stm32cube.ide.mcu.externaltools.gnu-tools-for-stm32.9-2020-q2-update.win32_1.5.0.202011040924/tools/bin/../lib/gcc/arm-none-eabi/9.3.1/../../../../arm-none-eabi/lib/thumb/v7-m/nofp\libc_nano.a(lib_a-impure.o)
 .ARM.attributes
                0x00000000000004a3       0x2d c:/st/stm32cubeide_1.6.0/stm32cubeide/plugins/com.st.stm32cube.ide.mcu.externaltools.gnu-tools-for-stm32.9-2020-q2-update.win32_1.5.0.202011040924/tools/bin/../lib/gcc/arm-none-eabi/9.3.1/../../../../arm-none-eabi/lib/thumb/v7-m/nofp\libc_nano.a(lib_a-init.o)
 .ARM.attributes
                0x00000000000004d0       0x2d c:/st/stm32cubeide_1.6.0/stm32cubeide/plugins/com.st.stm32cube.ide.mcu.externaltools.gnu-tools-for-stm32.9-2020-q2-update.win32_1.5.0.202011040924/tools/bin/../lib/gcc/arm-none-eabi/9.3.1/../../../../arm-none-eabi/lib/thumb/v7-m/nofp\libc_nano.a(lib_a-malloc.o)
 .ARM.attributes
                0x00000000000004fd       0x2d c:/st/stm32cubeide_1.6.0/stm32cubeide/plugins/com.st.stm32cube.ide.mcu.externaltools.gnu-tools-for-stm32.9-2020-q2-update.win32_1.5.0.202011040924/tools/bin/../lib/gcc/arm-none-eabi/9.3.1/../../../../arm-none-eabi/lib/thumb/v7-m/nofp\libc_nano.a(lib_a-memset.o)
 .ARM.attributes
                0x000000000000052a       0x2d c:/st/stm32cubeide_1.6.0/stm32cubeide/plugins/com.st.stm32cube.ide.mcu.externaltools.gnu-tools-for-stm32.9-2020-q2-update.win32_1.5.0.202011040924/tools/bin/../lib/gcc/arm-none-eabi/9.3.1/../../../../arm-none-eabi/lib/thumb/v7-m/nofp\libc_nano.a(lib_a-nano-mallocr.o)
 .ARM.attributes
                0x0000000000000557       0x2d c:/st/stm32cubeide_1.6.0/stm32cubeide/plugins/com.st.stm32cube.ide.mcu.externaltools.gnu-tools-for-stm32.9-2020-q2-update.win32_1.5.0.202011040924/tools/bin/../lib/gcc/arm-none-eabi/9.3.1/../../../../arm-none-eabi/lib/thumb/v7-m/nofp\libc_nano.a(lib_a-sbrkr.o)
 .ARM.attributes
                0x0000000000000584       0x17 c:/st/stm32cubeide_1.6.0/stm32cubeide/plugins/com.st.stm32cube.ide.mcu.externaltools.gnu-tools-for-stm32.9-2020-q2-update.win32_1.5.0.202011040924/tools/bin/../lib/gcc/arm-none-eabi/9.3.1/../../../../arm-none-eabi/lib/thumb/v7-m/nofp\libc_nano.a(lib_a-strlen.o)
 .ARM.attributes
                0x000000000000059b       0x2d c:/st/stm32cubeide_1.6.0/stm32cubeide/plugins/com.st.stm32cube.ide.mcu.externaltools.gnu-tools-for-stm32.9-2020-q2-update.win32_1.5.0.202011040924/tools/bin/../lib/gcc/arm-none-eabi/9.3.1/../../../../arm-none-eabi/lib/thumb/v7-m/nofp\libc_nano.a(lib_a-mlock.o)
 .ARM.attributes
                0x00000000000005c8       0x2d c:/st/stm32cubeide_1.6.0/stm32cubeide/plugins/com.st.stm32cube.ide.mcu.externaltools.gnu-tools-for-stm32.9-2020-q2-update.win32_1.5.0.202011040924/tools/bin/../lib/gcc/arm-none-eabi/9.3.1/../../../../arm-none-eabi/lib/thumb/v7-m/nofp\libc_nano.a(lib_a-reent.o)
 .ARM.attributes
                0x00000000000005f5       0x2d c:/st/stm32cubeide_1.6.0/stm32cubeide/plugins/com.st.stm32cube.ide.mcu.externaltools.gnu-tools-for-stm32.9-2020-q2-update.win32_1.5.0.202011040924/tools/bin/../lib/gcc/arm-none-eabi/9.3.1/../../../../arm-none-eabi/lib/thumb/v7-m/nofp\libc_nano.a(lib_a-lock.o)
 .ARM.attributes
                0x0000000000000622       0x2d c:/st/stm32cubeide_1.6.0/stm32cubeide/plugins/com.st.stm32cube.ide.mcu.externaltools.gnu-tools-for-stm32.9-2020-q2-update.win32_1.5.0.202011040924/tools/bin/../lib/gcc/arm-none-eabi/9.3.1/../../../../arm-none-eabi/lib/thumb/v7-m/nofp\libnosys.a(sbrk.o)
 .ARM.attributes
                0x000000000000064f       0x1d c:/st/stm32cubeide_1.6.0/stm32cubeide/plugins/com.st.stm32cube.ide.mcu.externaltools.gnu-tools-for-stm32.9-2020-q2-update.win32_1.5.0.202011040924/tools/bin/../lib/gcc/arm-none-eabi/9.3.1/thumb/v7-m/nofp/crtn.o
OUTPUT(tanwa.elf elf32-littlearm)
LOAD linker stubs
LOAD c:/st/stm32cubeide_1.6.0/stm32cubeide/plugins/com.st.stm32cube.ide.mcu.externaltools.gnu-tools-for-stm32.9-2020-q2-update.win32_1.5.0.202011040924/tools/bin/../lib/gcc/arm-none-eabi/9.3.1/../../../../arm-none-eabi/lib/thumb/v7-m/nofp\libc.a
LOAD c:/st/stm32cubeide_1.6.0/stm32cubeide/plugins/com.st.stm32cube.ide.mcu.externaltools.gnu-tools-for-stm32.9-2020-q2-update.win32_1.5.0.202011040924/tools/bin/../lib/gcc/arm-none-eabi/9.3.1/../../../../arm-none-eabi/lib/thumb/v7-m/nofp\libm.a
LOAD c:/st/stm32cubeide_1.6.0/stm32cubeide/plugins/com.st.stm32cube.ide.mcu.externaltools.gnu-tools-for-stm32.9-2020-q2-update.win32_1.5.0.202011040924/tools/bin/../lib/gcc/arm-none-eabi/9.3.1/thumb/v7-m/nofp\libgcc.a

.debug_info     0x0000000000000000    0x19de6
 .debug_info    0x0000000000000000     0x142c Core/Src/Bluetooth.o
 .debug_info    0x000000000000142c      0xcc9 Core/Src/Ingniter.o
 .debug_info    0x00000000000020f5     0x13ef Core/Src/L298.o
 .debug_info    0x00000000000034e4     0x1c93 Core/Src/commands.o
 .debug_info    0x0000000000005177      0x4fb Core/Src/gpio.o
 .debug_info    0x0000000000005672     0x1ffa Core/Src/main.o
 .debug_info    0x000000000000766c      0x301 Core/Src/stm32f1xx_hal_msp.o
 .debug_info    0x000000000000796d     0x1418 Core/Src/stm32f1xx_it.o
 .debug_info    0x0000000000008d85      0x2cd Core/Src/system_stm32f1xx.o
 .debug_info    0x0000000000009052      0xf4f Core/Src/tim.o
 .debug_info    0x0000000000009fa1      0xb90 Core/Src/usart.o
 .debug_info    0x000000000000ab31      0x80b Core/Src/usb.o
 .debug_info    0x000000000000b33c       0x22 Core/Startup/startup_stm32f103c8tx.o
 .debug_info    0x000000000000b35e      0x835 Drivers/STM32F1xx_HAL_Driver/Src/stm32f1xx_hal.o
 .debug_info    0x000000000000bb93      0xe46 Drivers/STM32F1xx_HAL_Driver/Src/stm32f1xx_hal_cortex.o
 .debug_info    0x000000000000c9d9      0x981 Drivers/STM32F1xx_HAL_Driver/Src/stm32f1xx_hal_dma.o
 .debug_info    0x000000000000d35a      0x761 Drivers/STM32F1xx_HAL_Driver/Src/stm32f1xx_hal_gpio.o
 .debug_info    0x000000000000dabb     0x1e31 Drivers/STM32F1xx_HAL_Driver/Src/stm32f1xx_hal_pcd.o
 .debug_info    0x000000000000f8ec      0xae1 Drivers/STM32F1xx_HAL_Driver/Src/stm32f1xx_hal_rcc.o
 .debug_info    0x00000000000103cd      0x501 Drivers/STM32F1xx_HAL_Driver/Src/stm32f1xx_hal_rcc_ex.o
 .debug_info    0x00000000000108ce     0x3f48 Drivers/STM32F1xx_HAL_Driver/Src/stm32f1xx_hal_tim.o
 .debug_info    0x0000000000014816     0x1ae5 Drivers/STM32F1xx_HAL_Driver/Src/stm32f1xx_hal_tim_ex.o
 .debug_info    0x00000000000162fb     0x1d84 Drivers/STM32F1xx_HAL_Driver/Src/stm32f1xx_hal_uart.o
 .debug_info    0x000000000001807f     0x1d67 Drivers/STM32F1xx_HAL_Driver/Src/stm32f1xx_ll_usb.o

.debug_abbrev   0x0000000000000000     0x36fb
 .debug_abbrev  0x0000000000000000      0x2df Core/Src/Bluetooth.o
 .debug_abbrev  0x00000000000002df      0x24e Core/Src/Ingniter.o
 .debug_abbrev  0x000000000000052d      0x288 Core/Src/L298.o
 .debug_abbrev  0x00000000000007b5      0x28a Core/Src/commands.o
 .debug_abbrev  0x0000000000000a3f      0x17e Core/Src/gpio.o
 .debug_abbrev  0x0000000000000bbd      0x30e Core/Src/main.o
 .debug_abbrev  0x0000000000000ecb      0x131 Core/Src/stm32f1xx_hal_msp.o
 .debug_abbrev  0x0000000000000ffc      0x282 Core/Src/stm32f1xx_it.o
 .debug_abbrev  0x000000000000127e      0x154 Core/Src/system_stm32f1xx.o
 .debug_abbrev  0x00000000000013d2      0x23a Core/Src/tim.o
 .debug_abbrev  0x000000000000160c      0x1f9 Core/Src/usart.o
 .debug_abbrev  0x0000000000001805      0x1df Core/Src/usb.o
 .debug_abbrev  0x00000000000019e4       0x12 Core/Startup/startup_stm32f103c8tx.o
 .debug_abbrev  0x00000000000019f6      0x21c Drivers/STM32F1xx_HAL_Driver/Src/stm32f1xx_hal.o
 .debug_abbrev  0x0000000000001c12      0x351 Drivers/STM32F1xx_HAL_Driver/Src/stm32f1xx_hal_cortex.o
 .debug_abbrev  0x0000000000001f63      0x282 Drivers/STM32F1xx_HAL_Driver/Src/stm32f1xx_hal_dma.o
 .debug_abbrev  0x00000000000021e5      0x214 Drivers/STM32F1xx_HAL_Driver/Src/stm32f1xx_hal_gpio.o
 .debug_abbrev  0x00000000000023f9      0x360 Drivers/STM32F1xx_HAL_Driver/Src/stm32f1xx_hal_pcd.o
 .debug_abbrev  0x0000000000002759      0x2e6 Drivers/STM32F1xx_HAL_Driver/Src/stm32f1xx_hal_rcc.o
 .debug_abbrev  0x0000000000002a3f      0x1fb Drivers/STM32F1xx_HAL_Driver/Src/stm32f1xx_hal_rcc_ex.o
 .debug_abbrev  0x0000000000002c3a      0x2ec Drivers/STM32F1xx_HAL_Driver/Src/stm32f1xx_hal_tim.o
 .debug_abbrev  0x0000000000002f26      0x271 Drivers/STM32F1xx_HAL_Driver/Src/stm32f1xx_hal_tim_ex.o
 .debug_abbrev  0x0000000000003197      0x315 Drivers/STM32F1xx_HAL_Driver/Src/stm32f1xx_hal_uart.o
 .debug_abbrev  0x00000000000034ac      0x24f Drivers/STM32F1xx_HAL_Driver/Src/stm32f1xx_ll_usb.o

.debug_loc      0x0000000000000000     0xedee
 .debug_loc     0x0000000000000000      0x1a8 Core/Src/Bluetooth.o
 .debug_loc     0x00000000000001a8       0xea Core/Src/Ingniter.o
 .debug_loc     0x0000000000000292      0x152 Core/Src/L298.o
 .debug_loc     0x00000000000003e4      0x271 Core/Src/commands.o
 .debug_loc     0x0000000000000655       0x15 Core/Src/stm32f1xx_hal_msp.o
 .debug_loc     0x000000000000066a      0x103 Core/Src/system_stm32f1xx.o
 .debug_loc     0x000000000000076d       0xde Core/Src/tim.o
 .debug_loc     0x000000000000084b       0xbe Core/Src/usart.o
 .debug_loc     0x0000000000000909      0x141 Drivers/STM32F1xx_HAL_Driver/Src/stm32f1xx_hal.o
 .debug_loc     0x0000000000000a4a      0x60b Drivers/STM32F1xx_HAL_Driver/Src/stm32f1xx_hal_cortex.o
 .debug_loc     0x0000000000001055      0x9c2 Drivers/STM32F1xx_HAL_Driver/Src/stm32f1xx_hal_dma.o
 .debug_loc     0x0000000000001a17      0x3e2 Drivers/STM32F1xx_HAL_Driver/Src/stm32f1xx_hal_gpio.o
 .debug_loc     0x0000000000001df9     0x16ef Drivers/STM32F1xx_HAL_Driver/Src/stm32f1xx_hal_pcd.o
 .debug_loc     0x00000000000034e8      0x636 Drivers/STM32F1xx_HAL_Driver/Src/stm32f1xx_hal_rcc.o
 .debug_loc     0x0000000000003b1e      0x393 Drivers/STM32F1xx_HAL_Driver/Src/stm32f1xx_hal_rcc_ex.o
 .debug_loc     0x0000000000003eb1     0x4f82 Drivers/STM32F1xx_HAL_Driver/Src/stm32f1xx_hal_tim.o
 .debug_loc     0x0000000000008e33     0x1b67 Drivers/STM32F1xx_HAL_Driver/Src/stm32f1xx_hal_tim_ex.o
 .debug_loc     0x000000000000a99a     0x213f Drivers/STM32F1xx_HAL_Driver/Src/stm32f1xx_hal_uart.o
 .debug_loc     0x000000000000cad9     0x2315 Drivers/STM32F1xx_HAL_Driver/Src/stm32f1xx_ll_usb.o

.debug_aranges  0x0000000000000000      0xec0
 .debug_aranges
                0x0000000000000000       0x38 Core/Src/Bluetooth.o
 .debug_aranges
                0x0000000000000038       0x38 Core/Src/Ingniter.o
 .debug_aranges
                0x0000000000000070       0x40 Core/Src/L298.o
 .debug_aranges
                0x00000000000000b0       0x28 Core/Src/commands.o
 .debug_aranges
                0x00000000000000d8       0x20 Core/Src/gpio.o
 .debug_aranges
                0x00000000000000f8       0x38 Core/Src/main.o
 .debug_aranges
                0x0000000000000130       0x20 Core/Src/stm32f1xx_hal_msp.o
 .debug_aranges
                0x0000000000000150       0x70 Core/Src/stm32f1xx_it.o
 .debug_aranges
                0x00000000000001c0       0x28 Core/Src/system_stm32f1xx.o
 .debug_aranges
                0x00000000000001e8       0x50 Core/Src/tim.o
 .debug_aranges
                0x0000000000000238       0x38 Core/Src/usart.o
 .debug_aranges
                0x0000000000000270       0x30 Core/Src/usb.o
 .debug_aranges
                0x00000000000002a0       0x28 Core/Startup/startup_stm32f103c8tx.o
 .debug_aranges
                0x00000000000002c8       0xe0 Drivers/STM32F1xx_HAL_Driver/Src/stm32f1xx_hal.o
 .debug_aranges
                0x00000000000003a8       0x90 Drivers/STM32F1xx_HAL_Driver/Src/stm32f1xx_hal_cortex.o
 .debug_aranges
                0x0000000000000438       0x78 Drivers/STM32F1xx_HAL_Driver/Src/stm32f1xx_hal_dma.o
 .debug_aranges
                0x00000000000004b0       0x58 Drivers/STM32F1xx_HAL_Driver/Src/stm32f1xx_hal_gpio.o
 .debug_aranges
                0x0000000000000508      0x120 Drivers/STM32F1xx_HAL_Driver/Src/stm32f1xx_hal_pcd.o
 .debug_aranges
                0x0000000000000628       0x88 Drivers/STM32F1xx_HAL_Driver/Src/stm32f1xx_hal_rcc.o
 .debug_aranges
                0x00000000000006b0       0x30 Drivers/STM32F1xx_HAL_Driver/Src/stm32f1xx_hal_rcc_ex.o
 .debug_aranges
                0x00000000000006e0      0x3a0 Drivers/STM32F1xx_HAL_Driver/Src/stm32f1xx_hal_tim.o
 .debug_aranges
                0x0000000000000a80      0x168 Drivers/STM32F1xx_HAL_Driver/Src/stm32f1xx_hal_tim_ex.o
 .debug_aranges
                0x0000000000000be8      0x1e8 Drivers/STM32F1xx_HAL_Driver/Src/stm32f1xx_hal_uart.o
 .debug_aranges
                0x0000000000000dd0       0xf0 Drivers/STM32F1xx_HAL_Driver/Src/stm32f1xx_ll_usb.o

.debug_ranges   0x0000000000000000     0x1330
 .debug_ranges  0x0000000000000000       0x40 Core/Src/Bluetooth.o
 .debug_ranges  0x0000000000000040       0x28 Core/Src/Ingniter.o
 .debug_ranges  0x0000000000000068       0x30 Core/Src/L298.o
 .debug_ranges  0x0000000000000098       0x18 Core/Src/commands.o
 .debug_ranges  0x00000000000000b0       0x10 Core/Src/gpio.o
 .debug_ranges  0x00000000000000c0       0x70 Core/Src/main.o
 .debug_ranges  0x0000000000000130       0x10 Core/Src/stm32f1xx_hal_msp.o
 .debug_ranges  0x0000000000000140       0x60 Core/Src/stm32f1xx_it.o
 .debug_ranges  0x00000000000001a0       0x18 Core/Src/system_stm32f1xx.o
 .debug_ranges  0x00000000000001b8       0x40 Core/Src/tim.o
 .debug_ranges  0x00000000000001f8       0x28 Core/Src/usart.o
 .debug_ranges  0x0000000000000220       0x20 Core/Src/usb.o
 .debug_ranges  0x0000000000000240       0x20 Core/Startup/startup_stm32f103c8tx.o
 .debug_ranges  0x0000000000000260       0xd0 Drivers/STM32F1xx_HAL_Driver/Src/stm32f1xx_hal.o
 .debug_ranges  0x0000000000000330       0xb0 Drivers/STM32F1xx_HAL_Driver/Src/stm32f1xx_hal_cortex.o
 .debug_ranges  0x00000000000003e0       0x98 Drivers/STM32F1xx_HAL_Driver/Src/stm32f1xx_hal_dma.o
 .debug_ranges  0x0000000000000478       0x60 Drivers/STM32F1xx_HAL_Driver/Src/stm32f1xx_hal_gpio.o
 .debug_ranges  0x00000000000004d8      0x2c0 Drivers/STM32F1xx_HAL_Driver/Src/stm32f1xx_hal_pcd.o
 .debug_ranges  0x0000000000000798       0x98 Drivers/STM32F1xx_HAL_Driver/Src/stm32f1xx_hal_rcc.o
 .debug_ranges  0x0000000000000830       0x38 Drivers/STM32F1xx_HAL_Driver/Src/stm32f1xx_hal_rcc_ex.o
 .debug_ranges  0x0000000000000868      0x3c0 Drivers/STM32F1xx_HAL_Driver/Src/stm32f1xx_hal_tim.o
 .debug_ranges  0x0000000000000c28      0x158 Drivers/STM32F1xx_HAL_Driver/Src/stm32f1xx_hal_tim_ex.o
 .debug_ranges  0x0000000000000d80      0x1f0 Drivers/STM32F1xx_HAL_Driver/Src/stm32f1xx_hal_uart.o
 .debug_ranges  0x0000000000000f70      0x3c0 Drivers/STM32F1xx_HAL_Driver/Src/stm32f1xx_ll_usb.o

.debug_macro    0x0000000000000000    0x19438
 .debug_macro   0x0000000000000000      0x313 Core/Src/Bluetooth.o
 .debug_macro   0x0000000000000313      0xa9c Core/Src/Bluetooth.o
 .debug_macro   0x0000000000000daf       0x22 Core/Src/Bluetooth.o
 .debug_macro   0x0000000000000dd1      0x221 Core/Src/Bluetooth.o
 .debug_macro   0x0000000000000ff2       0x2e Core/Src/Bluetooth.o
 .debug_macro   0x0000000000001020       0x22 Core/Src/Bluetooth.o
 .debug_macro   0x0000000000001042       0x22 Core/Src/Bluetooth.o
 .debug_macro   0x0000000000001064       0x8e Core/Src/Bluetooth.o
 .debug_macro   0x00000000000010f2       0x51 Core/Src/Bluetooth.o
 .debug_macro   0x0000000000001143      0x103 Core/Src/Bluetooth.o
 .debug_macro   0x0000000000001246       0x6a Core/Src/Bluetooth.o
 .debug_macro   0x00000000000012b0      0x1df Core/Src/Bluetooth.o
 .debug_macro   0x000000000000148f       0x1c Core/Src/Bluetooth.o
 .debug_macro   0x00000000000014ab       0x22 Core/Src/Bluetooth.o
 .debug_macro   0x00000000000014cd       0xc3 Core/Src/Bluetooth.o
 .debug_macro   0x0000000000001590      0xd23 Core/Src/Bluetooth.o
 .debug_macro   0x00000000000022b3     0xe09e Core/Src/Bluetooth.o
 .debug_macro   0x0000000000010351       0x6d Core/Src/Bluetooth.o
 .debug_macro   0x00000000000103be     0x3468 Core/Src/Bluetooth.o
 .debug_macro   0x0000000000013826      0x174 Core/Src/Bluetooth.o
 .debug_macro   0x000000000001399a       0x5c Core/Src/Bluetooth.o
 .debug_macro   0x00000000000139f6      0x5be Core/Src/Bluetooth.o
 .debug_macro   0x0000000000013fb4      0x289 Core/Src/Bluetooth.o
 .debug_macro   0x000000000001423d      0x1cb Core/Src/Bluetooth.o
 .debug_macro   0x0000000000014408      0x114 Core/Src/Bluetooth.o
 .debug_macro   0x000000000001451c      0x1b2 Core/Src/Bluetooth.o
 .debug_macro   0x00000000000146ce       0x27 Core/Src/Bluetooth.o
 .debug_macro   0x00000000000146f5      0x136 Core/Src/Bluetooth.o
 .debug_macro   0x000000000001482b      0x1bc Core/Src/Bluetooth.o
 .debug_macro   0x00000000000149e7       0x34 Core/Src/Bluetooth.o
 .debug_macro   0x0000000000014a1b       0x3c Core/Src/Bluetooth.o
 .debug_macro   0x0000000000014a57       0x57 Core/Src/Bluetooth.o
 .debug_macro   0x0000000000014aae       0x88 Core/Src/Bluetooth.o
 .debug_macro   0x0000000000014b36      0x241 Core/Src/Bluetooth.o
 .debug_macro   0x0000000000014d77      0x141 Core/Src/Bluetooth.o
 .debug_macro   0x0000000000014eb8      0x8d1 Core/Src/Bluetooth.o
 .debug_macro   0x0000000000015789      0x279 Core/Src/Bluetooth.o
 .debug_macro   0x0000000000015a02       0x65 Core/Src/Bluetooth.o
 .debug_macro   0x0000000000015a67      0x249 Core/Src/Bluetooth.o
 .debug_macro   0x0000000000015cb0       0x83 Core/Src/Bluetooth.o
 .debug_macro   0x0000000000015d33      0x10c Core/Src/Bluetooth.o
 .debug_macro   0x0000000000015e3f       0x52 Core/Src/Bluetooth.o
 .debug_macro   0x0000000000015e91       0x18 Core/Src/Bluetooth.o
 .debug_macro   0x0000000000015ea9       0x3c Core/Src/Bluetooth.o
 .debug_macro   0x0000000000015ee5       0x34 Core/Src/Bluetooth.o
 .debug_macro   0x0000000000015f19       0x16 Core/Src/Bluetooth.o
 .debug_macro   0x0000000000015f2f       0x43 Core/Src/Bluetooth.o
 .debug_macro   0x0000000000015f72       0x34 Core/Src/Bluetooth.o
 .debug_macro   0x0000000000015fa6       0x10 Core/Src/Bluetooth.o
 .debug_macro   0x0000000000015fb6       0x58 Core/Src/Bluetooth.o
 .debug_macro   0x000000000001600e       0x71 Core/Src/Bluetooth.o
 .debug_macro   0x000000000001607f       0x1c Core/Src/Bluetooth.o
 .debug_macro   0x000000000001609b      0x12a Core/Src/Bluetooth.o
 .debug_macro   0x00000000000161c5      0x333 Core/Src/Bluetooth.o
 .debug_macro   0x00000000000164f8       0x10 Core/Src/Bluetooth.o
 .debug_macro   0x0000000000016508       0x35 Core/Src/Bluetooth.o
 .debug_macro   0x000000000001653d       0x20 Core/Src/Bluetooth.o
 .debug_macro   0x000000000001655d       0x16 Core/Src/Bluetooth.o
 .debug_macro   0x0000000000016573       0x16 Core/Src/Bluetooth.o
 .debug_macro   0x0000000000016589       0x29 Core/Src/Bluetooth.o
 .debug_macro   0x00000000000165b2      0x2bf Core/Src/Ingniter.o
 .debug_macro   0x0000000000016871      0x2c9 Core/Src/L298.o
 .debug_macro   0x0000000000016b3a      0x327 Core/Src/commands.o
 .debug_macro   0x0000000000016e61      0x1e0 Core/Src/gpio.o
 .debug_macro   0x0000000000017041      0x347 Core/Src/main.o
 .debug_macro   0x0000000000017388       0x16 Core/Src/main.o
 .debug_macro   0x000000000001739e      0x1d6 Core/Src/stm32f1xx_hal_msp.o
 .debug_macro   0x0000000000017574      0x321 Core/Src/stm32f1xx_it.o
 .debug_macro   0x0000000000017895      0x1c7 Core/Src/system_stm32f1xx.o
 .debug_macro   0x0000000000017a5c      0x1e0 Core/Src/tim.o
 .debug_macro   0x0000000000017c3c      0x1e0 Core/Src/usart.o
 .debug_macro   0x0000000000017e1c      0x1e0 Core/Src/usb.o
 .debug_macro   0x0000000000017ffc      0x1eb Drivers/STM32F1xx_HAL_Driver/Src/stm32f1xx_hal.o
 .debug_macro   0x00000000000181e7      0x1c7 Drivers/STM32F1xx_HAL_Driver/Src/stm32f1xx_hal_cortex.o
 .debug_macro   0x00000000000183ae      0x1c7 Drivers/STM32F1xx_HAL_Driver/Src/stm32f1xx_hal_dma.o
 .debug_macro   0x0000000000018575      0x232 Drivers/STM32F1xx_HAL_Driver/Src/stm32f1xx_hal_gpio.o
 .debug_macro   0x00000000000187a7      0x1d3 Drivers/STM32F1xx_HAL_Driver/Src/stm32f1xx_hal_pcd.o
 .debug_macro   0x000000000001897a      0x1d9 Drivers/STM32F1xx_HAL_Driver/Src/stm32f1xx_hal_rcc.o
 .debug_macro   0x0000000000018b53      0x1c7 Drivers/STM32F1xx_HAL_Driver/Src/stm32f1xx_hal_rcc_ex.o
 .debug_macro   0x0000000000018d1a      0x1c8 Drivers/STM32F1xx_HAL_Driver/Src/stm32f1xx_hal_tim.o
 .debug_macro   0x0000000000018ee2      0x1c7 Drivers/STM32F1xx_HAL_Driver/Src/stm32f1xx_hal_tim_ex.o
 .debug_macro   0x00000000000190a9      0x1c8 Drivers/STM32F1xx_HAL_Driver/Src/stm32f1xx_hal_uart.o
 .debug_macro   0x0000000000019271      0x1c7 Drivers/STM32F1xx_HAL_Driver/Src/stm32f1xx_ll_usb.o

.debug_line     0x0000000000000000    0x17df8
 .debug_line    0x0000000000000000      0x969 Core/Src/Bluetooth.o
 .debug_line    0x0000000000000969      0x8b2 Core/Src/Ingniter.o
 .debug_line    0x000000000000121b      0x9db Core/Src/L298.o
 .debug_line    0x0000000000001bf6      0xa73 Core/Src/commands.o
 .debug_line    0x0000000000002669      0x7c2 Core/Src/gpio.o
 .debug_line    0x0000000000002e2b      0xa9b Core/Src/main.o
 .debug_line    0x00000000000038c6      0x6d5 Core/Src/stm32f1xx_hal_msp.o
 .debug_line    0x0000000000003f9b      0x9dc Core/Src/stm32f1xx_it.o
 .debug_line    0x0000000000004977      0x76f Core/Src/system_stm32f1xx.o
 .debug_line    0x00000000000050e6      0x918 Core/Src/tim.o
 .debug_line    0x00000000000059fe      0x887 Core/Src/usart.o
 .debug_line    0x0000000000006285      0x74e Core/Src/usb.o
 .debug_line    0x00000000000069d3       0x84 Core/Startup/startup_stm32f103c8tx.o
 .debug_line    0x0000000000006a57      0x9dd Drivers/STM32F1xx_HAL_Driver/Src/stm32f1xx_hal.o
 .debug_line    0x0000000000007434      0xb45 Drivers/STM32F1xx_HAL_Driver/Src/stm32f1xx_hal_cortex.o
 .debug_line    0x0000000000007f79      0xf6d Drivers/STM32F1xx_HAL_Driver/Src/stm32f1xx_hal_dma.o
 .debug_line    0x0000000000008ee6      0xae7 Drivers/STM32F1xx_HAL_Driver/Src/stm32f1xx_hal_gpio.o
 .debug_line    0x00000000000099cd     0x185d Drivers/STM32F1xx_HAL_Driver/Src/stm32f1xx_hal_pcd.o
 .debug_line    0x000000000000b22a     0x10a9 Drivers/STM32F1xx_HAL_Driver/Src/stm32f1xx_hal_rcc.o
 .debug_line    0x000000000000c2d3      0x96b Drivers/STM32F1xx_HAL_Driver/Src/stm32f1xx_hal_rcc_ex.o
 .debug_line    0x000000000000cc3e     0x4c27 Drivers/STM32F1xx_HAL_Driver/Src/stm32f1xx_hal_tim.o
 .debug_line    0x0000000000011865     0x20a6 Drivers/STM32F1xx_HAL_Driver/Src/stm32f1xx_hal_tim_ex.o
 .debug_line    0x000000000001390b     0x24ae Drivers/STM32F1xx_HAL_Driver/Src/stm32f1xx_hal_uart.o
 .debug_line    0x0000000000015db9     0x203f Drivers/STM32F1xx_HAL_Driver/Src/stm32f1xx_ll_usb.o

.debug_str      0x0000000000000000    0x8d316
 .debug_str     0x0000000000000000    0x89778 Core/Src/Bluetooth.o
                                      0x89c33 (size before relaxing)
 .debug_str     0x0000000000089778       0xf4 Core/Src/Ingniter.o
                                      0x89572 (size before relaxing)
 .debug_str     0x000000000008986c      0x11d Core/Src/L298.o
                                      0x89afb (size before relaxing)
 .debug_str     0x0000000000089989       0x84 Core/Src/commands.o
                                      0x89d44 (size before relaxing)
 .debug_str     0x0000000000089a0d       0xa0 Core/Src/gpio.o
                                      0x8624b (size before relaxing)
 .debug_str     0x0000000000089aad      0x5fb Core/Src/main.o
                                      0x8a39d (size before relaxing)
 .debug_str     0x000000000008a0a8       0x50 Core/Src/stm32f1xx_hal_msp.o
                                      0x861e1 (size before relaxing)
 .debug_str     0x000000000008a0f8      0x112 Core/Src/stm32f1xx_it.o
                                      0x89cda (size before relaxing)
 .debug_str     0x000000000008a20a       0x52 Core/Src/system_stm32f1xx.o
                                      0x85d64 (size before relaxing)
 .debug_str     0x000000000008a25c      0x4c2 Core/Src/tim.o
                                      0x86c72 (size before relaxing)
 .debug_str     0x000000000008a71e       0x61 Core/Src/usart.o
                                      0x86981 (size before relaxing)
 .debug_str     0x000000000008a77f       0x4b Core/Src/usb.o
                                      0x8659b (size before relaxing)
 .debug_str     0x000000000008a7ca       0x36 Core/Startup/startup_stm32f103c8tx.o
                                         0x6f (size before relaxing)
 .debug_str     0x000000000008a800      0x315 Drivers/STM32F1xx_HAL_Driver/Src/stm32f1xx_hal.o
                                      0x8643a (size before relaxing)
 .debug_str     0x000000000008ab15      0x26c Drivers/STM32F1xx_HAL_Driver/Src/stm32f1xx_hal_cortex.o
                                      0x863fd (size before relaxing)
 .debug_str     0x000000000008ad81      0x235 Drivers/STM32F1xx_HAL_Driver/Src/stm32f1xx_hal_dma.o
                                      0x8614b (size before relaxing)
 .debug_str     0x000000000008afb6      0x2de Drivers/STM32F1xx_HAL_Driver/Src/stm32f1xx_hal_gpio.o
                                      0x86128 (size before relaxing)
 .debug_str     0x000000000008b294      0x54f Drivers/STM32F1xx_HAL_Driver/Src/stm32f1xx_hal_pcd.o
                                      0x86658 (size before relaxing)
 .debug_str     0x000000000008b7e3      0x229 Drivers/STM32F1xx_HAL_Driver/Src/stm32f1xx_hal_rcc.o
                                      0x86188 (size before relaxing)
 .debug_str     0x000000000008ba0c       0x9f Drivers/STM32F1xx_HAL_Driver/Src/stm32f1xx_hal_rcc_ex.o
                                      0x85f0f (size before relaxing)
 .debug_str     0x000000000008baab      0xce1 Drivers/STM32F1xx_HAL_Driver/Src/stm32f1xx_hal_tim.o
                                      0x87186 (size before relaxing)
 .debug_str     0x000000000008c78c      0x4b0 Drivers/STM32F1xx_HAL_Driver/Src/stm32f1xx_hal_tim_ex.o
                                      0x86987 (size before relaxing)
 .debug_str     0x000000000008cc3c      0x5a8 Drivers/STM32F1xx_HAL_Driver/Src/stm32f1xx_hal_uart.o
                                      0x867ca (size before relaxing)
 .debug_str     0x000000000008d1e4      0x132 Drivers/STM32F1xx_HAL_Driver/Src/stm32f1xx_ll_usb.o
                                      0x86237 (size before relaxing)

.comment        0x0000000000000000       0x53
 .comment       0x0000000000000000       0x53 Core/Src/Bluetooth.o
                                         0x54 (size before relaxing)
 .comment       0x0000000000000053       0x54 Core/Src/Ingniter.o
 .comment       0x0000000000000053       0x54 Core/Src/L298.o
 .comment       0x0000000000000053       0x54 Core/Src/commands.o
 .comment       0x0000000000000053       0x54 Core/Src/gpio.o
 .comment       0x0000000000000053       0x54 Core/Src/main.o
 .comment       0x0000000000000053       0x54 Core/Src/stm32f1xx_hal_msp.o
 .comment       0x0000000000000053       0x54 Core/Src/stm32f1xx_it.o
 .comment       0x0000000000000053       0x54 Core/Src/system_stm32f1xx.o
 .comment       0x0000000000000053       0x54 Core/Src/tim.o
 .comment       0x0000000000000053       0x54 Core/Src/usart.o
 .comment       0x0000000000000053       0x54 Core/Src/usb.o
 .comment       0x0000000000000053       0x54 Drivers/STM32F1xx_HAL_Driver/Src/stm32f1xx_hal.o
 .comment       0x0000000000000053       0x54 Drivers/STM32F1xx_HAL_Driver/Src/stm32f1xx_hal_cortex.o
 .comment       0x0000000000000053       0x54 Drivers/STM32F1xx_HAL_Driver/Src/stm32f1xx_hal_dma.o
 .comment       0x0000000000000053       0x54 Drivers/STM32F1xx_HAL_Driver/Src/stm32f1xx_hal_gpio.o
 .comment       0x0000000000000053       0x54 Drivers/STM32F1xx_HAL_Driver/Src/stm32f1xx_hal_pcd.o
 .comment       0x0000000000000053       0x54 Drivers/STM32F1xx_HAL_Driver/Src/stm32f1xx_hal_rcc.o
 .comment       0x0000000000000053       0x54 Drivers/STM32F1xx_HAL_Driver/Src/stm32f1xx_hal_rcc_ex.o
 .comment       0x0000000000000053       0x54 Drivers/STM32F1xx_HAL_Driver/Src/stm32f1xx_hal_tim.o
 .comment       0x0000000000000053       0x54 Drivers/STM32F1xx_HAL_Driver/Src/stm32f1xx_hal_tim_ex.o
 .comment       0x0000000000000053       0x54 Drivers/STM32F1xx_HAL_Driver/Src/stm32f1xx_hal_uart.o
 .comment       0x0000000000000053       0x54 Drivers/STM32F1xx_HAL_Driver/Src/stm32f1xx_ll_usb.o

.debug_frame    0x0000000000000000     0x2834
 .debug_frame   0x0000000000000000       0x8c Core/Src/Bluetooth.o
 .debug_frame   0x000000000000008c       0x78 Core/Src/Ingniter.o
 .debug_frame   0x0000000000000104       0x98 Core/Src/L298.o
 .debug_frame   0x000000000000019c       0x48 Core/Src/commands.o
 .debug_frame   0x00000000000001e4       0x3c Core/Src/gpio.o
 .debug_frame   0x0000000000000220       0x78 Core/Src/main.o
 .debug_frame   0x0000000000000298       0x28 Core/Src/stm32f1xx_hal_msp.o
 .debug_frame   0x00000000000002c0       0xe4 Core/Src/stm32f1xx_it.o
 .debug_frame   0x00000000000003a4       0x30 Core/Src/system_stm32f1xx.o
 .debug_frame   0x00000000000003d4       0xcc Core/Src/tim.o
 .debug_frame   0x00000000000004a0       0x7c Core/Src/usart.o
 .debug_frame   0x000000000000051c       0x50 Core/Src/usb.o
 .debug_frame   0x000000000000056c      0x1cc Drivers/STM32F1xx_HAL_Driver/Src/stm32f1xx_hal.o
 .debug_frame   0x0000000000000738      0x12c Drivers/STM32F1xx_HAL_Driver/Src/stm32f1xx_hal_cortex.o
 .debug_frame   0x0000000000000864      0x144 Drivers/STM32F1xx_HAL_Driver/Src/stm32f1xx_hal_dma.o
 .debug_frame   0x00000000000009a8       0xe4 Drivers/STM32F1xx_HAL_Driver/Src/stm32f1xx_hal_gpio.o
 .debug_frame   0x0000000000000a8c      0x308 Drivers/STM32F1xx_HAL_Driver/Src/stm32f1xx_hal_pcd.o
 .debug_frame   0x0000000000000d94      0x17c Drivers/STM32F1xx_HAL_Driver/Src/stm32f1xx_hal_rcc.o
 .debug_frame   0x0000000000000f10       0x68 Drivers/STM32F1xx_HAL_Driver/Src/stm32f1xx_hal_rcc_ex.o
 .debug_frame   0x0000000000000f78      0xab0 Drivers/STM32F1xx_HAL_Driver/Src/stm32f1xx_hal_tim.o
 .debug_frame   0x0000000000001a28      0x418 Drivers/STM32F1xx_HAL_Driver/Src/stm32f1xx_hal_tim_ex.o
 .debug_frame   0x0000000000001e40      0x594 Drivers/STM32F1xx_HAL_Driver/Src/stm32f1xx_hal_uart.o
 .debug_frame   0x00000000000023d4      0x22c Drivers/STM32F1xx_HAL_Driver/Src/stm32f1xx_ll_usb.o
 .debug_frame   0x0000000000002600       0x2c c:/st/stm32cubeide_1.6.0/stm32cubeide/plugins/com.st.stm32cube.ide.mcu.externaltools.gnu-tools-for-stm32.9-2020-q2-update.win32_1.5.0.202011040924/tools/bin/../lib/gcc/arm-none-eabi/9.3.1/../../../../arm-none-eabi/lib/thumb/v7-m/nofp\libc_nano.a(lib_a-init.o)
 .debug_frame   0x000000000000262c       0x30 c:/st/stm32cubeide_1.6.0/stm32cubeide/plugins/com.st.stm32cube.ide.mcu.externaltools.gnu-tools-for-stm32.9-2020-q2-update.win32_1.5.0.202011040924/tools/bin/../lib/gcc/arm-none-eabi/9.3.1/../../../../arm-none-eabi/lib/thumb/v7-m/nofp\libc_nano.a(lib_a-malloc.o)
 .debug_frame   0x000000000000265c       0x20 c:/st/stm32cubeide_1.6.0/stm32cubeide/plugins/com.st.stm32cube.ide.mcu.externaltools.gnu-tools-for-stm32.9-2020-q2-update.win32_1.5.0.202011040924/tools/bin/../lib/gcc/arm-none-eabi/9.3.1/../../../../arm-none-eabi/lib/thumb/v7-m/nofp\libc_nano.a(lib_a-memset.o)
 .debug_frame   0x000000000000267c       0x30 c:/st/stm32cubeide_1.6.0/stm32cubeide/plugins/com.st.stm32cube.ide.mcu.externaltools.gnu-tools-for-stm32.9-2020-q2-update.win32_1.5.0.202011040924/tools/bin/../lib/gcc/arm-none-eabi/9.3.1/../../../../arm-none-eabi/lib/thumb/v7-m/nofp\libc_nano.a(lib_a-nano-mallocr.o)
 .debug_frame   0x00000000000026ac       0x2c c:/st/stm32cubeide_1.6.0/stm32cubeide/plugins/com.st.stm32cube.ide.mcu.externaltools.gnu-tools-for-stm32.9-2020-q2-update.win32_1.5.0.202011040924/tools/bin/../lib/gcc/arm-none-eabi/9.3.1/../../../../arm-none-eabi/lib/thumb/v7-m/nofp\libc_nano.a(lib_a-sbrkr.o)
 .debug_frame   0x00000000000026d8       0x30 c:/st/stm32cubeide_1.6.0/stm32cubeide/plugins/com.st.stm32cube.ide.mcu.externaltools.gnu-tools-for-stm32.9-2020-q2-update.win32_1.5.0.202011040924/tools/bin/../lib/gcc/arm-none-eabi/9.3.1/../../../../arm-none-eabi/lib/thumb/v7-m/nofp\libc_nano.a(lib_a-mlock.o)
 .debug_frame   0x0000000000002708       0x5c c:/st/stm32cubeide_1.6.0/stm32cubeide/plugins/com.st.stm32cube.ide.mcu.externaltools.gnu-tools-for-stm32.9-2020-q2-update.win32_1.5.0.202011040924/tools/bin/../lib/gcc/arm-none-eabi/9.3.1/../../../../arm-none-eabi/lib/thumb/v7-m/nofp\libc_nano.a(lib_a-reent.o)
 .debug_frame   0x0000000000002764       0xb0 c:/st/stm32cubeide_1.6.0/stm32cubeide/plugins/com.st.stm32cube.ide.mcu.externaltools.gnu-tools-for-stm32.9-2020-q2-update.win32_1.5.0.202011040924/tools/bin/../lib/gcc/arm-none-eabi/9.3.1/../../../../arm-none-eabi/lib/thumb/v7-m/nofp\libc_nano.a(lib_a-lock.o)
 .debug_frame   0x0000000000002814       0x20 c:/st/stm32cubeide_1.6.0/stm32cubeide/plugins/com.st.stm32cube.ide.mcu.externaltools.gnu-tools-for-stm32.9-2020-q2-update.win32_1.5.0.202011040924/tools/bin/../lib/gcc/arm-none-eabi/9.3.1/../../../../arm-none-eabi/lib/thumb/v7-m/nofp\libnosys.a(sbrk.o)
