stm32f1xx_it.c:72:6:NMI_Handler	0	static
stm32f1xx_it.c:87:6:HardFault_Handler	8	static
stm32f1xx_it.c:104:6:MemManage_Handler	0	static
stm32f1xx_it.c:119:6:BusFault_Handler	0	static
stm32f1xx_it.c:134:6:UsageFault_Handler	0	static
stm32f1xx_it.c:149:6:SVC_Handler	0	static
stm32f1xx_it.c:162:6:DebugMon_Handler	0	static
stm32f1xx_it.c:175:6:PendSV_Handler	0	static
stm32f1xx_it.c:188:6:SysTick_Handler	8	static
stm32f1xx_it.c:209:6:TIM2_IRQHandler	8	static
stm32f1xx_it.c:223:6:USART3_IRQHandler	8	static
